<?xml version="1.0" encoding="utf-8"?><testsuites name="pytest tests"><testsuite name="pytest" errors="0" failures="0" skipped="0" tests="2636" time="117.400" timestamp="2026-09-28T03:29:03.153891+00:00" hostname="vm"><testcase classname="test_01_auth.TestLoginPage" name="test_login_page_accessible" time="1.671" /><testcase classname="test_01_auth.TestLoginPage" name="test_login_page_contains_form" time="0.001" /><testcase classname="test_01_auth.TestLoginPage" name="test_login_invalid_email" time="0.005" /><testcase classname="test_01_auth.TestLoginPage" name="test_login_wrong_password" time="0.099" /><testcase classname="test_01_auth.TestLoginPage" name="test_login_correct_credentials" time="0.249" /><testcase classname="test_01_auth.TestLoginPage" name="test_logout_redirects" time="0.006" /><testcase classname="test_01_auth.TestAuthCurrentUser" name="test_current_user_endpoint_exists" time="0.006" /><testcase classname="test_01_auth.TestAuthCurrentUser" name="test_current_user_info_no_session_returns_403" time="0.001" /><testcase classname="test_01_auth.TestAuthCurrentUser" name="test_current_user_info_unknown_email_in_session_returns_404" time="0.002" /><testcase classname="test_01_auth.TestAuthCurrentUser" name="test_healthz_always_available" time="0.001" /><testcase classname="test_01_auth.TestLoginEdgeCases" name="test_login_rehash_failure_does_not_block_login" time="0.687" /><testcase classname="test_01_auth.TestLoginEdgeCases" name="test_login_with_falsy_lang_updates_session_and_persists" time="0.316" /><testcase classname="test_02_activities.TestActivitiesView" name="test_view_redirects_or_shows_page" time="0.162" /><testcase classname="test_02_activities.TestActivitiesView" name="test_view_accessible_authenticated" time="0.017" /><testcase classname="test_02_activities.TestActivitiesView" name="test_view_contains_activity_keyword" time="0.017" /><testcase classname="test_02_activities.TestActivitiesView" name="test_view_returns_html" time="0.015" /><testcase classname="test_02_activities.TestActivitiesDetails" name="test_get_activity_details" time="0.023" /><testcase classname="test_02_activities.TestActivitiesDetails" name="test_get_activity_details_not_found" time="0.003" /><testcase classname="test_02_activities.TestActivitiesDetails" name="test_activity_details_has_name" time="0.008" /><testcase classname="test_02_activities.TestActivitiesRoutes" name="test_task_reorder_endpoint" time="0.009" /><testcase classname="test_02_activities.TestActivitiesRoutes" name="test_view_page_has_tasks_section" time="0.012" /><testcase classname="test_02_activities" name="test_le_bandeau_dit_la_provenance" time="0.035" /><testcase classname="test_03_tasks.TestTasksCRUD" name="test_add_task" time="0.008" /><testcase classname="test_03_tasks.TestTasksCRUD" name="test_add_task_missing_name" time="0.003" /><testcase classname="test_03_tasks.TestTasksCRUD" name="test_add_task_missing_activity" time="0.003" /><testcase classname="test_03_tasks.TestTasksCRUD" name="test_update_task" time="0.017" /><testcase classname="test_03_tasks.TestTasksCRUD" name="test_update_task_not_found" time="0.004" /><testcase classname="test_03_tasks.TestTasksCRUD" name="test_delete_task_not_found" time="0.004" /><testcase classname="test_03_tasks.TestTasksRoles" name="test_get_task_roles_returns_data" time="0.005" /><testcase classname="test_03_tasks.TestTasksRoles" name="test_add_role_to_task_invalid" time="0.005" /><testcase classname="test_03_tasks.TestTasksRoles" name="test_remove_role_from_task_not_found" time="0.004" /><testcase classname="test_03_tasks.TestTasksRender" name="test_render_tasks_returns_200" time="0.007" /><testcase classname="test_03_tasks.TestTasksRender" name="test_render_tasks_unknown_activity" time="0.004" /><testcase classname="test_03_tasks.TestTasksReorder" name="test_reorder_tasks" time="0.007" /><testcase classname="test_03_tasks.TestTasksReorder" name="test_reorder_tasks_missing_order_returns_400" time="0.003" /><testcase classname="test_03_tasks.TestTasksReorder" name="test_reorder_tasks_db_error_rolls_back_and_returns_500" time="0.007" /><testcase classname="test_04_activity_features.TestTaskDeleteCascade" name="test_delete_task_no_fk_violation" time="0.019" /><testcase classname="test_04_activity_features.TestTaskDeleteCascade" name="test_delete_nonexistent_task" time="0.004" /><testcase classname="test_04_activity_features.TestTaskConnections" name="test_assign_incoming_connection" time="0.004" /><testcase classname="test_04_activity_features.TestTaskConnections" name="test_assign_outgoing_connection" time="0.004" /><testcase classname="test_04_activity_features.TestTaskConnections" name="test_get_activity_connections" time="0.003" /><testcase classname="test_04_activity_features.TestTaskConnections" name="test_unassign_connection" time="0.004" /><testcase classname="test_04_activity_features.TestTaskConnections" name="test_assign_missing_params" time="0.003" /><testcase classname="test_04_activity_features.TestPerformance" name="test_add_performance" time="0.006" /><testcase classname="test_04_activity_features.TestPerformance" name="test_update_performance" time="0.007" /><testcase classname="test_04_activity_features.TestPerformance" name="test_render_performance_by_activity" time="0.005" /><testcase classname="test_04_activity_features.TestPerformance" name="test_render_performance_by_link" time="0.004" /><testcase classname="test_04_activity_features.TestPerformance" name="test_delete_performance" time="0.005" /><testcase classname="test_04_activity_features.TestConstraints" name="test_add_constraint" time="0.006" /><testcase classname="test_04_activity_features.TestConstraints" name="test_add_constraint_missing_description" time="0.003" /><testcase classname="test_04_activity_features.TestConstraints" name="test_update_constraint" time="0.006" /><testcase classname="test_04_activity_features.TestConstraints" name="test_render_constraints" time="0.009" /><testcase classname="test_04_activity_features.TestConstraints" name="test_delete_constraint" time="0.005" /><testcase classname="test_04_activity_features.TestSavoirs" name="test_add_savoir" time="0.006" /><testcase classname="test_04_activity_features.TestSavoirs" name="test_update_savoir" time="0.006" /><testcase classname="test_04_activity_features.TestSavoirs" name="test_render_savoirs" time="0.010" /><testcase classname="test_04_activity_features.TestSavoirs" name="test_delete_savoir" time="0.005" /><testcase classname="test_04_activity_features.TestSavoirFaires" name="test_add_savoir_faire" time="0.006" /><testcase classname="test_04_activity_features.TestSavoirFaires" name="test_update_savoir_faire" time="0.006" /><testcase classname="test_04_activity_features.TestSavoirFaires" name="test_render_savoir_faires" time="0.004" /><testcase classname="test_04_activity_features.TestSavoirFaires" name="test_delete_savoir_faire" time="0.005" /><testcase classname="test_04_activity_features.TestAptitudes" name="test_add_aptitude" time="0.006" /><testcase classname="test_04_activity_features.TestAptitudes" name="test_update_aptitude" time="0.006" /><testcase classname="test_04_activity_features.TestAptitudes" name="test_render_aptitudes" time="0.004" /><testcase classname="test_04_activity_features.TestAptitudes" name="test_delete_aptitude" time="0.005" /><testcase classname="test_04_activity_features.TestSoftskillsHSC" name="test_add_softskill" time="0.007" /><testcase classname="test_04_activity_features.TestSoftskillsHSC" name="test_update_softskill" time="0.006" /><testcase classname="test_04_activity_features.TestSoftskillsHSC" name="test_render_softskills" time="0.004" /><testcase classname="test_04_activity_features.TestSoftskillsHSC" name="test_delete_softskill" time="0.005" /><testcase classname="test_04_activity_features.TestProposeRoutes" name="test_propose_savoirs_endpoint_exists" time="0.004" /><testcase classname="test_04_activity_features.TestProposeRoutes" name="test_propose_savoir_faires_endpoint_exists" time="0.003" /><testcase classname="test_04_activity_features.TestProposeRoutes" name="test_propose_aptitudes_endpoint_exists" time="0.005" /><testcase classname="test_04_activity_features.TestProposeRoutes" name="test_propose_softskills_endpoint_exists" time="0.005" /><testcase classname="test_04_activity_features.TestTimeManagement" name="test_get_activity_defaults" time="0.009" /><testcase classname="test_04_activity_features.TestTimeManagement" name="test_save_activity_time" time="0.007" /><testcase classname="test_04_activity_features.TestTimeManagement" name="test_get_activity_time" time="0.006" /><testcase classname="test_04_activity_features.TestTimeManagement" name="test_modify_activity_time" time="0.006" /><testcase classname="test_04_activity_features.TestTimeManagement" name="test_reset_activity_time" time="0.007" /><testcase classname="test_04_activity_features.TestTimeManagement" name="test_activities_list_for_time" time="0.005" /><testcase classname="test_04_constraints.TestConstraintsCRUD" name="test_add_constraint" time="0.008" /><testcase classname="test_04_constraints.TestConstraintsCRUD" name="test_add_constraint_empty_description" time="0.003" /><testcase classname="test_04_constraints.TestConstraintsCRUD" name="test_add_constraint_activity_not_found" time="0.004" /><testcase classname="test_04_constraints.TestConstraintsCRUD" name="test_update_constraint" time="0.006" /><testcase classname="test_04_constraints.TestConstraintsCRUD" name="test_delete_constraint" time="0.006" /><testcase classname="test_04_constraints.TestConstraintsCRUD" name="test_delete_constraint_not_found" time="0.003" /><testcase classname="test_04_constraints.TestConstraintsCRUD" name="test_render_constraints" time="0.003" /><testcase classname="test_04_constraints.TestConstraintsCRUD" name="test_render_constraints_activity_not_found" time="0.003" /><testcase classname="test_05_aptitudes.TestAptitudesAdd" name="test_add_aptitude_success" time="0.006" /><testcase classname="test_05_aptitudes.TestAptitudesAdd" name="test_add_aptitude_empty_description_returns_400" time="0.002" /><testcase classname="test_05_aptitudes.TestAptitudesAdd" name="test_add_aptitude_missing_activity_id_returns_400" time="0.003" /><testcase classname="test_05_aptitudes.TestAptitudesAdd" name="test_add_aptitude_unknown_activity_returns_404" time="0.003" /><testcase classname="test_05_aptitudes.TestAptitudesAdd" name="test_add_aptitude_db_error_rolls_back_and_returns_500" time="0.003" /><testcase classname="test_05_aptitudes.TestAptitudesUpdate" name="test_update_aptitude_success" time="0.008" /><testcase classname="test_05_aptitudes.TestAptitudesUpdate" name="test_update_aptitude_empty_description_returns_400" time="0.006" /><testcase classname="test_05_aptitudes.TestAptitudesUpdate" name="test_update_aptitude_not_found_returns_404" time="0.003" /><testcase classname="test_05_aptitudes.TestAptitudesUpdate" name="test_update_aptitude_db_error_rolls_back_and_returns_500" time="0.006" /><testcase classname="test_05_aptitudes.TestAptitudesDelete" name="test_delete_aptitude_success" time="0.006" /><testcase classname="test_05_aptitudes.TestAptitudesDelete" name="test_delete_aptitude_not_found_returns_404" time="0.003" /><testcase classname="test_05_aptitudes.TestAptitudesDelete" name="test_delete_aptitude_db_error_rolls_back_and_returns_500" time="0.007" /><testcase classname="test_05_aptitudes.TestAptitudesRenderPartial" name="test_render_aptitudes_found" time="0.004" /><testcase classname="test_05_aptitudes.TestAptitudesRenderPartial" name="test_render_aptitudes_activity_not_found_returns_404" time="0.003" /><testcase classname="test_06_softskills.TestSoftskillsAdd" name="test_add_softskill_creates_new" time="0.007" /><testcase classname="test_06_softskills.TestSoftskillsAdd" name="test_add_softskill_missing_fields_returns_400" time="0.002" /><testcase classname="test_06_softskills.TestSoftskillsAdd" name="test_add_softskill_upserts_existing" time="0.007" /><testcase classname="test_06_softskills.TestSoftskillsAdd" name="test_add_softskill_db_error_rolls_back_and_returns_500" time="0.003" /><testcase classname="test_06_softskills.TestSoftskillsUpdate" name="test_update_softskill_success" time="0.008" /><testcase classname="test_06_softskills.TestSoftskillsUpdate" name="test_update_softskill_missing_fields_returns_400" time="0.007" /><testcase classname="test_06_softskills.TestSoftskillsUpdate" name="test_update_softskill_not_found_returns_404" time="0.003" /><testcase classname="test_06_softskills.TestSoftskillsUpdate" name="test_update_softskill_cross_activity_returns_404" time="0.015" /><testcase classname="test_06_softskills.TestSoftskillsUpdate" name="test_update_softskill_db_error_rolls_back_and_returns_500" time="0.007" /><testcase classname="test_06_softskills.TestSoftskillsDelete" name="test_delete_softskill_success" time="0.006" /><testcase classname="test_06_softskills.TestSoftskillsDelete" name="test_delete_softskill_not_found_returns_404" time="0.003" /><testcase classname="test_06_softskills.TestSoftskillsDelete" name="test_delete_softskill_cross_activity_returns_404" time="0.013" /><testcase classname="test_06_softskills.TestSoftskillsDelete" name="test_delete_softskill_db_error_rolls_back_and_returns_500" time="0.007" /><testcase classname="test_06_softskills.TestSoftskillsRenderPartial" name="test_render_softskills_found" time="0.004" /><testcase classname="test_06_softskills.TestSoftskillsRenderPartial" name="test_render_softskills_activity_not_found_returns_404" time="0.003" /><testcase classname="test_07_performance.TestPerformanceCRUD" name="test_add_performance" time="0.005" /><testcase classname="test_07_performance.TestPerformanceCRUD" name="test_add_performance_missing_name" time="0.003" /><testcase classname="test_07_performance.TestPerformanceCRUD" name="test_update_performance_not_found" time="0.003" /><testcase classname="test_07_performance.TestPerformanceCRUD" name="test_delete_performance_not_found" time="0.003" /><testcase classname="test_07_performance.TestPerformanceCRUD" name="test_render_performance_for_link" time="0.004" /><testcase classname="test_07_performance.TestPerformanceCRUD" name="test_render_performance_for_activity" time="0.003" /><testcase classname="test_07_performance.TestPerformanceCRUD" name="test_performance_add_and_delete" time="0.008" /><testcase classname="test_08_task_links.TestTaskLinkAssignments" name="test_assign_link_to_task" time="0.004" /><testcase classname="test_08_task_links.TestTaskLinkAssignments" name="test_assign_missing_fields" time="0.002" /><testcase classname="test_08_task_links.TestTaskLinkAssignments" name="test_get_assignments_for_activity" time="0.002" /><testcase classname="test_08_task_links.TestTaskLinkAssignments" name="test_get_assignments_empty_activity" time="0.003" /><testcase classname="test_08_task_links.TestTaskLinkAssignments" name="test_unassign_link" time="0.005" /><testcase classname="test_08_task_links.TestTaskLinkAssignments" name="test_unassign_nonexistent" time="0.003" /><testcase classname="test_08_task_links.TestTaskLinkAssignments" name="test_assign_arbitrary_direction_value_accepted" time="0.005" /><testcase classname="test_08_task_links.TestTaskLinkAssignments" name="test_assign_then_reassign" time="0.005" /><testcase classname="test_08_task_links.TestTaskLinkAssignmentsDbErrors" name="test_assign_db_error_rolls_back_and_returns_500" time="0.002" /><testcase classname="test_08_task_links.TestTaskLinkAssignmentsDbErrors" name="test_unassign_db_error_rolls_back_and_returns_500" time="0.002" /><testcase classname="test_08_task_links.TestTaskLinkAssignmentsDbErrors" name="test_get_assignments_db_error_returns_empty_list" time="0.002" /><testcase classname="test_08_task_links.TestTaskLinkAssignmentsAuth" name="test_assign_requires_auth" time="0.001" /><testcase classname="test_08_task_links.TestTaskLinkAssignmentsAuth" name="test_unassign_requires_auth" time="0.001" /><testcase classname="test_08_task_links.TestTaskLinkAssignmentsAuth" name="test_get_assignments_requires_auth" time="0.001" /><testcase classname="test_09_time.TestTimePage" name="test_time_page_accessible" time="0.028" /><testcase classname="test_09_time.TestTimePage" name="test_get_calendar_params" time="0.005" /><testcase classname="test_09_time.TestTimePage" name="test_get_activity_defaults" time="0.005" /><testcase classname="test_09_time.TestTimePage" name="test_get_activity_time_empty" time="0.004" /><testcase classname="test_09_time.TestTimePage" name="test_post_activity_time" time="0.006" /><testcase classname="test_09_time.TestTimePage" name="test_delete_activity_time" time="0.005" /><testcase classname="test_09_time.TestTimePage" name="test_get_activities_list" time="0.005" /><testcase classname="test_09_time.TestTimePage" name="test_get_projects_list" time="0.006" /><testcase classname="test_09_time.TestTimePage" name="test_get_time_analyses_list" time="0.005" /><testcase classname="test_09_time.TestTimePage" name="test_create_time_analysis" time="0.007" /><testcase classname="test_09_time.TestTimePage" name="test_get_role_analyses_list" time="0.006" /><testcase classname="test_10_roles.TestRolesList" name="test_list_roles" time="0.005" /><testcase classname="test_10_roles.TestRolesList" name="test_assign_garant_to_activity_not_found" time="0.004" /><testcase classname="test_10_roles.TestRolesList" name="test_update_role_not_found" time="0.005" /><testcase classname="test_10_roles.TestRolesList" name="test_delete_role_not_found" time="0.004" /><testcase classname="test_10_roles.TestRolesList" name="test_role_lifecycle" time="0.015" /><testcase classname="test_11_tools.TestGestionOutilsPage" name="test_page_accessible_auth" time="0.009" /><testcase classname="test_11_tools.TestGestionOutilsPage" name="test_page_no_auth_returns_redirect_or_200" time="0.002" /><testcase classname="test_11_tools.TestListTools" name="test_list_tools_returns_list" time="0.005" /><testcase classname="test_11_tools.TestListTools" name="test_list_tools_contains_expected_fields" time="0.015" /><testcase classname="test_11_tools.TestListTools" name="test_tools_all_endpoint_returns_list" time="0.005" /><testcase classname="test_11_tools.TestCreateTool" name="test_create_tool_success" time="0.013" /><testcase classname="test_11_tools.TestCreateTool" name="test_create_tool_empty_name_returns_400" time="0.004" /><testcase classname="test_11_tools.TestCreateTool" name="test_create_tool_missing_name_returns_400" time="0.004" /><testcase classname="test_11_tools.TestCreateTool" name="test_create_tool_duplicate_returns_409" time="0.012" /><testcase classname="test_11_tools.TestCreateTool" name="test_create_tool_case_insensitive_duplicate" time="0.012" /><testcase classname="test_11_tools.TestUpdateTool" name="test_update_tool_name" time="0.014" /><testcase classname="test_11_tools.TestUpdateTool" name="test_update_tool_description" time="0.012" /><testcase classname="test_11_tools.TestUpdateTool" name="test_update_tool_empty_name_returns_400" time="0.009" /><testcase classname="test_11_tools.TestUpdateTool" name="test_update_tool_not_found" time="0.004" /><testcase classname="test_11_tools.TestUpdateTool" name="test_update_tool_duplicate_name_returns_409" time="0.017" /><testcase classname="test_11_tools.TestToolUsages" name="test_usages_not_found" time="0.004" /><testcase classname="test_11_tools.TestToolUsages" name="test_usages_no_tasks" time="0.012" /><testcase classname="test_11_tools.TestToolUsages" name="test_usages_with_task" time="0.020" /><testcase classname="test_11_tools.TestReplaceTool" name="test_replace_tool_missing_replacement_id" time="0.010" /><testcase classname="test_11_tools.TestReplaceTool" name="test_replace_tool_replacement_not_found" time="0.008" /><testcase classname="test_11_tools.TestReplaceTool" name="test_replace_tool_self_returns_400" time="0.008" /><testcase classname="test_11_tools.TestReplaceTool" name="test_replace_tool_success" time="0.025" /><testcase classname="test_11_tools.TestReplaceTool" name="test_replace_tool_source_not_found" time="0.004" /><testcase classname="test_11_tools.TestDeleteTool" name="test_delete_tool_not_found" time="0.004" /><testcase classname="test_11_tools.TestDeleteTool" name="test_delete_tool_without_usages" time="0.010" /><testcase classname="test_11_tools.TestDeleteTool" name="test_delete_tool_with_usage_returns_409" time="0.018" /><testcase classname="test_11_tools.TestDeleteTool" name="test_delete_tool_force_detach" time="0.014" /><testcase classname="test_11_tools.TestDeleteTool" name="test_delete_tool_partial_by_task_ids" time="0.016" /><testcase classname="test_11_tools.TestToolsTaskAPI" name="test_add_tool_missing_task_id" time="0.003" /><testcase classname="test_11_tools.TestToolsTaskAPI" name="test_add_tool_task_not_found" time="0.004" /><testcase classname="test_11_tools.TestToolsTaskAPI" name="test_add_new_tool_by_name" time="0.013" /><testcase classname="test_11_tools.TestToolsTaskAPI" name="test_add_existing_tool_by_id" time="0.016" /><testcase classname="test_11_tools.TestToolsTaskAPI" name="test_add_same_tool_twice_not_duplicated" time="0.019" /><testcase classname="test_11_tools.TestToolsTaskAPI" name="test_add_tools_db_error_rolls_back_and_returns_500" time="0.007" /><testcase classname="test_11_tools.TestToolsTaskAPI" name="test_delete_tool_from_task_missing_fields" time="0.003" /><testcase classname="test_11_tools.TestToolsTaskAPI" name="test_delete_tool_from_task_task_not_found" time="0.004" /><testcase classname="test_11_tools.TestToolsTaskAPI" name="test_delete_tool_from_task_tool_not_found" time="0.005" /><testcase classname="test_11_tools.TestToolsTaskAPI" name="test_delete_tool_not_linked_to_task" time="0.009" /><testcase classname="test_11_tools.TestToolsTaskAPI" name="test_delete_tool_from_task_success" time="0.016" /><testcase classname="test_11_tools.TestToolsTaskAPI" name="test_delete_tool_from_task_db_error_rolls_back_and_returns_500" time="0.018" /><testcase classname="test_11_tools.TestGestionOutilsApiAuth" name="test_create_tool_requires_auth" time="0.001" /><testcase classname="test_11_tools.TestGestionOutilsApiAuth" name="test_update_tool_requires_auth" time="0.005" /><testcase classname="test_11_tools.TestGestionOutilsApiAuth" name="test_delete_tool_requires_auth" time="0.006" /><testcase classname="test_11_tools.TestGestionOutilsApiAuth" name="test_replace_tool_requires_auth" time="0.010" /><testcase classname="test_12_gestion_rh.TestGestionRHPage" name="test_page_accessible_auth" time="0.033" /><testcase classname="test_12_gestion_rh.TestGestionRHPage" name="test_page_no_auth_returns_non_500" time="0.008" /><testcase classname="test_12_gestion_rh.TestGestionRHPage" name="test_page_contains_roles_section" time="0.007" /><testcase classname="test_12_gestion_rh.TestRolesAPI" name="test_get_all_roles_returns_list" time="0.003" /><testcase classname="test_12_gestion_rh.TestRolesAPI" name="test_get_all_roles_contains_expected_fields" time="0.009" /><testcase classname="test_12_gestion_rh.TestRolesAPI" name="test_get_users_with_roles_returns_list" time="0.004" /><testcase classname="test_12_gestion_rh.TestRolesAPI" name="test_get_users_with_role_existing" time="0.114" /><testcase classname="test_12_gestion_rh.TestRolesAPI" name="test_get_users_with_role_nonexistent_returns_empty" time="0.004" /><testcase classname="test_12_gestion_rh.TestRolesAPI" name="test_get_users_by_roles_valid" time="0.009" /><testcase classname="test_12_gestion_rh.TestRolesAPI" name="test_get_users_by_roles_empty_param" time="0.004" /><testcase classname="test_12_gestion_rh.TestRolesAPI" name="test_get_all_collaborators_with_manager" time="0.005" /><testcase classname="test_12_gestion_rh.TestRolesCRUD" name="test_create_role_success" time="0.010" /><testcase classname="test_12_gestion_rh.TestRolesCRUD" name="test_update_role_success" time="0.010" /><testcase classname="test_12_gestion_rh.TestRolesCRUD" name="test_update_role_nonexistent_id_no_crash" time="0.003" /><testcase classname="test_12_gestion_rh.TestRolesCRUD" name="test_delete_role_success" time="0.008" /><testcase classname="test_12_gestion_rh.TestRolesCRUD" name="test_delete_role_not_found" time="0.004" /><testcase classname="test_12_gestion_rh.TestCollaborateurs" name="test_collaborateurs_returns_list" time="0.005" /><testcase classname="test_12_gestion_rh.TestCollaborateurs" name="test_collaborateurs_contains_expected_user" time="0.003" /><testcase classname="test_12_gestion_rh.TestCollaborateurs" name="test_collaborateurs_search_filter" time="0.005" /><testcase classname="test_12_gestion_rh.TestCollaborateurs" name="test_collaborateurs_search_no_match" time="0.003" /><testcase classname="test_12_gestion_rh.TestCollaborateurs" name="test_collaborateurs_role_filter" time="0.113" /><testcase classname="test_12_gestion_rh.TestCollaborateurRoles" name="test_update_collaborateur_roles_success" time="0.110" /><testcase classname="test_12_gestion_rh.TestCollaborateurRoles" name="test_update_collaborateur_roles_clear" time="0.113" /><testcase classname="test_12_gestion_rh.TestCollaborateurRoles" name="test_assign_roles_via_form" time="0.107" /><testcase classname="test_12_gestion_rh.TestUpdateCollaboratorName" name="test_update_name_success" time="0.101" /><testcase classname="test_12_gestion_rh.TestUpdateCollaboratorName" name="test_update_name_single_word" time="0.100" /><testcase classname="test_12_gestion_rh.TestUpdateCollaboratorName" name="test_update_name_missing_user_id" time="0.003" /><testcase classname="test_12_gestion_rh.TestUpdateCollaboratorName" name="test_update_name_missing_name" time="0.003" /><testcase classname="test_12_gestion_rh.TestUpdateCollaboratorName" name="test_update_name_user_not_found" time="0.003" /><testcase classname="test_12_gestion_rh.TestManagerAssignment" name="test_assign_manager_simple_global" time="0.102" /><testcase classname="test_12_gestion_rh.TestManagerAssignment" name="test_assign_manager_simple_remove" time="0.104" /><testcase classname="test_12_gestion_rh.TestManagerAssignment" name="test_assign_manager_simple_missing_user_id" time="0.003" /><testcase classname="test_12_gestion_rh.TestManagerAssignment" name="test_assign_manager_simple_user_not_found" time="0.003" /><testcase classname="test_12_gestion_rh.TestManagerAssignment" name="test_assign_manager_simple_by_role" time="0.109" /><testcase classname="test_12_gestion_rh.TestManagerAssignment" name="test_assign_manager_missing_params" time="0.003" /><testcase classname="test_12_gestion_rh.TestEntrepriseSettings" name="test_update_settings_redirects" time="0.005" /><testcase classname="test_12_gestion_rh.TestEntrepriseSettings" name="test_update_single_setting_success" time="0.006" /><testcase classname="test_12_gestion_rh.TestImportRoles" name="test_import_roles_valid_csv" time="0.011" /><testcase classname="test_12_gestion_rh.TestImportRoles" name="test_import_roles_empty_lines_ignored" time="0.004" /><testcase classname="test_12_gestion_rh.TestImportRoles" name="test_import_roles_non_csv_ignored" time="0.003" /><testcase classname="test_13_competences.TestCompetencesView" name="test_view_page_authenticated_returns_200" time="0.006" /><testcase classname="test_13_competences.TestCompetencesView" name="test_view_page_unauthenticated_no_crash" time="0.002" /><testcase classname="test_13_competences.TestCompetencesView" name="test_view_page_contains_html" time="0.003" /><testcase classname="test_13_competences.TestCurrentUserManager" name="test_current_user_manager_not_found_in_test_db" time="0.007" /><testcase classname="test_13_competences.TestCurrentUserManager" name="test_current_user_manager_is_manager_true_when_managing_someone" time="0.099" /><testcase classname="test_13_competences.TestCurrentUserManager" name="test_current_user_manager_returns_own_manager_when_not_managing" time="0.195" /><testcase classname="test_13_competences.TestContexteEndpoint" name="test_admin_sans_collaborateur_direct_voit_tout_le_monde" time="0.107" /><testcase classname="test_13_competences.TestContexteEndpoint" name="test_encadrement_par_role_sans_rattachement_direct" time="0.199" /><testcase classname="test_13_competences.TestContexteEndpoint" name="test_ia_disponible_reste_false_si_le_client_ia_leve_une_exception" time="0.003" /><testcase classname="test_13_competences.TestManagersAPI" name="test_get_managers_no_manager_role_returns_empty" time="0.005" /><testcase classname="test_13_competences.TestManagersAPI" name="test_get_managers_with_manager_role_returns_users" time="0.107" /><testcase classname="test_13_competences.TestManagersAPI" name="test_get_managers_response_has_id_and_name_fields" time="0.105" /><testcase classname="test_13_competences.TestCollaboratorsAPI" name="test_get_collaborators_empty_returns_list" time="0.003" /><testcase classname="test_13_competences.TestCollaboratorsAPI" name="test_get_collaborators_nonexistent_manager_returns_empty" time="0.003" /><testcase classname="test_13_competences.TestCollaboratorsAPI" name="test_get_collaborators_with_subordinate" time="0.095" /><testcase classname="test_13_competences.TestUserRolesAPI" name="test_get_user_roles_empty" time="0.095" /><testcase classname="test_13_competences.TestUserRolesAPI" name="test_get_user_roles_with_assigned_role" time="0.102" /><testcase classname="test_13_competences.TestUserRolesAPI" name="test_get_user_roles_fields" time="0.104" /><testcase classname="test_13_competences.TestSaveEvaluations" name="test_save_missing_user_id_returns_400" time="0.003" /><testcase classname="test_13_competences.TestSaveEvaluations" name="test_save_missing_evaluations_returns_400" time="0.002" /><testcase classname="test_13_competences.TestSaveEvaluations" name="test_save_evaluation_creates_record" time="0.112" /><testcase classname="test_13_competences.TestSaveEvaluations" name="test_save_evaluation_updates_existing" time="0.100" /><testcase classname="test_13_competences.TestSaveEvaluations" name="test_save_evaluation_empty_note_deletes_record" time="0.101" /><testcase classname="test_13_competences.TestSaveEvaluations" name="test_save_evaluation_skips_missing_activity_id" time="0.093" /><testcase classname="test_13_competences.TestSaveEvaluations" name="test_save_evaluation_empty_note_no_existing_record_is_noop" time="0.094" /><testcase classname="test_13_competences.TestGetEvaluationsByUser" name="test_get_evaluations_empty_user_returns_list" time="0.102" /><testcase classname="test_13_competences.TestGetEvaluationsByUser" name="test_get_evaluations_returns_created_eval" time="0.103" /><testcase classname="test_13_competences.TestGetEvaluationsByUser" name="test_get_evaluations_fields_present" time="0.102" /><testcase classname="test_13_competences.TestGetEvaluationsByUser" name="test_get_evaluations_null_created_at_returns_empty_string" time="0.109" /><testcase classname="test_13_competences.TestGetEvaluationsByUser" name="test_get_evaluations_unparseable_date_string_returned_as_is" time="0.106" /><testcase classname="test_13_competences.TestGetEvaluationsByUser" name="test_get_evaluations_without_active_entity_returns_all" time="0.107" /><testcase classname="test_13_competences.TestRoleStructure" name="test_role_structure_user_not_found_returns_404" time="0.004" /><testcase classname="test_13_competences.TestRoleStructure" name="test_role_structure_role_not_found_returns_404" time="0.004" /><testcase classname="test_13_competences.TestRoleStructure" name="test_role_structure_valid_returns_json" time="0.012" /><testcase classname="test_13_competences.TestRoleStructure" name="test_role_structure_with_activity_includes_competency_data" time="0.013" /><testcase classname="test_13_competences.TestRoleStructure" name="test_role_structure_synthese_contains_evals" time="0.012" /><testcase classname="test_13_competences.TestRoleStructure" name="test_role_structure_synthese_evals_populated_from_activity_level_evaluation" time="0.015" /><testcase classname="test_13_competences.TestGlobalSummary" name="test_global_summary_user_not_found_returns_404" time="0.003" /><testcase classname="test_13_competences.TestGlobalSummary" name="test_global_summary_valid_user_returns_200" time="0.006" /><testcase classname="test_13_competences.TestGlobalSummary" name="test_global_summary_contains_user_name" time="0.005" /><testcase classname="test_13_competences.TestGlobalSummary" name="test_global_summary_with_role_and_activity" time="0.014" /><testcase classname="test_13_competences.TestGlobalSummary" name="test_global_summary_role_without_activities_shows_message" time="0.012" /><testcase classname="test_13_competences.TestGlobalSummary" name="test_global_summary_activity_evals_rendered_in_table" time="0.016" /><testcase classname="test_13_competences.TestGlobalSummary" name="test_global_summary_internal_error_returns_500" time="0.004" /><testcase classname="test_13_competences.TestGlobalFlatSummary" name="test_flat_summary_user_not_found_returns_404" time="0.003" /><testcase classname="test_13_competences.TestGlobalFlatSummary" name="test_flat_summary_valid_user_returns_200" time="0.109" /><testcase classname="test_13_competences.TestGlobalFlatSummary" name="test_flat_summary_contains_user_info" time="0.103" /><testcase classname="test_13_competences.TestGlobalFlatSummary" name="test_flat_summary_role_with_eval_shows_note_and_excludes_empty_role" time="0.023" /><testcase classname="test_13_competences.TestUsersGlobalSummary" name="test_users_global_summary_returns_200" time="0.011" /><testcase classname="test_13_competences.TestUsersGlobalSummary" name="test_users_global_summary_contains_table" time="0.005" /><testcase classname="test_13_competences.TestUsersGlobalSummary" name="test_users_global_summary_no_crash_with_data" time="0.110" /><testcase classname="test_13_competences.TestUsersGlobalSummary" name="test_users_global_summary_without_active_entity_uses_all_roles" time="0.106" /><testcase classname="test_13_competences.TestUsersGlobalSummary" name="test_users_global_summary_internal_error_returns_html_500" time="0.004" /><testcase classname="test_13_competences.TestGeneralPerformance" name="test_general_performance_no_link_returns_empty_content" time="0.004" /><testcase classname="test_13_competences.TestGeneralPerformance" name="test_general_performance_nonexistent_activity_returns_empty" time="0.003" /><testcase classname="test_13_competences.TestGeneralPerformance" name="test_general_performance_with_link_and_performance" time="0.010" /><testcase classname="test_14_cartography_editor.TestCartographyNoAuth" name="test_viewer_returns_403" time="0.005" /><testcase classname="test_14_cartography_editor.TestCartographyNoAuth" name="test_editor_redirects_to_login" time="0.001" /><testcase classname="test_14_cartography_editor.TestCartographyNoAuth" name="test_api_save_returns_403" time="0.001" /><testcase classname="test_14_cartography_editor.TestCartographyNoAuth" name="test_api_load_returns_403" time="0.001" /><testcase classname="test_14_cartography_editor.TestCartographyNoAuth" name="test_api_list_returns_403" time="0.001" /><testcase classname="test_14_cartography_editor.TestCartographyNoAuth" name="test_api_delete_returns_403" time="0.001" /><testcase classname="test_14_cartography_editor.TestCartographyNoAuth" name="test_api_vsdx_returns_403" time="0.001" /><testcase classname="test_14_cartography_editor.TestCartographyNoAuth" name="test_api_save_diff_returns_403" time="0.001" /><testcase classname="test_14_cartography_editor.TestCartographyNoAuth" name="test_api_vsdx_compare_returns_403" time="0.001" /><testcase classname="test_14_cartography_editor.TestCartographyPages" name="test_editor_page_returns_200" time="0.038" /><testcase classname="test_14_cartography_editor.TestCartographyPages" name="test_viewer_page_returns_200" time="0.010" /><testcase classname="test_14_cartography_editor.TestCartographyPages" name="test_editor_page_contains_cartography_content" time="0.008" /><testcase classname="test_14_cartography_editor.TestCartoApiSave" name="test_save_empty_diagram_returns_ok" time="0.022" /><testcase classname="test_14_cartography_editor.TestCartoApiSave" name="test_save_returns_entity_name_in_response" time="0.010" /><testcase classname="test_14_cartography_editor.TestCartoApiSave" name="test_save_persists_json_to_db" time="0.012" /><testcase classname="test_14_cartography_editor.TestCartoApiSave" name="test_save_accepts_diagram_wrapper_format" time="0.010" /><testcase classname="test_14_cartography_editor.TestCartoApiSave" name="test_save_creates_activity_in_db" time="0.015" /><testcase classname="test_14_cartography_editor.TestCartoApiSave" name="test_save_creates_role_in_db" time="0.018" /><testcase classname="test_14_cartography_editor.TestCartoApiSave" name="test_save_creates_link_between_activities" time="0.025" /><testcase classname="test_14_cartography_editor.TestCartoApiSave" name="test_save_updates_activity_label_on_re_save" time="0.035" /><testcase classname="test_14_cartography_editor.TestCartoApiSave" name="test_save_removes_deleted_shape_from_db" time="0.038" /><testcase classname="test_14_cartography_editor.TestCartoApiSave" name="test_save_special_type_marked_as_result" time="0.013" /><testcase classname="test_14_cartography_editor.TestCartoApiLoad" name="test_load_returns_404_when_no_data" time="0.009" /><testcase classname="test_14_cartography_editor.TestCartoApiLoad" name="test_load_returns_stored_diagram" time="0.006" /><testcase classname="test_14_cartography_editor.TestCartoApiLoad" name="test_load_name_parameter_is_ignored" time="0.007" /><testcase classname="test_14_cartography_editor.TestCartoApiLoad" name="test_load_returns_full_diagram_structure" time="0.006" /><testcase classname="test_14_cartography_editor.TestCartoApiList" name="test_list_empty_when_no_carto_data" time="0.005" /><testcase classname="test_14_cartography_editor.TestCartoApiList" name="test_list_contains_one_entry_when_data_exists" time="0.005" /><testcase classname="test_14_cartography_editor.TestCartoApiList" name="test_list_entry_is_entity_name" time="0.005" /><testcase classname="test_14_cartography_editor.TestCartoApiDelete" name="test_delete_returns_ok" time="0.006" /><testcase classname="test_14_cartography_editor.TestCartoApiDelete" name="test_delete_clears_optiqcarto_data" time="0.008" /><testcase classname="test_14_cartography_editor.TestCartoApiDelete" name="test_delete_when_no_data_is_idempotent" time="0.005" /><testcase classname="test_14_cartography_editor.TestCartoApiSaveDiff" name="test_save_diff_empty_when_no_stored_carto" time="0.004" /><testcase classname="test_14_cartography_editor.TestCartoApiSaveDiff" name="test_save_diff_detects_removed_activity" time="0.019" /><testcase classname="test_14_cartography_editor.TestCartoApiSaveDiff" name="test_save_diff_detects_removed_role" time="0.019" /><testcase classname="test_14_cartography_editor.TestCartoApiSaveDiff" name="test_save_diff_no_removal_when_shapes_match" time="0.020" /><testcase classname="test_14_cartography_editor.TestCartoApiVsdx" name="test_vsdx_returns_404_when_no_file" time="0.005" /><testcase classname="test_14_cartography_editor.TestCartoApiVsdx" name="test_vsdx_compare_returns_404_when_no_carto" time="0.006" /><testcase classname="test_14_cartography_editor.TestCartoApiVsdx" name="test_vsdx_compare_returns_400_when_no_file_in_request" time="0.005" /><testcase classname="test_14_cartography_editor.TestCartoApiVsdx" name="test_vsdx_compare_returns_400_for_invalid_extension" time="0.006" /><testcase classname="test_14_cartography_editor.TestCartoApiVsdx" name="test_vsdx_compare_computes_full_diff" time="0.008" /><testcase classname="test_14_cartography_editor.TestCartoApiVsdx" name="test_vsdx_compare_success_updates_nothing_when_perfect_match" time="0.008" /><testcase classname="test_14_cartography_editor.TestCartoApiVsdx" name="test_vsdx_compare_returns_403_without_auth" time="0.008" /><testcase classname="test_15_activities_map.TestActivitiesMapPage" name="test_page_accessible_auth" time="0.117" /><testcase classname="test_15_activities_map.TestActivitiesMapPage" name="test_page_contains_entity_section" time="0.015" /><testcase classname="test_15_activities_map.TestActivitiesMapPage" name="test_page_unauthenticated_no_crash" time="0.005" /><testcase classname="test_15_activities_map.TestActivitiesMapPage" name="test_page_debug_files_auth" time="0.006" /><testcase classname="test_15_activities_map.TestActivitiesMapPage" name="test_update_cartography_route" time="0.004" /><testcase classname="test_15_activities_map.TestEntityAPIRead" name="test_list_entities_auth" time="0.006" /><testcase classname="test_15_activities_map.TestEntityAPIRead" name="test_list_entities_no_auth" time="0.001" /><testcase classname="test_15_activities_map.TestEntityAPIRead" name="test_entity_details_auth" time="0.007" /><testcase classname="test_15_activities_map.TestEntityAPIRead" name="test_entity_details_not_found" time="0.004" /><testcase classname="test_15_activities_map.TestEntityAPIRead" name="test_entity_details_no_auth" time="0.001" /><testcase classname="test_15_activities_map.TestEntityAPICreate" name="test_create_entity_ok" time="0.016" /><testcase classname="test_15_activities_map.TestEntityAPICreate" name="test_create_entity_missing_name" time="0.003" /><testcase classname="test_15_activities_map.TestEntityAPICreate" name="test_create_entity_empty_body" time="0.003" /><testcase classname="test_15_activities_map.TestEntityAPIMutations" name="test_activate_entity_ok" time="0.015" /><testcase classname="test_15_activities_map.TestEntityAPIMutations" name="test_activate_entity_not_found" time="0.003" /><testcase classname="test_15_activities_map.TestEntityAPIMutations" name="test_activate_entity_no_auth" time="0.001" /><testcase classname="test_15_activities_map.TestEntityAPIMutations" name="test_update_entity_name" time="0.012" /><testcase classname="test_15_activities_map.TestEntityAPIMutations" name="test_update_entity_not_found" time="0.004" /><testcase classname="test_15_activities_map.TestEntityAPIMutations" name="test_update_entity_no_auth" time="0.001" /><testcase classname="test_15_activities_map.TestEntityAPIMutations" name="test_delete_entity_ok" time="0.016" /><testcase classname="test_15_activities_map.TestEntityAPIMutations" name="test_delete_entity_not_found" time="0.005" /><testcase classname="test_15_activities_map.TestEntityAPIMutations" name="test_delete_entity_no_auth" time="0.001" /><testcase classname="test_15_activities_map.TestSVGServing" name="test_serve_svg_no_file_returns_404" time="0.006" /><testcase classname="test_15_activities_map.TestSVGServing" name="test_serve_svg_no_active_entity" time="0.002" /><testcase classname="test_15_activities_map.TestSVGServing" name="test_serve_entity_svg_not_found" time="0.005" /><testcase classname="test_15_activities_map.TestSVGServing" name="test_serve_entity_svg_no_svg" time="0.006" /><testcase classname="test_15_activities_map.TestSVGServing" name="test_serve_entity_svg_from_db" time="0.010" /><testcase classname="test_15_activities_map.TestConnectionAPI" name="test_list_connections_empty" time="0.007" /><testcase classname="test_15_activities_map.TestConnectionAPI" name="test_list_connections_with_data" time="0.010" /><testcase classname="test_15_activities_map.TestConnectionAPI" name="test_delete_connection_ok" time="0.009" /><testcase classname="test_15_activities_map.TestConnectionAPI" name="test_delete_connection_not_found" time="0.004" /><testcase classname="test_15_activities_map.TestConnectionAPI" name="test_clear_connections" time="0.008" /><testcase classname="test_15_activities_map.TestConnectionAPI" name="test_clear_connections_no_entity" time="0.001" /><testcase classname="test_15_activities_map.TestUploadCartography" name="test_upload_svg_ok" time="0.008" /><testcase classname="test_15_activities_map.TestUploadCartography" name="test_upload_wrong_extension" time="0.005" /><testcase classname="test_15_activities_map.TestUploadCartography" name="test_upload_mode_new_no_svg" time="0.004" /><testcase classname="test_15_activities_map.TestUploadCartography" name="test_upload_entity_not_found" time="0.004" /><testcase classname="test_15_activities_map.TestUploadCartography" name="test_upload_wrong_vsdx_extension" time="0.005" /><testcase classname="test_15_activities_map.TestResync" name="test_resync_no_svg" time="0.006" /><testcase classname="test_15_activities_map.TestResync" name="test_resync_no_entity" time="0.001" /><testcase classname="test_15_activities_map.TestCrossCartoMatches" name="test_cross_carto_no_auth" time="0.001" /><testcase classname="test_15_activities_map.TestCrossCartoMatches" name="test_cross_carto_auth_no_matches" time="0.004" /><testcase classname="test_15_activities_map.TestCrossCartoMatches" name="test_cross_carto_returns_list" time="0.004" /><testcase classname="test_15_activities_map.TestPreviewConnections" name="test_preview_no_file" time="0.003" /><testcase classname="test_15_activities_map.TestPreviewConnections" name="test_preview_wrong_extension" time="0.004" /><testcase classname="test_16_import_full.TestImportFullAnalyze" name="test_analyze_no_file_returns_400" time="0.003" /><testcase classname="test_16_import_full.TestImportFullAnalyze" name="test_analyze_empty_filename_returns_400" time="0.003" /><testcase classname="test_16_import_full.TestImportFullAnalyze" name="test_analyze_invalid_extension_pdf_returns_400" time="0.003" /><testcase classname="test_16_import_full.TestImportFullAnalyze" name="test_analyze_invalid_extension_csv_returns_400" time="0.003" /><testcase classname="test_16_import_full.TestImportFullAnalyze" name="test_analyze_empty_excel_no_keywords_returns_400" time="0.014" /><testcase classname="test_16_import_full.TestImportFullAnalyze" name="test_analyze_valid_xlsx_matched_activity" time="0.013" /><testcase classname="test_16_import_full.TestImportFullAnalyze" name="test_analyze_valid_xlsm_extension_accepted" time="0.011" /><testcase classname="test_16_import_full.TestImportFullAnalyze" name="test_analyze_valid_xls_extension_accepted" time="0.011" /><testcase classname="test_16_import_full.TestImportFullAnalyze" name="test_analyze_returns_db_activities_list" time="0.011" /><testcase classname="test_16_import_full.TestImportFullAnalyze" name="test_analyze_stats_matched_plus_unmatched_equals_total" time="0.015" /><testcase classname="test_16_import_full.TestImportFullAnalyze" name="test_analyze_stats_tasks_count_consistent" time="0.012" /><testcase classname="test_16_import_full.TestImportFullAnalyze" name="test_analyze_unknown_activity_goes_to_unmatched" time="0.013" /><testcase classname="test_16_import_full.TestImportFullAnalyze" name="test_analyze_matched_group_has_required_fields" time="0.012" /><testcase classname="test_16_import_full.TestImportFullAnalyze" name="test_analyze_analysis_notes_present" time="0.013" /><testcase classname="test_16_import_full.TestImportFullInject" name="test_inject_no_body_returns_400" time="0.003" /><testcase classname="test_16_import_full.TestImportFullInject" name="test_inject_empty_groups_returns_400" time="0.003" /><testcase classname="test_16_import_full.TestImportFullInject" name="test_inject_invalid_activity_id_skipped" time="0.004" /><testcase classname="test_16_import_full.TestImportFullInject" name="test_inject_valid_group_creates_task" time="0.016" /><testcase classname="test_16_import_full.TestImportFullInject" name="test_inject_creates_tool" time="0.018" /><testcase classname="test_16_import_full.TestImportFullInject" name="test_inject_creates_guarantor_role" time="0.015" /><testcase classname="test_16_import_full.TestImportFullInject" name="test_inject_creates_competency" time="0.015" /><testcase classname="test_16_import_full.TestImportFullInject" name="test_inject_duplicate_task_not_created_twice" time="0.014" /><testcase classname="test_16_import_full.TestImportFullInject" name="test_inject_response_has_status_ok" time="0.009" /><testcase classname="test_16_import_full.TestImportFullAnalyzeEdgeCases" name="test_analyze_no_entity_id_returns_400" time="0.006" /><testcase classname="test_16_import_full.TestImportFullAnalyzeEdgeCases" name="test_analyze_partial_inclusion_match_goes_to_unmatched" time="0.011" /><testcase classname="test_16_import_full.TestImportFullAnalyzeEdgeCases" name="test_analyze_unmatched_has_probable_reason_for_close_match" time="0.012" /><testcase classname="test_16_import_full.TestImportFullAnalyzeEdgeCases" name="test_analyze_multiple_activities_in_file" time="0.010" /><testcase classname="test_16_import_full.TestImportFullAnalyzeEdgeCases" name="test_analyze_merged_cell_rows_grouped_under_one_activity" time="0.010" /><testcase classname="test_16_import_full.TestImportFullInjectEdgeCases" name="test_inject_no_entity_id_returns_400" time="0.001" /><testcase classname="test_16_import_full.TestImportFullInjectEdgeCases" name="test_inject_with_doer_links_role_as_executant" time="0.016" /><testcase classname="test_16_import_full.TestImportFullInjectEdgeCases" name="test_inject_with_approver_links_role_as_approbateur" time="0.012" /><testcase classname="test_16_import_full.TestImportFullInjectEdgeCases" name="test_inject_doer_and_approver_create_two_task_roles" time="0.019" /><testcase classname="test_16_import_full.TestImportFullInjectEdgeCases" name="test_inject_multiple_groups_activities_updated_count" time="0.013" /><testcase classname="test_16_import_full.TestImportFullInjectEdgeCases" name="test_inject_empty_task_name_not_created" time="0.006" /><testcase classname="test_16_import_full.TestImportFullInjectEdgeCases" name="test_inject_empty_string_tool_not_created" time="0.012" /><testcase classname="test_16_import_full.TestImportFullInjectEdgeCases" name="test_inject_activity_cross_entity_skipped" time="0.019" /><testcase classname="test_16_import_full.TestImportFullInjectEdgeCases" name="test_inject_doer_role_reused_not_recreated" time="0.026" /><testcase classname="test_16_import_full.TestParseExcelBytesMergedTools" name="test_extra_tool_row_appended_to_last_task" time="0.016" /><testcase classname="test_16_import_full.TestParseExcelBytesMergedTools" name="test_duplicate_tool_on_merged_row_not_added_twice" time="0.015" /><testcase classname="test_16_import_full.TestGrouperLignes" name="test_single_line_produces_one_group_one_task" time="0.000" /><testcase classname="test_16_import_full.TestGrouperLignes" name="test_merged_cells_propagate_activity_department_guarantor" time="0.000" /><testcase classname="test_16_import_full.TestGrouperLignes" name="test_extra_tool_row_appended_to_last_task" time="0.000" /><testcase classname="test_16_import_full.TestGrouperLignes" name="test_duplicate_tool_not_added_twice" time="0.000" /><testcase classname="test_16_import_full.TestGrouperLignes" name="test_line_without_activity_and_no_prior_group_is_skipped" time="0.000" /><testcase classname="test_16_import_full.TestGrouperLignes" name="test_group_without_any_task_is_excluded" time="0.000" /><testcase classname="test_16_import_full.TestGrouperLignes" name="test_new_activity_starts_a_new_group" time="0.000" /><testcase classname="test_17_chatbot.TestChatbotContext" name="test_get_context_valid_activity_returns_200" time="0.009" /><testcase classname="test_17_chatbot.TestChatbotContext" name="test_get_context_invalid_activity_returns_404" time="0.003" /><testcase classname="test_17_chatbot.TestChatbotContext" name="test_get_context_contains_seeded_task" time="0.007" /><testcase classname="test_17_chatbot.TestChatbotContext" name="test_get_context_available_tools_is_list" time="0.007" /><testcase classname="test_17_chatbot.TestChatbotContext" name="test_get_context_optional_fields_present" time="0.006" /><testcase classname="test_17_chatbot.TestChatbotContext" name="test_get_context_description_present" time="0.006" /><testcase classname="test_17_chatbot.TestChatbotContext" name="test_get_context_resolves_incoming_links_from_data_and_activity" time="0.024" /><testcase classname="test_17_chatbot.TestChatbotContext" name="test_get_context_resolves_outgoing_links_to_data_and_activity" time="0.024" /><testcase classname="test_17_chatbot.TestChatbotInject" name="test_inject_no_activity_id_returns_400" time="0.002" /><testcase classname="test_17_chatbot.TestChatbotInject" name="test_inject_invalid_activity_returns_404" time="0.003" /><testcase classname="test_17_chatbot.TestChatbotInject" name="test_inject_empty_tasks_returns_201_count_zero" time="0.004" /><testcase classname="test_17_chatbot.TestChatbotInject" name="test_inject_task_without_label_skipped" time="0.003" /><testcase classname="test_17_chatbot.TestChatbotInject" name="test_inject_whitespace_label_skipped" time="0.003" /><testcase classname="test_17_chatbot.TestChatbotInject" name="test_inject_valid_task_creates_it" time="0.007" /><testcase classname="test_17_chatbot.TestChatbotInject" name="test_inject_response_contains_task_id" time="0.143" /><testcase classname="test_17_chatbot.TestChatbotInject" name="test_inject_multiple_tasks_creates_all" time="0.011" /><testcase classname="test_17_chatbot.TestChatbotInject" name="test_inject_task_with_new_tool_creates_tool" time="0.013" /><testcase classname="test_17_chatbot.TestChatbotInject" name="test_inject_task_with_outgoing_link_creates_data_and_link" time="0.015" /><testcase classname="test_17_chatbot.TestChatbotInject" name="test_inject_outgoing_link_not_duplicated" time="0.018" /><testcase classname="test_17_chatbot.TestChatbotChat" name="test_chat_empty_message_returns_400" time="0.003" /><testcase classname="test_17_chatbot.TestChatbotChat" name="test_chat_whitespace_message_returns_400" time="0.002" /><testcase classname="test_17_chatbot.TestChatbotChat" name="test_chat_missing_message_field_returns_400" time="0.003" /><testcase classname="test_17_chatbot.TestChatbotChat" name="test_chat_with_message_returns_200_or_500" time="0.003" /><testcase classname="test_17_chatbot.TestChatbotChat" name="test_chat_mode_ameliorer_accepted" time="0.003" /><testcase classname="test_17_chatbot.TestChatbotChat" name="test_chat_error_response_has_error_key" time="0.003" /><testcase classname="test_17_chatbot.TestChatbotChat" name="test_chat_rich_activity_exercises_context_formatting" time="0.003" /><testcase classname="test_17_chatbot.TestChatbotChat" name="test_chat_prompts_unavailable_returns_503" time="0.003" /><testcase classname="test_17_chatbot.TestChatbotChat" name="test_chat_ai_success_returns_parsed_json_result" time="0.003" /><testcase classname="test_17_chatbot.TestChatbotChat" name="test_chat_ai_exception_returns_500_with_french_error" time="0.003" /><testcase classname="test_17_chatbot.TestChatbotInjectEdgeCases" name="test_inject_blank_tool_name_is_skipped" time="0.009" /><testcase classname="test_17_chatbot.TestChatbotInjectEdgeCases" name="test_inject_outgoing_link_resolves_existing_target_activity" time="0.013" /><testcase classname="test_17_chatbot.TestChatbotInjectEdgeCases" name="test_inject_exception_rolls_back_and_returns_500" time="0.004" /><testcase classname="test_18_gestion_compte.TestListUsers" name="test_list_users_accessible_with_auth" time="0.043" /><testcase classname="test_18_gestion_compte.TestListUsers" name="test_list_users_contains_html" time="0.009" /><testcase classname="test_18_gestion_compte.TestCreateUser" name="test_create_user_success_redirects" time="0.166" /><testcase classname="test_18_gestion_compte.TestCreateUser" name="test_create_user_with_age" time="0.186" /><testcase classname="test_18_gestion_compte.TestUpdateUser" name="test_update_user_get_ouvre_la_fiche_sur_la_liste" time="0.106" /><testcase classname="test_18_gestion_compte.TestUpdateUser" name="test_update_user_get_not_found_returns_404" time="0.004" /><testcase classname="test_18_gestion_compte.TestUpdateUser" name="test_update_user_post_success_redirects" time="0.110" /><testcase classname="test_18_gestion_compte.TestUpdateUser" name="test_update_user_post_changes_password" time="0.267" /><testcase classname="test_18_gestion_compte.TestUpdateUser" name="test_update_user_not_found_returns_404" time="0.010" /><testcase classname="test_18_gestion_compte.TestDeleteUser" name="test_delete_user_success_redirects" time="0.121" /><testcase classname="test_18_gestion_compte.TestDeleteUser" name="test_delete_user_not_found_returns_error" time="0.007" /><testcase classname="test_18_gestion_compte.TestDeleteUser" name="test_delete_user_removes_from_db" time="0.138" /><testcase classname="test_18_gestion_compte.TestGetAllUsers" name="test_get_all_users_returns_list" time="0.009" /><testcase classname="test_18_gestion_compte.TestGetAllUsers" name="test_get_all_users_fields" time="0.116" /><testcase classname="test_18_gestion_compte.TestGetManagers" name="test_get_managers_returns_list" time="0.012" /><testcase classname="test_18_gestion_compte.TestAssignManager" name="test_assign_manager_single_user" time="0.237" /><testcase classname="test_18_gestion_compte.TestAssignManager" name="test_assign_manager_multi_select" time="0.297" /><testcase classname="test_18_gestion_compte.TestGetSubordinates" name="test_get_subordinates_valid_manager" time="0.102" /><testcase classname="test_18_gestion_compte.TestGetSubordinates" name="test_get_subordinates_not_found_returns_404" time="0.004" /><testcase classname="test_18_gestion_compte.TestGetSubordinates" name="test_get_subordinates_reflects_assigned" time="0.205" /><testcase classname="test_18_gestion_compte.TestRemoveCollaborator" name="test_remove_collaborator_clears_manager" time="0.204" /><testcase classname="test_19_savoirs.TestAddSavoir" name="test_add_savoir_valid_returns_201" time="0.011" /><testcase classname="test_19_savoirs.TestAddSavoir" name="test_add_savoir_missing_description_returns_400" time="0.004" /><testcase classname="test_19_savoirs.TestAddSavoir" name="test_add_savoir_empty_description_returns_400" time="0.004" /><testcase classname="test_19_savoirs.TestAddSavoir" name="test_add_savoir_missing_activity_id_returns_400" time="0.004" /><testcase classname="test_19_savoirs.TestAddSavoir" name="test_add_savoir_invalid_activity_returns_404" time="0.005" /><testcase classname="test_19_savoirs.TestAddSavoir" name="test_add_savoir_response_has_id_and_description" time="0.009" /><testcase classname="test_19_savoirs.TestAddSavoir" name="test_add_savoir_persists_in_db" time="0.010" /><testcase classname="test_19_savoirs.TestAddSavoir" name="test_add_savoir_empty_json_body_returns_400" time="0.003" /><testcase classname="test_19_savoirs.TestAddSavoir" name="test_add_savoir_db_error_rolls_back_and_returns_500" time="0.003" /><testcase classname="test_19_savoirs.TestUpdateSavoir" name="test_update_savoir_valid_returns_200" time="0.008" /><testcase classname="test_19_savoirs.TestUpdateSavoir" name="test_update_savoir_persists_change" time="0.008" /><testcase classname="test_19_savoirs.TestUpdateSavoir" name="test_update_savoir_empty_description_returns_400" time="0.005" /><testcase classname="test_19_savoirs.TestUpdateSavoir" name="test_update_savoir_wrong_savoir_id_returns_404" time="0.003" /><testcase classname="test_19_savoirs.TestUpdateSavoir" name="test_update_savoir_wrong_activity_id_returns_404" time="0.006" /><testcase classname="test_19_savoirs.TestUpdateSavoir" name="test_update_savoir_whitespace_only_returns_400" time="0.005" /><testcase classname="test_19_savoirs.TestUpdateSavoir" name="test_update_savoir_db_error_rolls_back_and_returns_500" time="0.006" /><testcase classname="test_19_savoirs.TestDeleteSavoir" name="test_delete_savoir_valid_returns_200" time="0.005" /><testcase classname="test_19_savoirs.TestDeleteSavoir" name="test_delete_savoir_removes_from_db" time="0.006" /><testcase classname="test_19_savoirs.TestDeleteSavoir" name="test_delete_savoir_not_found_returns_404" time="0.003" /><testcase classname="test_19_savoirs.TestDeleteSavoir" name="test_delete_savoir_wrong_activity_returns_404" time="0.006" /><testcase classname="test_19_savoirs.TestDeleteSavoir" name="test_delete_savoir_idempotent_returns_404_on_second_call" time="0.006" /><testcase classname="test_19_savoirs.TestDeleteSavoir" name="test_delete_savoir_db_error_rolls_back_and_returns_500" time="0.008" /><testcase classname="test_19_savoirs.TestRenderSavoirs" name="test_render_savoirs_valid_activity_returns_200" time="0.003" /><testcase classname="test_19_savoirs.TestRenderSavoirs" name="test_render_savoirs_invalid_activity_returns_404" time="0.003" /><testcase classname="test_19_savoirs.TestRenderSavoirs" name="test_render_savoirs_contains_seeded_content" time="0.009" /><testcase classname="test_20_savoir_faires.TestAddSavoirFaireUnique" name="test_add_sf_valid_returns_201" time="0.007" /><testcase classname="test_20_savoir_faires.TestAddSavoirFaireUnique" name="test_add_sf_missing_description_returns_400" time="0.003" /><testcase classname="test_20_savoir_faires.TestAddSavoirFaireUnique" name="test_add_sf_empty_description_returns_400" time="0.003" /><testcase classname="test_20_savoir_faires.TestAddSavoirFaireUnique" name="test_add_sf_missing_activity_id_returns_400" time="0.002" /><testcase classname="test_20_savoir_faires.TestAddSavoirFaireUnique" name="test_add_sf_invalid_activity_returns_404" time="0.003" /><testcase classname="test_20_savoir_faires.TestAddSavoirFaireUnique" name="test_add_sf_persists_in_db" time="0.007" /><testcase classname="test_20_savoir_faires.TestAddSavoirFaireUnique" name="test_add_sf_response_has_id_and_description" time="0.006" /><testcase classname="test_20_savoir_faires.TestAddSavoirFaireUnique" name="test_add_sf_db_error_rolls_back_and_returns_500" time="0.003" /><testcase classname="test_20_savoir_faires.TestAddSavoirFairesBatch" name="test_add_sf_batch_valid_returns_201" time="0.009" /><testcase classname="test_20_savoir_faires.TestAddSavoirFairesBatch" name="test_add_sf_batch_empty_list_returns_201_count_zero" time="0.005" /><testcase classname="test_20_savoir_faires.TestAddSavoirFairesBatch" name="test_add_sf_batch_skips_empty_strings" time="0.003" /><testcase classname="test_20_savoir_faires.TestAddSavoirFairesBatch" name="test_add_sf_batch_mixed_valid_and_empty" time="0.010" /><testcase classname="test_20_savoir_faires.TestAddSavoirFairesBatch" name="test_add_sf_batch_invalid_activity_returns_404" time="0.003" /><testcase classname="test_20_savoir_faires.TestAddSavoirFairesBatch" name="test_add_sf_batch_items_have_id_and_description" time="0.007" /><testcase classname="test_20_savoir_faires.TestAddSavoirFairesBatch" name="test_add_sf_batch_db_error_rolls_back_and_returns_500" time="0.003" /><testcase classname="test_20_savoir_faires.TestUpdateSavoirFaire" name="test_update_sf_valid_returns_200" time="0.007" /><testcase classname="test_20_savoir_faires.TestUpdateSavoirFaire" name="test_update_sf_persists_change" time="0.008" /><testcase classname="test_20_savoir_faires.TestUpdateSavoirFaire" name="test_update_sf_empty_description_returns_400" time="0.006" /><testcase classname="test_20_savoir_faires.TestUpdateSavoirFaire" name="test_update_sf_whitespace_description_returns_400" time="0.005" /><testcase classname="test_20_savoir_faires.TestUpdateSavoirFaire" name="test_update_sf_wrong_sf_id_returns_404" time="0.003" /><testcase classname="test_20_savoir_faires.TestUpdateSavoirFaire" name="test_update_sf_wrong_activity_id_returns_404" time="0.006" /><testcase classname="test_20_savoir_faires.TestUpdateSavoirFaire" name="test_update_sf_db_error_rolls_back_and_returns_500" time="0.006" /><testcase classname="test_20_savoir_faires.TestDeleteSavoirFaire" name="test_delete_sf_valid_returns_200" time="0.006" /><testcase classname="test_20_savoir_faires.TestDeleteSavoirFaire" name="test_delete_sf_removes_from_db" time="0.007" /><testcase classname="test_20_savoir_faires.TestDeleteSavoirFaire" name="test_delete_sf_not_found_returns_404" time="0.003" /><testcase classname="test_20_savoir_faires.TestDeleteSavoirFaire" name="test_delete_sf_wrong_activity_returns_404" time="0.007" /><testcase classname="test_20_savoir_faires.TestDeleteSavoirFaire" name="test_delete_sf_idempotent_returns_404_on_second_call" time="0.007" /><testcase classname="test_20_savoir_faires.TestDeleteSavoirFaire" name="test_delete_sf_db_error_rolls_back_and_returns_500" time="0.007" /><testcase classname="test_20_savoir_faires.TestRenderSavoirFaires" name="test_render_sf_valid_activity_returns_200" time="0.004" /><testcase classname="test_20_savoir_faires.TestRenderSavoirFaires" name="test_render_sf_invalid_activity_returns_404" time="0.003" /><testcase classname="test_20_savoir_faires.TestRenderSavoirFaires" name="test_render_sf_contains_created_sf" time="0.007" /><testcase classname="test_21_export.TestFileUpload" name="test_upload_valid_file_returns_201" time="0.006" /><testcase classname="test_21_export.TestFileUpload" name="test_upload_binary_file_returns_201" time="0.005" /><testcase classname="test_21_export.TestFileUpload" name="test_upload_no_file_returns_400" time="0.003" /><testcase classname="test_21_export.TestFileUpload" name="test_upload_empty_filename_returns_400" time="0.003" /><testcase classname="test_21_export.TestFileUpload" name="test_upload_persists_in_db" time="0.006" /><testcase classname="test_21_export.TestFileServeDB" name="test_serve_existing_file_returns_content" time="0.005" /><testcase classname="test_21_export.TestFileServeDB" name="test_serve_file_has_correct_mimetype" time="0.005" /><testcase classname="test_21_export.TestFileServeDB" name="test_serve_nonexistent_file_returns_404" time="0.003" /><testcase classname="test_21_export.TestServeFile" name="test_serve_file_no_path_returns_400" time="0.003" /><testcase classname="test_21_export.TestServeFile" name="test_serve_file_db_path_returns_content" time="0.005" /><testcase classname="test_21_export.TestServeFile" name="test_serve_file_db_path_invalid_id_returns_404" time="0.003" /><testcase classname="test_21_export.TestServeFile" name="test_serve_file_db_path_missing_blob_returns_404" time="0.003" /><testcase classname="test_21_export.TestServeFile" name="test_serve_file_local_nonexistent_returns_404" time="0.002" /><testcase classname="test_21_export.TestExportEntity" name="test_export_no_entity_id_returns_400" time="0.002" /><testcase classname="test_21_export.TestExportEntity" name="test_export_invalid_entity_id_returns_404" time="0.003" /><testcase classname="test_21_export.TestExportEntity" name="test_export_excel_default_returns_200" time="0.018" /><testcase classname="test_21_export.TestExportEntity" name="test_export_excel_is_valid_xlsx" time="0.018" /><testcase classname="test_21_export.TestExportEntity" name="test_export_html_returns_200" time="0.005" /><testcase classname="test_21_export.TestExportEntity" name="test_export_html_contains_entity_name" time="0.007" /><testcase classname="test_21_export.TestExportEntity" name="test_export_html_has_required_sections" time="0.006" /><testcase classname="test_21_export.TestExportEntity" name="test_export_with_role_id_returns_200" time="0.026" /><testcase classname="test_21_export.TestExportEntity" name="test_export_with_invalid_role_id_falls_back_to_empty" time="0.016" /><testcase classname="test_21_export.TestExportEntity" name="test_export_html_attachment_disposition" time="0.005" /><testcase classname="test_21_export.TestExportEntity" name="test_export_excel_attachment_disposition" time="0.017" /><testcase classname="test_22_propose_ia.TestProposeSavoirs" name="test_fallback_no_openai_key_returns_200" time="0.004" /><testcase classname="test_22_propose_ia.TestProposeSavoirs" name="test_fallback_source_field_present" time="0.004" /><testcase classname="test_22_propose_ia.TestProposeSavoirs" name="test_empty_body_no_crash" time="0.003" /><testcase classname="test_22_propose_ia.TestProposeSavoirs" name="test_proposals_are_non_empty_strings" time="0.004" /><testcase classname="test_22_propose_ia.TestProposeSavoirs" name="test_with_savoir_faires_context" time="0.003" /><testcase classname="test_22_propose_ia.TestProposeSavoirs" name="test_fallback_returns_at_least_three_proposals" time="0.003" /><testcase classname="test_22_propose_ia.TestProposeSavoirs" name="test_with_openai_key_success_returns_parsed_lines" time="0.002" /><testcase classname="test_22_propose_ia.TestProposeSavoirs" name="test_with_openai_key_english_lang_success" time="0.003" /><testcase classname="test_22_propose_ia.TestProposeSavoirs" name="test_with_openai_key_exception_returns_fallback_error_fr" time="0.003" /><testcase classname="test_22_propose_ia.TestProposeSavoirs" name="test_with_openai_key_exception_returns_fallback_error_en" time="0.003" /><testcase classname="test_22_propose_ia.TestProposeSavoirFaires" name="test_fallback_returns_200_with_proposals" time="0.003" /><testcase classname="test_22_propose_ia.TestProposeSavoirFaires" name="test_proposals_are_strings" time="0.004" /><testcase classname="test_22_propose_ia.TestProposeSavoirFaires" name="test_source_field_present" time="0.003" /><testcase classname="test_22_propose_ia.TestProposeSavoirFaires" name="test_with_full_activity_context" time="0.003" /><testcase classname="test_22_propose_ia.TestProposeSavoirFaires" name="test_fallback_at_least_three_items" time="0.003" /><testcase classname="test_22_propose_ia.TestProposeSavoirFaires" name="test_with_openai_key_success_returns_parsed_lines" time="0.002" /><testcase classname="test_22_propose_ia.TestProposeSavoirFaires" name="test_with_openai_key_english_lang_success" time="0.002" /><testcase classname="test_22_propose_ia.TestProposeSavoirFaires" name="test_with_openai_key_exception_returns_fallback_error_fr" time="0.003" /><testcase classname="test_22_propose_ia.TestProposeSavoirFaires" name="test_with_openai_key_exception_returns_fallback_error_en" time="0.003" /><testcase classname="test_22_propose_ia.TestProposeSoftskills" name="test_fallback_returns_200_with_proposals" time="0.004" /><testcase classname="test_22_propose_ia.TestProposeSoftskills" name="test_proposals_have_habilete_field" time="0.003" /><testcase classname="test_22_propose_ia.TestProposeSoftskills" name="test_proposals_have_niveau_field" time="0.004" /><testcase classname="test_22_propose_ia.TestProposeSoftskills" name="test_proposals_have_justification_field" time="0.003" /><testcase classname="test_22_propose_ia.TestProposeSoftskills" name="test_source_field_in_fallback" time="0.003" /><testcase classname="test_22_propose_ia.TestProposeSoftskills" name="test_with_tasks_and_constraints" time="0.003" /><testcase classname="test_22_propose_ia.TestProposeSoftskills" name="test_with_openai_key_valid_json_array_success" time="0.003" /><testcase classname="test_22_propose_ia.TestProposeSoftskills" name="test_with_openai_key_single_dict_response_is_wrapped" time="0.003" /><testcase classname="test_22_propose_ia.TestProposeSoftskills" name="test_with_openai_key_english_lang_success" time="0.003" /><testcase classname="test_22_propose_ia.TestProposeSoftskills" name="test_with_openai_key_invalid_json_falls_back_to_text_lines" time="0.003" /><testcase classname="test_22_propose_ia.TestProposeSoftskills" name="test_with_openai_key_empty_json_array_uses_default_entry" time="0.002" /><testcase classname="test_22_propose_ia.TestProposeSoftskills" name="test_with_openai_key_unknown_niveau_uses_default_level" time="0.002" /><testcase classname="test_22_propose_ia.TestProposeSoftskills" name="test_with_openai_key_exception_returns_fallback_error_fr" time="0.003" /><testcase classname="test_22_propose_ia.TestProposeSoftskills" name="test_with_openai_key_exception_returns_fallback_error_en" time="0.003" /><testcase classname="test_22_propose_ia.TestProposeSoftskills" name="test_with_openai_key_unclosed_bracket_falls_back_to_text_lines" time="0.002" /><testcase classname="test_22_propose_ia.TestProposeSoftskills" name="test_with_openai_key_plain_string_tasks_and_constraints" time="0.002" /><testcase classname="test_22_propose_ia.TestProposeSoftskills" name="test_with_openai_key_empty_result_english_uses_default_entry" time="0.002" /><testcase classname="test_22_propose_ia.TestProposeAptitudes" name="test_propose_returns_200_fallback" time="0.005" /><testcase classname="test_22_propose_ia.TestProposeAptitudes" name="test_propose_source_field_present" time="0.005" /><testcase classname="test_22_propose_ia.TestProposeAptitudes" name="test_propose_empty_body_no_crash" time="0.005" /><testcase classname="test_22_propose_ia.TestProposeAptitudes" name="test_propose_full_payload_no_crash" time="0.005" /><testcase classname="test_22_propose_ia.TestProposeAptitudes" name="test_feasibility_returns_200_fallback" time="0.005" /><testcase classname="test_22_propose_ia.TestProposeAptitudes" name="test_feasibility_empty_body_no_crash" time="0.003" /><testcase classname="test_22_propose_ia.TestProposeAptitudes" name="test_feasibility_source_field_present" time="0.003" /><testcase classname="test_22_propose_ia.TestProposeAptitudes" name="test_feasibility_with_assistive_list" time="0.003" /><testcase classname="test_22_propose_ia.TestProposeAptitudes" name="test_propose_with_openai_key_success_full_payload" time="0.002" /><testcase classname="test_22_propose_ia.TestProposeAptitudes" name="test_propose_with_openai_key_empty_payload_uses_defaults" time="0.002" /><testcase classname="test_22_propose_ia.TestProposeAptitudes" name="test_propose_with_openai_key_english_lang_success" time="0.002" /><testcase classname="test_22_propose_ia.TestProposeAptitudes" name="test_propose_with_openai_key_invalid_json_returns_error" time="0.002" /><testcase classname="test_22_propose_ia.TestProposeAptitudes" name="test_propose_with_openai_key_exception_returns_error" time="0.002" /><testcase classname="test_22_propose_ia.TestProposeAptitudes" name="test_propose_with_openai_key_no_brackets_returns_error" time="0.003" /><testcase classname="test_22_propose_ia.TestProposeAptitudes" name="test_propose_with_openai_key_bare_array_response" time="0.002" /><testcase classname="test_22_propose_ia.TestProposeAptitudes" name="test_feasibility_with_openai_key_success_full_payload" time="0.002" /><testcase classname="test_22_propose_ia.TestProposeAptitudes" name="test_feasibility_with_openai_key_no_assistive_products_default_text" time="0.002" /><testcase classname="test_22_propose_ia.TestProposeAptitudes" name="test_feasibility_with_openai_key_non_list_assistive_products" time="0.002" /><testcase classname="test_22_propose_ia.TestProposeAptitudes" name="test_feasibility_with_openai_key_english_lang_success" time="0.002" /><testcase classname="test_22_propose_ia.TestProposeAptitudes" name="test_feasibility_with_openai_key_invalid_json_returns_error" time="0.002" /><testcase classname="test_22_propose_ia.TestProposeAptitudes" name="test_feasibility_with_openai_key_exception_returns_error" time="0.002" /><testcase classname="test_22_propose_ia.TestSkillsPropose" name="test_no_tasks_returns_400" time="0.003" /><testcase classname="test_22_propose_ia.TestSkillsPropose" name="test_empty_tasks_list_returns_400" time="0.003" /><testcase classname="test_22_propose_ia.TestSkillsPropose" name="test_whitespace_only_tasks_returns_400" time="0.003" /><testcase classname="test_22_propose_ia.TestSkillsPropose" name="test_with_tasks_no_key_returns_500" time="0.003" /><testcase classname="test_22_propose_ia.TestSkillsPropose" name="test_empty_body_returns_400" time="0.002" /><testcase classname="test_22_propose_ia.TestSkillsCRUD" name="test_add_competency_success_returns_201" time="0.010" /><testcase classname="test_22_propose_ia.TestSkillsCRUD" name="test_add_competency_response_has_description" time="0.006" /><testcase classname="test_22_propose_ia.TestSkillsCRUD" name="test_add_missing_activity_id_returns_400" time="0.003" /><testcase classname="test_22_propose_ia.TestSkillsCRUD" name="test_add_empty_description_returns_400" time="0.003" /><testcase classname="test_22_propose_ia.TestSkillsCRUD" name="test_add_empty_body_returns_400" time="0.003" /><testcase classname="test_22_propose_ia.TestSkillsCRUD" name="test_update_competency_success" time="0.008" /><testcase classname="test_22_propose_ia.TestSkillsCRUD" name="test_update_response_has_id_and_description" time="0.008" /><testcase classname="test_22_propose_ia.TestSkillsCRUD" name="test_update_empty_description_returns_400" time="0.006" /><testcase classname="test_22_propose_ia.TestSkillsCRUD" name="test_update_nonexistent_returns_404" time="0.003" /><testcase classname="test_22_propose_ia.TestSkillsCRUD" name="test_delete_competency_success" time="0.006" /><testcase classname="test_22_propose_ia.TestSkillsCRUD" name="test_delete_response_has_message" time="0.006" /><testcase classname="test_22_propose_ia.TestSkillsCRUD" name="test_delete_nonexistent_returns_404" time="0.003" /><testcase classname="test_22_propose_ia.TestSkillsCRUD" name="test_delete_removes_from_db" time="0.007" /><testcase classname="test_22_propose_ia.TestActivityItemsAPI" name="test_returns_200_for_existing_activity" time="0.004" /><testcase classname="test_22_propose_ia.TestActivityItemsAPI" name="test_response_has_savoirs_key" time="0.004" /><testcase classname="test_22_propose_ia.TestActivityItemsAPI" name="test_response_has_savoir_faire_key" time="0.004" /><testcase classname="test_22_propose_ia.TestActivityItemsAPI" name="test_response_has_hsc_key" time="0.004" /><testcase classname="test_22_propose_ia.TestActivityItemsAPI" name="test_all_values_are_lists" time="0.003" /><testcase classname="test_22_propose_ia.TestActivityItemsAPI" name="test_nonexistent_activity_returns_empty_lists" time="0.004" /><testcase classname="test_22_propose_ia.TestActivityItemsAPI" name="test_seeded_savoir_appears_in_response" time="0.008" /><testcase classname="test_22_propose_ia.TestActivityItemsAPI" name="test_items_have_id_and_name_fields" time="0.008" /><testcase classname="test_23_performance_perso.TestListPerf" name="test_list_returns_200_and_array" time="0.006" /><testcase classname="test_23_performance_perso.TestListPerf" name="test_list_filter_by_user_id" time="0.014" /><testcase classname="test_23_performance_perso.TestListPerf" name="test_list_filter_by_activity_id" time="0.006" /><testcase classname="test_23_performance_perso.TestListPerf" name="test_list_unknown_user_returns_empty_array" time="0.005" /><testcase classname="test_23_performance_perso.TestListPerf" name="test_list_excludes_soft_deleted" time="0.011" /><testcase classname="test_23_performance_perso.TestCreatePerf" name="test_create_returns_201_or_200_with_item" time="0.005" /><testcase classname="test_23_performance_perso.TestCreatePerf" name="test_create_default_status_non_validee" time="0.006" /><testcase classname="test_23_performance_perso.TestCreatePerf" name="test_create_status_validee_normalisation" time="0.005" /><testcase classname="test_23_performance_perso.TestCreatePerf" name="test_create_status_true_maps_to_validee" time="0.006" /><testcase classname="test_23_performance_perso.TestCreatePerf" name="test_create_missing_user_id_returns_400" time="0.003" /><testcase classname="test_23_performance_perso.TestCreatePerf" name="test_create_missing_activity_id_returns_400" time="0.003" /><testcase classname="test_23_performance_perso.TestCreatePerf" name="test_create_empty_content_returns_400" time="0.004" /><testcase classname="test_23_performance_perso.TestCreatePerf" name="test_create_accepts_contenu_alias" time="0.006" /><testcase classname="test_23_performance_perso.TestCreatePerf" name="test_create_item_appears_in_list" time="0.006" /><testcase classname="test_23_performance_perso.TestUpdatePerf" name="test_update_content_returns_200" time="0.008" /><testcase classname="test_23_performance_perso.TestUpdatePerf" name="test_update_validation_status" time="0.008" /><testcase classname="test_23_performance_perso.TestUpdatePerf" name="test_update_no_change_returns_ok" time="0.006" /><testcase classname="test_23_performance_perso.TestUpdatePerf" name="test_update_nonexistent_returns_404" time="0.003" /><testcase classname="test_23_performance_perso.TestUpdatePerf" name="test_update_contenu_alias" time="0.008" /><testcase classname="test_23_performance_perso.TestDeletePerf" name="test_delete_soft_returns_200_ok" time="0.007" /><testcase classname="test_23_performance_perso.TestDeletePerf" name="test_delete_nonexistent_returns_404" time="0.003" /><testcase classname="test_23_performance_perso.TestDeletePerf" name="test_delete_marks_deleted_flag" time="0.008" /><testcase classname="test_23_performance_perso.TestHistoryPerf" name="test_history_list_returns_200" time="0.006" /><testcase classname="test_23_performance_perso.TestHistoryPerf" name="test_history_create_event_recorded" time="0.006" /><testcase classname="test_23_performance_perso.TestHistoryPerf" name="test_history_update_event_recorded" time="0.009" /><testcase classname="test_23_performance_perso.TestHistoryPerf" name="test_history_delete_event_recorded" time="0.008" /><testcase classname="test_23_performance_perso.TestHistoryPerf" name="test_history_by_perf_id_returns_performance_id" time="0.005" /><testcase classname="test_23_performance_perso.TestHistoryPerf" name="test_history_unknown_perf_id_returns_empty" time="0.003" /><testcase classname="test_23_performance_perso.TestHistoryPerf" name="test_history_delete_purges_records" time="0.008" /><testcase classname="test_24_roles_view.TestRolesViewPage" name="test_page_returns_200_when_authenticated" time="0.031" /><testcase classname="test_24_roles_view.TestRolesViewPage" name="test_page_returns_html_content" time="0.007" /><testcase classname="test_24_roles_view.TestRolesViewPage" name="test_page_without_auth_returns_redirect_or_200" time="0.006" /><testcase classname="test_24_roles_view.TestRolesViewPage" name="test_page_with_existing_role_returns_200" time="0.022" /><testcase classname="test_24_roles_view.TestRolesViewPage" name="test_page_content_is_not_empty" time="0.007" /><testcase classname="test_24_roles_view.TestUpdateRoleMission" name="test_update_mission_returns_ok_true" time="0.006" /><testcase classname="test_24_roles_view.TestUpdateRoleMission" name="test_update_mission_response_contains_role_id" time="0.007" /><testcase classname="test_24_roles_view.TestUpdateRoleMission" name="test_update_mission_requires_auth" time="0.005" /><testcase classname="test_24_roles_view.TestUpdateRoleMission" name="test_update_mission_persists_in_db" time="0.007" /><testcase classname="test_24_roles_view.TestUpdateRoleMission" name="test_update_mission_empty_string_accepted" time="0.007" /><testcase classname="test_24_roles_view.TestUpdateRoleMission" name="test_update_mission_missing_key_defaults_to_empty" time="0.006" /><testcase classname="test_24_roles_view.TestUpdateRoleMission" name="test_update_mission_nonexistent_role_returns_ok" time="0.003" /><testcase classname="test_24_roles_view.TestUpdateRoleMission" name="test_update_mission_overwrites_previous_value" time="0.009" /><testcase classname="test_24_roles_view.TestValidationLevel" name="test_returns_200_json" time="0.004" /><testcase classname="test_24_roles_view.TestValidationLevel" name="test_response_has_level_key" time="0.003" /><testcase classname="test_24_roles_view.TestValidationLevel" name="test_level_is_null_when_no_validation_table" time="0.003" /><testcase classname="test_24_roles_view.TestValidationLevel" name="test_unknown_user_and_role_returns_null" time="0.003" /><testcase classname="test_24_roles_view.TestActivityItemsAPI" name="test_returns_200_for_known_activity" time="0.003" /><testcase classname="test_24_roles_view.TestActivityItemsAPI" name="test_response_has_three_keys" time="0.003" /><testcase classname="test_24_roles_view.TestActivityItemsAPI" name="test_all_values_are_lists" time="0.004" /><testcase classname="test_24_roles_view.TestActivityItemsAPI" name="test_unknown_activity_returns_empty_lists" time="0.005" /><testcase classname="test_24_roles_view.TestActivityItemsAPI" name="test_savoir_item_has_id_and_name" time="0.007" /><testcase classname="test_24_roles_view.TestActivityItemsAPI" name="test_savoir_faire_item_has_id_and_name" time="0.007" /><testcase classname="test_24_roles_view.TestActivityItemsAPI" name="test_softskill_hsc_item_has_id_and_name" time="0.007" /><testcase classname="test_24_roles_view.TestActivityItemsAPI" name="test_hsc_name_includes_niveau_in_parens" time="0.007" /><testcase classname="test_24_roles_view" name="test_un_garant_en_minuscule_est_bien_liste" time="0.026" /><testcase classname="test_24_roles_view" name="test_une_aptitude_de_l_activite_garante_apparait_dans_le_bloc4" time="0.020" /><testcase classname="test_24_roles_view" name="test_la_carto_ecrit_le_statut_garant_capitalise" time="0.046" /><testcase classname="test_25_competences_plan.TestSavePrequis" name="test_save_prerequis_returns_ok" time="0.007" /><testcase classname="test_25_competences_plan.TestSavePrequis" name="test_save_prerequis_with_comments" time="0.005" /><testcase classname="test_25_competences_plan.TestSavePrequis" name="test_save_prerequis_multiple_comments" time="0.006" /><testcase classname="test_25_competences_plan.TestSavePrequis" name="test_save_prerequis_replaces_previous" time="0.009" /><testcase classname="test_25_competences_plan.TestSavePrequis" name="test_save_prerequis_empty_comments_clears_all" time="0.008" /><testcase classname="test_25_competences_plan.TestGetPrerequisites" name="test_get_returns_list" time="0.004" /><testcase classname="test_25_competences_plan.TestGetPrerequisites" name="test_get_unknown_user_returns_empty_list" time="0.003" /><testcase classname="test_25_competences_plan.TestGetPrerequisites" name="test_get_after_save_returns_saved_comments" time="0.008" /><testcase classname="test_25_competences_plan.TestGetPrerequisites" name="test_get_returns_expected_fields" time="0.006" /><testcase classname="test_25_competences_plan.TestGeneratePlan" name="test_generate_plan_returns_ok_true" time="0.006" /><testcase classname="test_25_competences_plan.TestGeneratePlan" name="test_generate_plan_returns_plan_key" time="0.005" /><testcase classname="test_25_competences_plan.TestGeneratePlan" name="test_generate_plan_dummy_has_type_field" time="0.005" /><testcase classname="test_25_competences_plan.TestGeneratePlan" name="test_generate_plan_dummy_has_axes" time="0.005" /><testcase classname="test_25_competences_plan.TestGeneratePlan" name="test_generate_plan_with_empty_contexte" time="0.005" /><testcase classname="test_25_competences_plan.TestGeneratePlan" name="test_generate_plan_prompts_unavailable_returns_503" time="0.004" /><testcase classname="test_25_competences_plan.TestGeneratePlan" name="test_generate_plan_invalid_user_id_returns_dummy_with_warning" time="0.003" /><testcase classname="test_25_competences_plan.TestCallLlmOrDummy" name="test_no_api_key_returns_dummy" time="0.000" /><testcase classname="test_25_competences_plan.TestCallLlmOrDummy" name="test_ai_success_returns_parsed_json" time="0.001" /><testcase classname="test_25_competences_plan.TestCallLlmOrDummy" name="test_ai_response_with_surrounding_text_extracts_json" time="0.001" /><testcase classname="test_25_competences_plan.TestCallLlmOrDummy" name="test_ai_response_unparseable_returns_dummy_with_raw" time="0.000" /><testcase classname="test_25_competences_plan.TestCallLlmOrDummy" name="test_ai_client_exception_returns_dummy_with_error" time="0.000" /><testcase classname="test_25_competences_plan.TestEnsureTablesExist" name="test_postgres_path_creates_both_tables_when_missing" time="0.001" /><testcase classname="test_25_competences_plan.TestEnsureTablesExist" name="test_swallows_failure_when_both_postgres_and_sqlite_creation_fail" time="0.001" /><testcase classname="test_25_competences_plan.TestSavePlan" name="test_save_plan_creates_new_entry" time="0.005" /><testcase classname="test_25_competences_plan.TestSavePlan" name="test_save_plan_returns_plan_id" time="0.005" /><testcase classname="test_25_competences_plan.TestSavePlan" name="test_save_plan_conflict_returns_409_without_force" time="0.005" /><testcase classname="test_25_competences_plan.TestSavePlan" name="test_save_plan_force_true_replaces_existing" time="0.006" /><testcase classname="test_25_competences_plan.TestSavePlan" name="test_save_plan_missing_user_id_returns_400" time="0.003" /><testcase classname="test_25_competences_plan.TestSavePlan" name="test_save_plan_missing_activity_id_returns_400" time="0.003" /><testcase classname="test_25_competences_plan.TestSavePlan" name="test_save_plan_missing_plan_returns_400" time="0.003" /><testcase classname="test_25_competences_plan.TestGetPlan" name="test_get_plan_unknown_returns_404" time="0.003" /><testcase classname="test_25_competences_plan.TestGetPlan" name="test_get_plan_after_save_returns_ok" time="0.005" /><testcase classname="test_25_competences_plan.TestGetPlan" name="test_get_plan_returns_correct_content" time="0.005" /><testcase classname="test_25_competences_plan.TestGetPlan" name="test_get_plan_has_meta_fields" time="0.005" /><testcase classname="test_26_import_tasks.TestImportTasksValidate" name="test_validate_csv_valid_row_returns_ok_status" time="0.004" /><testcase classname="test_26_import_tasks.TestImportTasksValidate" name="test_validate_csv_unknown_activity_is_error" time="0.004" /><testcase classname="test_26_import_tasks.TestImportTasksValidate" name="test_validate_csv_missing_task_name_is_error" time="0.004" /><testcase classname="test_26_import_tasks.TestImportTasksValidate" name="test_validate_json_valid_row_returns_ok" time="0.004" /><testcase classname="test_26_import_tasks.TestImportTasksValidate" name="test_validate_json_with_connections_parses_links" time="0.004" /><testcase classname="test_26_import_tasks.TestImportTasksValidate" name="test_validate_json_invalid_data_type_becomes_warning" time="0.004" /><testcase classname="test_26_import_tasks.TestImportTasksValidate" name="test_validate_empty_content_returns_400" time="0.003" /><testcase classname="test_26_import_tasks.TestImportTasksValidate" name="test_validate_json_not_array_returns_400" time="0.002" /><testcase classname="test_26_import_tasks.TestImportTasksValidate" name="test_validate_response_contains_summary_keys" time="0.004" /><testcase classname="test_26_import_tasks.TestImportTasksValidate" name="test_validate_row_has_expected_fields" time="0.004" /><testcase classname="test_26_import_tasks.TestImportTasksValidate" name="test_validate_csv_multiple_rows_counts_correctly" time="0.004" /><testcase classname="test_26_import_tasks.TestImportTasksValidate" name="test_validate_tools_parsed_from_semicolon_separated" time="0.004" /><testcase classname="test_26_import_tasks.TestImportTasksInject" name="test_inject_creates_task_in_db" time="0.006" /><testcase classname="test_26_import_tasks.TestImportTasksInject" name="test_inject_with_new_tool_creates_tool" time="0.009" /><testcase classname="test_26_import_tasks.TestImportTasksInject" name="test_inject_with_existing_tool_reuses_it" time="0.010" /><testcase classname="test_26_import_tasks.TestImportTasksInject" name="test_inject_with_incoming_link_creates_data_and_link" time="0.008" /><testcase classname="test_26_import_tasks.TestImportTasksInject" name="test_inject_with_outgoing_link_creates_data_and_link" time="0.007" /><testcase classname="test_26_import_tasks.TestImportTasksInject" name="test_inject_no_results_returns_400" time="0.003" /><testcase classname="test_26_import_tasks.TestImportTasksInject" name="test_inject_all_error_rows_returns_400" time="0.003" /><testcase classname="test_26_import_tasks.TestImportTasksInject" name="test_inject_returns_created_list_with_tache_and_activite" time="0.005" /><testcase classname="test_26_import_tasks.TestImportTasksInject" name="test_inject_multiple_rows_creates_all_tasks" time="0.006" /><testcase classname="test_26_import_tasks.TestImportTasksInject" name="test_full_flow_validate_then_inject" time="0.011" /><testcase classname="test_27_activities_view.TestActivitiesViewPage" name="test_view_authenticated_returns_200" time="0.022" /><testcase classname="test_27_activities_view.TestActivitiesViewPage" name="test_view_unauthenticated_does_not_crash" time="0.019" /><testcase classname="test_27_activities_view.TestActivitiesViewPage" name="test_view_returns_html" time="0.022" /><testcase classname="test_27_activities_view.TestActivitiesViewPage" name="test_view_contains_seeded_activity_name" time="0.026" /><testcase classname="test_27_activities_view.TestActivitiesViewPinned" name="test_pinned_activity_valid_id_returns_200" time="0.028" /><testcase classname="test_27_activities_view.TestActivitiesViewPinned" name="test_pinned_activity_unknown_id_returns_200" time="0.028" /><testcase classname="test_27_activities_view.TestActivitiesViewPinned" name="test_pinned_activity_content_present" time="0.025" /><testcase classname="test_27_activities_view.TestActivitiesViewPinned" name="test_pinned_activity_zero_not_treated_as_id" time="0.028" /><testcase classname="test_27_activities_view.TestActivitiesViewMore" name="test_view_more_returns_200" time="0.011" /><testcase classname="test_27_activities_view.TestActivitiesViewMore" name="test_view_more_returns_json" time="0.007" /><testcase classname="test_27_activities_view.TestActivitiesViewMore" name="test_view_more_has_required_keys" time="0.007" /><testcase classname="test_27_activities_view.TestActivitiesViewMore" name="test_view_more_html_is_string" time="0.006" /><testcase classname="test_27_activities_view.TestActivitiesViewMore" name="test_view_more_has_more_is_bool" time="0.007" /><testcase classname="test_27_activities_view.TestActivitiesViewMore" name="test_view_more_next_offset_is_int" time="0.007" /><testcase classname="test_27_activities_view.TestActivitiesViewMoreOffset" name="test_offset_zero_returns_activities" time="0.022" /><testcase classname="test_27_activities_view.TestActivitiesViewMoreOffset" name="test_high_offset_returns_empty_html" time="0.004" /><testcase classname="test_27_activities_view.TestActivitiesViewMoreOffset" name="test_high_offset_next_offset_equals_input" time="0.004" /><testcase classname="test_27_activities_view.TestActivitiesViewMoreOffset" name="test_offset_default_is_page_size" time="0.004" /><testcase classname="test_27_activities_view.TestActivitiesViewMoreExclude" name="test_exclude_id_filters_out_activity" time="0.029" /><testcase classname="test_27_activities_view.TestActivitiesViewMoreExclude" name="test_exclude_unknown_id_does_not_crash" time="0.017" /><testcase classname="test_27_activities_view.TestActivitiesViewMoreExclude" name="test_exclude_zero_treated_as_no_filter" time="0.016" /><testcase classname="test_27_activities_view.TestActivitiesViewMoreExclude" name="test_unauthenticated_view_more_does_not_crash" time="0.003" /><testcase classname="test_28_plan_storage" name="test_la_table_des_plans_vient_bien_des_modeles" time="0.001" /><testcase classname="test_28_plan_storage.TestSavePlan" name="test_save_plan_success_returns_201_created" time="0.004" /><testcase classname="test_28_plan_storage.TestSavePlan" name="test_save_plan_missing_user_id_returns_400" time="0.003" /><testcase classname="test_28_plan_storage.TestSavePlan" name="test_save_plan_missing_activity_id_returns_400" time="0.003" /><testcase classname="test_28_plan_storage.TestSavePlan" name="test_save_plan_missing_plan_returns_400" time="0.012" /><testcase classname="test_28_plan_storage.TestSavePlan" name="test_save_plan_plan_null_is_rejected" time="0.004" /><testcase classname="test_28_plan_storage.TestSavePlan" name="test_save_plan_duplicate_without_force_returns_409" time="0.004" /><testcase classname="test_28_plan_storage.TestSavePlan" name="test_save_plan_force_replaces_existing" time="0.006" /><testcase classname="test_28_plan_storage.TestSavePlan" name="test_save_plan_with_role_id" time="0.006" /><testcase classname="test_28_plan_storage.TestSavePlan" name="test_save_plan_empty_plan_object_accepted" time="0.005" /><testcase classname="test_28_plan_storage.TestGetPlan" name="test_get_plan_existing_returns_ok" time="0.004" /><testcase classname="test_28_plan_storage.TestGetPlan" name="test_get_plan_content_matches_saved" time="0.006" /><testcase classname="test_28_plan_storage.TestGetPlan" name="test_get_plan_missing_returns_404" time="0.004" /><testcase classname="test_28_plan_storage.TestGetPlan" name="test_get_plan_has_meta_fields" time="0.004" /><testcase classname="test_28_plan_storage.TestSettingsPage" name="test_settings_page_accessible_authenticated" time="0.028" /><testcase classname="test_28_plan_storage.TestSettingsPage" name="test_settings_page_returns_html" time="0.006" /><testcase classname="test_28_plan_storage.TestSetLanguage" name="test_set_language_fr_accepted" time="0.007" /><testcase classname="test_28_plan_storage.TestSetLanguage" name="test_set_language_en_accepted" time="0.006" /><testcase classname="test_28_plan_storage.TestSetLanguage" name="test_set_language_invalid_returns_400" time="0.004" /><testcase classname="test_28_plan_storage.TestSetLanguage" name="test_set_language_empty_string_returns_400" time="0.004" /><testcase classname="test_28_plan_storage.TestSetLanguage" name="test_set_language_persists_in_session" time="0.010" /><testcase classname="test_29_constraints.TestConstraintsCreate" name="test_add_constraint_success" time="0.009" /><testcase classname="test_29_constraints.TestConstraintsCreate" name="test_add_constraint_with_file_path" time="0.008" /><testcase classname="test_29_constraints.TestConstraintsCreate" name="test_add_constraint_empty_description_returns_400" time="0.004" /><testcase classname="test_29_constraints.TestConstraintsCreate" name="test_add_constraint_missing_description_returns_400" time="0.003" /><testcase classname="test_29_constraints.TestConstraintsCreate" name="test_add_constraint_whitespace_description_returns_400" time="0.002" /><testcase classname="test_29_constraints.TestConstraintsCreate" name="test_add_constraint_activity_not_found_returns_404" time="0.003" /><testcase classname="test_29_constraints.TestConstraintsCreate" name="test_add_constraint_db_error_rolls_back_and_returns_500" time="0.003" /><testcase classname="test_29_constraints.TestConstraintsUpdate" name="test_update_constraint_success" time="0.008" /><testcase classname="test_29_constraints.TestConstraintsUpdate" name="test_update_constraint_file_path" time="0.008" /><testcase classname="test_29_constraints.TestConstraintsUpdate" name="test_update_constraint_empty_description_returns_400" time="0.006" /><testcase classname="test_29_constraints.TestConstraintsUpdate" name="test_update_constraint_not_found_returns_404" time="0.003" /><testcase classname="test_29_constraints.TestConstraintsUpdate" name="test_update_constraint_wrong_activity_returns_404" time="0.006" /><testcase classname="test_29_constraints.TestConstraintsUpdate" name="test_update_constraint_db_error_rolls_back_and_returns_500" time="0.006" /><testcase classname="test_29_constraints.TestConstraintsDelete" name="test_delete_constraint_success" time="0.005" /><testcase classname="test_29_constraints.TestConstraintsDelete" name="test_delete_constraint_not_found_returns_404" time="0.003" /><testcase classname="test_29_constraints.TestConstraintsDelete" name="test_delete_constraint_wrong_activity_returns_404" time="0.006" /><testcase classname="test_29_constraints.TestConstraintsDelete" name="test_delete_constraint_twice_returns_404" time="0.006" /><testcase classname="test_29_constraints.TestConstraintsDelete" name="test_delete_constraint_db_error_rolls_back_and_returns_500" time="0.006" /><testcase classname="test_29_constraints.TestConstraintsRender" name="test_render_constraints_activity_exists" time="0.004" /><testcase classname="test_29_constraints.TestConstraintsRender" name="test_render_constraints_with_data" time="0.007" /><testcase classname="test_29_constraints.TestConstraintsRender" name="test_render_constraints_activity_not_found" time="0.003" /><testcase classname="test_29_constraints.TestActivitiesConstraintsBlueprint" name="test_add_constraint_via_activities_bp" time="0.003" /><testcase classname="test_29_constraints.TestActivitiesConstraintsBlueprint" name="test_add_constraint_via_activities_bp_missing_activity_id_returns_400" time="0.002" /><testcase classname="test_29_constraints.TestActivitiesConstraintsBlueprint" name="test_add_constraint_via_activities_bp_empty_description_returns_400" time="0.003" /><testcase classname="test_29_constraints.TestActivitiesConstraintsBlueprint" name="test_add_data_via_activities_bp" time="0.003" /><testcase classname="test_29_constraints.TestActivitiesConstraintsBlueprint" name="test_add_data_missing_name_returns_400" time="0.002" /><testcase classname="test_29_constraints.TestActivitiesConstraintsBlueprint" name="test_add_data_missing_type_returns_400" time="0.002" /><testcase classname="test_30_skills_api.TestSkillsAdd" name="test_add_competency_success" time="0.005" /><testcase classname="test_30_skills_api.TestSkillsAdd" name="test_add_competency_db_error_rolls_back_and_returns_500" time="0.003" /><testcase classname="test_30_skills_api.TestSkillsAdd" name="test_add_competency_missing_activity_id_returns_400" time="0.002" /><testcase classname="test_30_skills_api.TestSkillsAdd" name="test_add_competency_missing_description_returns_400" time="0.003" /><testcase classname="test_30_skills_api.TestSkillsAdd" name="test_add_competency_empty_description_returns_400" time="0.002" /><testcase classname="test_30_skills_api.TestSkillsAdd" name="test_add_competency_empty_payload_returns_400" time="0.003" /><testcase classname="test_30_skills_api.TestSkillsUpdate" name="test_update_competency_success" time="0.008" /><testcase classname="test_30_skills_api.TestSkillsUpdate" name="test_update_competency_empty_description_returns_400" time="0.006" /><testcase classname="test_30_skills_api.TestSkillsUpdate" name="test_update_competency_not_found_returns_404" time="0.003" /><testcase classname="test_30_skills_api.TestSkillsUpdate" name="test_update_competency_missing_description_returns_400" time="0.006" /><testcase classname="test_30_skills_api.TestSkillsUpdate" name="test_update_competency_db_error_rolls_back_and_returns_500" time="0.007" /><testcase classname="test_30_skills_api.TestSkillsDelete" name="test_delete_competency_success" time="0.006" /><testcase classname="test_30_skills_api.TestSkillsDelete" name="test_delete_competency_not_found_returns_404" time="0.004" /><testcase classname="test_30_skills_api.TestSkillsDelete" name="test_delete_competency_twice_returns_404" time="0.007" /><testcase classname="test_30_skills_api.TestSkillsDelete" name="test_delete_competency_db_error_rolls_back_and_returns_500" time="0.007" /><testcase classname="test_30_skills_api.TestSkillsPropose" name="test_propose_without_openai_key_returns_500" time="0.004" /><testcase classname="test_30_skills_api.TestSkillsPropose" name="test_propose_no_tasks_returns_400" time="0.003" /><testcase classname="test_30_skills_api.TestSkillsPropose" name="test_propose_minimal_payload_without_key_returns_500" time="0.004" /><testcase classname="test_30_skills_api.TestSkillsPropose" name="test_propose_accepts_plain_string_lists_without_key" time="0.004" /><testcase classname="test_30_skills_api.TestSkillsPropose" name="test_propose_outgoing_dict_uses_target_or_data_name" time="0.010" /><testcase classname="test_30_skills_api.TestSkillsPropose" name="test_propose_prompts_unavailable_returns_500" time="0.004" /><testcase classname="test_30_skills_api.TestSkillsPropose" name="test_propose_ai_success_returns_up_to_three_proposals" time="0.004" /><testcase classname="test_30_skills_api.TestSkillsPropose" name="test_propose_ai_single_line_response_splits_on_sentences" time="0.004" /><testcase classname="test_30_skills_api.TestSkillsPropose" name="test_propose_ai_exception_returns_500" time="0.004" /><testcase classname="test_31_changelog.TestRecentActivity" name="test_recent_activity_returns_200" time="0.008" /><testcase classname="test_31_changelog.TestRecentActivity" name="test_recent_activity_has_ok_field" time="0.006" /><testcase classname="test_31_changelog.TestRecentActivity" name="test_recent_activity_has_items_list" time="0.006" /><testcase classname="test_31_changelog.TestRecentActivity" name="test_recent_activity_empty_db_returns_empty_list" time="0.006" /><testcase classname="test_31_changelog.TestRecentActivity" name="test_recent_activity_item_structure" time="0.013" /><testcase classname="test_31_changelog.TestRecentActivity" name="test_recent_activity_event_label_mapped" time="0.015" /><testcase classname="test_31_changelog.TestRecentActivity" name="test_recent_activity_color_assigned" time="0.010" /><testcase classname="test_31_changelog.TestChangelog" name="test_changelog_returns_200" time="0.004" /><testcase classname="test_31_changelog.TestChangelog" name="test_changelog_has_ok_field" time="0.004" /><testcase classname="test_31_changelog.TestChangelog" name="test_changelog_has_items_list" time="0.004" /><testcase classname="test_31_changelog.TestChangelog" name="test_changelog_fallback_item_structure" time="0.004" /><testcase classname="test_31_changelog.TestChangelog" name="test_changelog_ok_field_true" time="0.004" /><testcase classname="test_31_changelog.TestChangelog" name="test_changelog_content_type_json" time="0.004" /><testcase classname="test_31_changelog.TestChangelogNoAuth" name="test_recent_activity_accessible_without_auth" time="0.004" /><testcase classname="test_31_changelog.TestChangelogNoAuth" name="test_changelog_accessible_without_auth" time="0.002" /><testcase classname="test_31_changelog.TestReadCurated" name="test_returns_none_when_file_missing" time="0.002" /><testcase classname="test_31_changelog.TestReadCurated" name="test_returns_none_on_malformed_json" time="0.001" /><testcase classname="test_31_changelog.TestReadCurated" name="test_returns_none_when_items_empty" time="0.001" /><testcase classname="test_31_changelog.TestReadCurated" name="test_returns_items_when_valid" time="0.001" /><testcase classname="test_31_changelog.TestGitHelpers" name="test_get_latest_commit_hash_returns_string" time="0.005" /><testcase classname="test_31_changelog.TestGitHelpers" name="test_get_latest_commit_hash_unknown_on_exception" time="0.001" /><testcase classname="test_31_changelog.TestGitHelpers" name="test_get_latest_commit_hash_unknown_on_nonzero_returncode" time="0.001" /><testcase classname="test_31_changelog.TestGitHelpers" name="test_get_recent_commits_returns_list_of_strings" time="0.003" /><testcase classname="test_31_changelog.TestGitHelpers" name="test_get_recent_commits_empty_on_exception" time="0.001" /><testcase classname="test_31_changelog.TestGitHelpers" name="test_get_recent_commits_empty_on_nonzero_returncode" time="0.001" /><testcase classname="test_31_changelog.TestGenerateWithOpenai" name="test_returns_none_without_api_key" time="0.001" /><testcase classname="test_31_changelog.TestGenerateWithOpenai" name="test_returns_none_without_system_prompt" time="0.001" /><testcase classname="test_31_changelog.TestGenerateWithOpenai" name="test_success_parses_json_and_strips_code_fence" time="0.001" /><testcase classname="test_31_changelog.TestGenerateWithOpenai" name="test_returns_none_on_client_exception" time="0.001" /><testcase classname="test_31_changelog.TestGetChangelogWithoutCuratedFile" name="test_falls_back_when_no_curated_and_no_key" time="0.010" /><testcase classname="test_31_changelog.TestGetChangelogWithoutCuratedFile" name="test_uses_cache_on_second_call_within_ttl" time="0.012" /><testcase classname="test_31_changelog.TestFormatRelativeTime" name="test_none_returns_empty_string" time="0.000" /><testcase classname="test_31_changelog.TestFormatRelativeTime" name="test_seconds_ago" time="0.000" /><testcase classname="test_31_changelog.TestFormatRelativeTime" name="test_minutes_ago" time="0.000" /><testcase classname="test_31_changelog.TestFormatRelativeTime" name="test_hours_ago" time="0.000" /><testcase classname="test_31_changelog.TestFormatRelativeTime" name="test_days_ago" time="0.000" /><testcase classname="test_31_changelog.TestFormatDate" name="test_none_returns_empty_string" time="0.000" /><testcase classname="test_31_changelog.TestFormatDate" name="test_known_date_formatted" time="0.000" /><testcase classname="test_31_changelog.TestEventColor" name="test_unknown_suffix_defaults_gray" time="0.000" /><testcase classname="test_31_changelog.TestEventColor" name="test_known_suffixes" time="0.000" /><testcase classname="test_31_changelog.TestRecentActivityDetailAndErrors" name="test_detail_json_parsed_into_dict" time="0.011" /><testcase classname="test_31_changelog.TestRecentActivityDetailAndErrors" name="test_detail_malformed_json_is_ignored" time="0.009" /><testcase classname="test_31_changelog.TestRecentActivityDetailAndErrors" name="test_user_id_resolved_to_full_name" time="0.007" /><testcase classname="test_31_changelog.TestRecentActivityDetailAndErrors" name="test_internal_exception_returns_ok_false_with_error" time="0.007" /><testcase classname="test_32_projection_metier.TestProjectionMetierPage" name="test_page_accessible_avec_auth" time="0.009" /><testcase classname="test_32_projection_metier.TestProjectionMetierPage" name="test_page_contient_elements_html" time="0.005" /><testcase classname="test_32_projection_metier.TestProjectionMetierPage" name="test_page_sans_auth_accessible" time="0.003" /><testcase classname="test_32_projection_metier.TestAnalyzeUser" name="test_uid_zero_retourne_400" time="0.003" /><testcase classname="test_32_projection_metier.TestAnalyzeUser" name="test_utilisateur_inexistant_retourne_404" time="0.004" /><testcase classname="test_32_projection_metier.TestAnalyzeUser" name="test_utilisateur_sans_roles_retourne_200" time="0.006" /><testcase classname="test_32_projection_metier.TestAnalyzeUser" name="test_utilisateur_sans_roles_retourne_listes_vides" time="0.005" /><testcase classname="test_32_projection_metier.TestAnalyzeUser" name="test_structure_json_complete" time="0.005" /><testcase classname="test_32_projection_metier.TestAnalyzeUser" name="test_page_full_a_les_bons_champs" time="0.005" /><testcase classname="test_32_projection_metier.TestAnalyzeUser" name="test_page_partial_a_les_bons_champs" time="0.005" /><testcase classname="test_32_projection_metier.TestAnalyzeUser" name="test_info_contient_user_id" time="0.005" /><testcase classname="test_32_projection_metier.TestAnalyzeUser" name="test_alias_url_analyze_fonctionne" time="0.005" /><testcase classname="test_32_projection_metier.TestAnalyzeUser" name="test_content_type_json" time="0.005" /><testcase classname="test_32_projection_metier.TestAnalyzeUser" name="test_pagination_full_offset_accepte_sans_erreur" time="0.004" /><testcase classname="test_32_projection_metier.TestAnalyzeUser" name="test_pagination_full_limit_zero_retourne_full_vide" time="0.005" /><testcase classname="test_32_projection_metier.TestAnalyzeUser" name="test_pagination_partial_offset_accepte_sans_erreur" time="0.005" /><testcase classname="test_32_projection_metier.TestAnalyzeUser" name="test_full_est_liste" time="0.005" /><testcase classname="test_32_projection_metier.TestAnalyzeUser" name="test_partial_est_liste" time="0.005" /><testcase classname="test_32_projection_metier.TestAnalyzeUser" name="test_sans_rome_credentials_et_roles_listes_vides" time="0.012" /><testcase classname="test_32_projection_metier.TestAnalyzeUser" name="test_message_aucune_competence_quand_sans_roles" time="0.005" /><testcase classname="test_32_projection_metier.TestNormalizeHelper" name="test_chaine_vide_retourne_vide" time="0.000" /><testcase classname="test_32_projection_metier.TestNormalizeHelper" name="test_minuscules" time="0.000" /><testcase classname="test_32_projection_metier.TestNormalizeHelper" name="test_accents_retires" time="0.000" /><testcase classname="test_32_projection_metier.TestNormalizeHelper" name="test_ponctuation_remplacee" time="0.000" /><testcase classname="test_32_projection_metier.TestNormalizeHelper" name="test_apostrophe_remplacee" time="0.000" /><testcase classname="test_32_projection_metier.TestNormalizeHelper" name="test_espaces_multiples_compresses" time="0.000" /><testcase classname="test_32_projection_metier.TestNormalizeHelper" name="test_caracteres_speciaux_supprimes" time="0.000" /><testcase classname="test_32_projection_metier.TestNormalizeHelper" name="test_texte_normal_conserve_mots" time="0.000" /><testcase classname="test_32_projection_metier.TestNormalizeHelper" name="test_slash_remplace_par_espace" time="0.000" /><testcase classname="test_32_projection_metier.TestNormalizeHelper" name="test_retourne_string" time="0.000" /><testcase classname="test_32_projection_metier.TestTokenizeHelper" name="test_vide_retourne_liste_vide" time="0.000" /><testcase classname="test_32_projection_metier.TestTokenizeHelper" name="test_retourne_liste" time="0.000" /><testcase classname="test_32_projection_metier.TestTokenizeHelper" name="test_stopwords_supprimes" time="0.000" /><testcase classname="test_32_projection_metier.TestTokenizeHelper" name="test_mots_significatifs_conserves" time="0.000" /><testcase classname="test_32_projection_metier.TestTokenizeHelper" name="test_texte_uniquement_stopwords" time="0.000" /><testcase classname="test_32_projection_metier.TestTokenizeHelper" name="test_tokens_sans_doublons_apres_normalize" time="0.000" /><testcase classname="test_32_projection_metier.TestTokenizeHelper" name="test_accents_normalises_avant_tokenization" time="0.000" /><testcase classname="test_32_projection_metier.TestJaccardSimilarity" name="test_ensembles_identiques_retournent_1" time="0.000" /><testcase classname="test_32_projection_metier.TestJaccardSimilarity" name="test_aucun_overlap_retourne_0" time="0.000" /><testcase classname="test_32_projection_metier.TestJaccardSimilarity" name="test_ensembles_vides_retournent_0" time="0.000" /><testcase classname="test_32_projection_metier.TestJaccardSimilarity" name="test_premier_vide_retourne_0" time="0.000" /><testcase classname="test_32_projection_metier.TestJaccardSimilarity" name="test_second_vide_retourne_0" time="0.000" /><testcase classname="test_32_projection_metier.TestJaccardSimilarity" name="test_overlap_partiel_entre_0_et_1" time="0.000" /><testcase classname="test_32_projection_metier.TestJaccardSimilarity" name="test_resultat_toujours_entre_0_et_1" time="0.000" /><testcase classname="test_32_projection_metier.TestJaccardSimilarity" name="test_symetrie" time="0.000" /><testcase classname="test_32_projection_metier.TestJaccardSimilarity" name="test_singleton_commun" time="0.000" /><testcase classname="test_32_projection_metier.TestTextSimilarity" name="test_retourne_tuple_de_deux_floats" time="0.000" /><testcase classname="test_32_projection_metier.TestTextSimilarity" name="test_textes_identiques_ratio_1" time="0.000" /><testcase classname="test_32_projection_metier.TestTextSimilarity" name="test_textes_identiques_jaccard_1" time="0.000" /><testcase classname="test_32_projection_metier.TestTextSimilarity" name="test_textes_differents_scores_dans_0_1" time="0.000" /><testcase classname="test_32_projection_metier.TestTextSimilarity" name="test_chaines_vides_ne_plantent_pas" time="0.001" /><testcase classname="test_32_projection_metier.TestTextSimilarity" name="test_texte_vide_vs_non_vide_ne_plante_pas" time="0.000" /><testcase classname="test_32_projection_metier.TestTextSimilarity" name="test_textes_similaires_ont_ratio_eleve" time="0.000" /><testcase classname="test_32_projection_metier.TestTextSimilarity" name="test_textes_tres_differents_ont_ratio_faible" time="0.000" /><testcase classname="test_32_projection_metier.TestExtractUserCompetencies" name="test_utilisateur_inexistant_retourne_liste_vide" time="0.001" /><testcase classname="test_32_projection_metier.TestExtractUserCompetencies" name="test_utilisateur_sans_roles_retourne_liste_vide" time="0.003" /><testcase classname="test_32_projection_metier.TestExtractUserCompetencies" name="test_retourne_toujours_une_liste" time="0.002" /><testcase classname="test_32_projection_metier.TestExtractUserCompetencies" name="test_utilisateur_avec_role_retourne_nom_du_role" time="0.007" /><testcase classname="test_32_projection_metier.TestExtractUserCompetencies" name="test_labels_sont_des_strings" time="0.002" /><testcase classname="test_32_projection_metier.TestExtractUserCompetencies" name="test_extrait_savoirs_savoir_faires_softskills_aptitudes" time="0.014" /><testcase classname="test_32_projection_metier.TestGetAccessToken" name="test_pas_de_client_id_retourne_none" time="0.001" /><testcase classname="test_32_projection_metier.TestGetAccessToken" name="test_pas_de_scope_retourne_none" time="0.001" /><testcase classname="test_32_projection_metier.TestGetAccessToken" name="test_token_en_cache_valide_evite_appel_http" time="0.000" /><testcase classname="test_32_projection_metier.TestGetAccessToken" name="test_tentative1_succes_retourne_et_cache_le_token" time="0.001" /><testcase classname="test_32_projection_metier.TestGetAccessToken" name="test_tentative1_erreur_400_bascule_sur_tentative2" time="0.001" /><testcase classname="test_32_projection_metier.TestGetAccessToken" name="test_timeout_tentative1_bascule_sur_tentative2" time="0.001" /><testcase classname="test_32_projection_metier.TestGetAccessToken" name="test_toutes_tentatives_echouent_retourne_none" time="0.002" /><testcase classname="test_32_projection_metier.TestGetAccessToken" name="test_les_deux_tentatives_leve_exception_generique_retourne_none" time="0.002" /><testcase classname="test_32_projection_metier.TestGetAccessToken" name="test_exception_generique_tentative1_bascule_sur_tentative2" time="0.001" /><testcase classname="test_32_projection_metier.TestMaskSecret" name="test_secret_vide_retourne_vide_label" time="0.000" /><testcase classname="test_32_projection_metier.TestMaskSecret" name="test_secret_court_retourne_etoiles" time="0.000" /><testcase classname="test_32_projection_metier.TestMaskSecret" name="test_secret_long_retourne_prefixe_masque" time="0.000" /><testcase classname="test_32_projection_metier.TestGetAuthHeaders" name="test_sans_token_retourne_none" time="0.001" /><testcase classname="test_32_projection_metier.TestGetAuthHeaders" name="test_avec_token_retourne_header_bearer" time="0.000" /><testcase classname="test_32_projection_metier.TestRomeSearchJobs" name="test_query_vide_retourne_liste_vide" time="0.000" /><testcase classname="test_32_projection_metier.TestRomeSearchJobs" name="test_pas_de_headers_retourne_liste_vide" time="0.000" /><testcase classname="test_32_projection_metier.TestRomeSearchJobs" name="test_reponse_liste_retournee_telle_quelle" time="0.000" /><testcase classname="test_32_projection_metier.TestRomeSearchJobs" name="test_reponse_dict_avec_cle_metiers" time="0.000" /><testcase classname="test_32_projection_metier.TestRomeSearchJobs" name="test_reponse_json_forme_inattendue_retourne_liste_vide" time="0.000" /><testcase classname="test_32_projection_metier.TestRomeSearchJobs" name="test_statut_non_200_retourne_liste_vide" time="0.001" /><testcase classname="test_32_projection_metier.TestRomeSearchJobs" name="test_timeout_retourne_liste_vide" time="0.001" /><testcase classname="test_32_projection_metier.TestRomeSearchJobs" name="test_exception_generique_retourne_liste_vide" time="0.001" /><testcase classname="test_32_projection_metier.TestRomeGetJobDetails" name="test_code_vide_retourne_dict_vide" time="0.000" /><testcase classname="test_32_projection_metier.TestRomeGetJobDetails" name="test_pas_de_headers_retourne_dict_vide" time="0.000" /><testcase classname="test_32_projection_metier.TestRomeGetJobDetails" name="test_succes_retourne_le_dict" time="0.000" /><testcase classname="test_32_projection_metier.TestRomeGetJobDetails" name="test_statut_non_200_retourne_dict_vide" time="0.001" /><testcase classname="test_32_projection_metier.TestRomeGetJobDetails" name="test_reponse_non_dict_retourne_dict_vide" time="0.000" /><testcase classname="test_32_projection_metier.TestRomeGetJobDetails" name="test_timeout_retourne_dict_vide" time="0.001" /><testcase classname="test_32_projection_metier.TestRomeGetJobDetails" name="test_exception_generique_retourne_dict_vide" time="0.001" /><testcase classname="test_32_projection_metier.TestExtractCompetenciesFromJob" name="test_dict_vide_retourne_liste_vide" time="0.000" /><testcase classname="test_32_projection_metier.TestExtractCompetenciesFromJob" name="test_sans_cle_groupes_retourne_liste_vide" time="0.000" /><testcase classname="test_32_projection_metier.TestExtractCompetenciesFromJob" name="test_groupes_valides_extrait_les_libelles" time="0.000" /><testcase classname="test_32_projection_metier.TestExtractCompetenciesFromJob" name="test_groupe_non_dict_est_ignore" time="0.000" /><testcase classname="test_32_projection_metier.TestExtractCompetenciesFromJob" name="test_competences_non_liste_est_ignore" time="0.000" /><testcase classname="test_32_projection_metier.TestExtractCompetenciesFromJob" name="test_competence_sans_libelle_est_ignoree" time="0.000" /><testcase classname="test_32_projection_metier.TestExtractCompetenciesFromJob" name="test_competence_non_dict_est_ignoree" time="0.000" /><testcase classname="test_32_projection_metier.TestExtractJobLabel" name="test_extrait_le_libelle" time="0.000" /><testcase classname="test_32_projection_metier.TestExtractJobLabel" name="test_sans_metier_retourne_vide" time="0.000" /><testcase classname="test_32_projection_metier.TestExtractJobLabel" name="test_metier_sans_libelle_retourne_vide" time="0.000" /><testcase classname="test_32_projection_metier.TestExtractJobCode" name="test_code_au_premier_niveau" time="0.000" /><testcase classname="test_32_projection_metier.TestExtractJobCode" name="test_fallback_sur_metier_code" time="0.000" /><testcase classname="test_32_projection_metier.TestExtractJobCode" name="test_aucun_code_retourne_vide" time="0.000" /><testcase classname="test_32_projection_metier.TestAnalyzeUserFullFlowWithMockedRome" name="test_job_totalement_couvert_classe_dans_full" time="0.015" /><testcase classname="test_32_projection_metier.TestAnalyzeUserFullFlowWithMockedRome" name="test_job_sans_competences_classe_dans_partial_score_zero" time="0.015" /><testcase classname="test_32_projection_metier.TestAnalyzeUserFullFlowWithMockedRome" name="test_job_partiellement_couvert_classe_dans_partial" time="0.014" /><testcase classname="test_32_projection_metier.TestAnalyzeUserFullFlowWithMockedRome" name="test_job_sans_details_est_ignore" time="0.013" /><testcase classname="test_32_projection_metier.TestAnalyzeUserFullFlowWithMockedRome" name="test_competence_ponctuation_pure_et_mot_court_ne_font_pas_planter" time="0.004" /><testcase classname="test_32_projection_metier.TestAnalyzeUserFullFlowWithMockedRome" name="test_pagination_full_limit_tronque_et_reflete_le_total" time="0.015" /><testcase classname="test_33_activities_data.TestActivityDetails" name="test_details_activite_existante" time="0.009" /><testcase classname="test_33_activities_data.TestActivityDetails" name="test_details_structure_json" time="0.008" /><testcase classname="test_33_activities_data.TestActivityDetails" name="test_details_id_correspond_a_activite" time="0.007" /><testcase classname="test_33_activities_data.TestActivityDetails" name="test_details_name_et_title_identiques" time="0.008" /><testcase classname="test_33_activities_data.TestActivityDetails" name="test_details_taches_est_liste" time="0.008" /><testcase classname="test_33_activities_data.TestActivityDetails" name="test_details_taches_contient_tache_seed" time="0.007" /><testcase classname="test_33_activities_data.TestActivityDetails" name="test_details_listes_vides_pour_items_inexistants" time="0.014" /><testcase classname="test_33_activities_data.TestActivityDetails" name="test_details_constraints_est_liste" time="0.007" /><testcase classname="test_33_activities_data.TestActivityDetails" name="test_details_outgoing_est_liste" time="0.008" /><testcase classname="test_33_activities_data.TestActivityDetails" name="test_details_outgoing_avec_performance_attachee" time="0.016" /><testcase classname="test_33_activities_data.TestActivityDetails" name="test_details_activite_inexistante_404" time="0.003" /><testcase classname="test_33_activities_data.TestActivityDetails" name="test_details_activite_id_negatif_404" time="0.003" /><testcase classname="test_33_activities_data.TestActivityDetails" name="test_details_description_est_chaine" time="0.009" /><testcase classname="test_33_activities_data.TestActivityDetails" name="test_details_tools_est_liste" time="0.007" /><testcase classname="test_33_activities_data.TestActivityDetails" name="test_details_input_output_data_sont_listes" time="0.008" /><testcase classname="test_33_activities_data.TestActivityDetails" name="test_details_output_data_contient_les_donnees_produites" time="0.011" /><testcase classname="test_33_activities_data.TestActivityDetails" name="test_details_input_data_contient_les_donnees_entrantes" time="0.017" /><testcase classname="test_33_activities_data.TestActivityDetails" name="test_details_input_data_ignore_link_sans_source_data_id" time="0.015" /><testcase classname="test_33_activities_data.TestActivityDetails" name="test_details_input_data_ignore_link_vers_data_supprimee" time="0.016" /><testcase classname="test_33_activities_data.TestActivityDetails" name="test_details_input_data_sans_nom_utilise_la_description" time="0.021" /><testcase classname="test_33_activities_data.TestPerformanceRender" name="test_render_link_existant_retourne_200" time="0.005" /><testcase classname="test_33_activities_data.TestPerformanceRender" name="test_render_lien_sans_performance_retourne_liste_vide" time="0.004" /><testcase classname="test_33_activities_data.TestPerformanceRender" name="test_render_link_inexistant_retourne_liste_vide" time="0.004" /><testcase classname="test_33_activities_data.TestPerformanceRender" name="test_render_structure_performances" time="0.008" /><testcase classname="test_34_settings.TestSettingsPage" name="test_page_accessible_avec_auth" time="0.006" /><testcase classname="test_34_settings.TestSettingsPage" name="test_page_renvoie_html" time="0.006" /><testcase classname="test_34_settings.TestSettingsPage" name="test_page_sans_auth" time="0.003" /><testcase classname="test_34_settings.TestSetLanguage" name="test_langue_fr_acceptee" time="0.005" /><testcase classname="test_34_settings.TestSetLanguage" name="test_langue_en_acceptee" time="0.006" /><testcase classname="test_34_settings.TestSetLanguage" name="test_langue_invalide_refusee" time="0.003" /><testcase classname="test_34_settings.TestSetLanguage" name="test_langue_vide_refusee" time="0.005" /><testcase classname="test_34_settings.TestSetLanguage" name="test_payload_vide_utilise_defaut_fr" time="0.005" /><testcase classname="test_34_settings.TestSetLanguage" name="test_langue_stockee_en_session" time="0.008" /><testcase classname="test_34_settings.TestSetLanguage" name="test_content_type_json" time="0.003" /><testcase classname="test_35_password_reset.TestForgotPassword" name="test_sans_email_redirige_vers_login" time="0.001" /><testcase classname="test_35_password_reset.TestForgotPassword" name="test_email_connu_redirige_avec_message_succes" time="0.002" /><testcase classname="test_35_password_reset.TestForgotPassword" name="test_email_inconnu_meme_comportement" time="0.001" /><testcase classname="test_35_password_reset.TestForgotPassword" name="test_email_en_minuscules" time="0.001" /><testcase classname="test_35_password_reset.TestForgotPassword" name="test_mail_non_configure_message_specifique" time="0.002" /><testcase classname="test_35_password_reset.TestForgotPassword" name="test_email_connu_envoie_un_email_avec_lien_reset" time="0.002" /><testcase classname="test_35_password_reset.TestForgotPassword" name="test_email_inconnu_mais_mail_configure_ne_cree_pas_de_message" time="0.002" /><testcase classname="test_35_password_reset.TestForgotPassword" name="test_recherche_insensible_a_la_casse" time="0.002" /><testcase classname="test_35_password_reset.TestForgotPassword" name="test_erreur_envoi_mail_affiche_message_erreur" time="0.003" /><testcase classname="test_35_password_reset.TestResetPasswordGet" name="test_token_invalide_redirige_login" time="0.001" /><testcase classname="test_35_password_reset.TestResetPasswordGet" name="test_token_valide_retourne_formulaire" time="0.005" /><testcase classname="test_35_password_reset.TestResetPasswordGet" name="test_token_valide_contient_champ_password" time="0.001" /><testcase classname="test_35_password_reset.TestResetPasswordGet" name="test_token_expire_redirige_login" time="0.001" /><testcase classname="test_35_password_reset.TestResetPasswordPost" name="test_mot_de_passe_trop_court" time="0.002" /><testcase classname="test_35_password_reset.TestResetPasswordPost" name="test_mots_de_passe_non_identiques" time="0.001" /><testcase classname="test_35_password_reset.TestResetPasswordPost" name="test_token_invalide_sur_post_redirige" time="0.001" /><testcase classname="test_35_password_reset.TestResetPasswordPost" name="test_reset_valide_redirige_vers_login" time="0.309" /><testcase classname="test_35_password_reset.TestResetPasswordPost" name="test_token_valide_email_sans_utilisateur" time="0.004" /><testcase classname="test_35_password_reset.TestResetPasswordPost" name="test_erreur_commit_annule_et_affiche_erreur" time="0.149" /><testcase classname="test_35_password_reset.TestResetPasswordPost" name="test_hash_non_persiste_affiche_erreur_dediee" time="0.249" /><testcase classname="test_35_password_reset.TestResetPasswordPost" name="test_reset_valide_modifie_le_mot_de_passe" time="0.553" /><testcase classname="test_36_onboarding.TestGetOnboarding" name="test_role_inexistant_404" time="0.006" /><testcase classname="test_36_onboarding.TestGetOnboarding" name="test_role_sans_plan_404" time="0.008" /><testcase classname="test_36_onboarding.TestGetOnboarding" name="test_role_avec_plan_retourne_plan" time="0.010" /><testcase classname="test_36_onboarding.TestGetOnboarding" name="test_reponse_content_type_json" time="0.003" /><testcase classname="test_36_onboarding.TestGenerateOnboarding" name="test_role_inexistant_404" time="0.003" /><testcase classname="test_36_onboarding.TestGenerateOnboarding" name="test_sans_cle_openai_retourne_500" time="0.009" /><testcase classname="test_36_onboarding.TestGenerateOnboarding" name="test_payload_vide_sans_cle_retourne_500" time="0.008" /><testcase classname="test_36_onboarding.TestGenerateOnboarding" name="test_reponse_content_type_json" time="0.003" /><testcase classname="test_36_onboarding.TestGenerateOnboarding" name="test_prompt_indisponible_retourne_500" time="0.008" /><testcase classname="test_36_onboarding.TestGenerateOnboarding" name="test_prompt_indisponible_message_anglais" time="0.009" /><testcase classname="test_36_onboarding.TestGenerateOnboarding" name="test_generation_reussie_retourne_plan" time="0.010" /><testcase classname="test_36_onboarding.TestGenerateOnboarding" name="test_generation_exception_client_retourne_500" time="0.008" /><testcase classname="test_36_onboarding.TestTranslateSoftskills" name="test_sans_user_input_retourne_400" time="0.003" /><testcase classname="test_36_onboarding.TestTranslateSoftskills" name="test_user_input_vide_retourne_400" time="0.003" /><testcase classname="test_36_onboarding.TestTranslateSoftskills" name="test_sans_cle_openai_retourne_500" time="0.004" /><testcase classname="test_36_onboarding.TestTranslateSoftskills" name="test_payload_vide_retourne_400" time="0.003" /><testcase classname="test_36_onboarding.TestTranslateSoftskills" name="test_content_type_json" time="0.003" /><testcase classname="test_37_test_panel.TestTestPanelMain" name="test_panel_accessible_auth" time="1.134" /><testcase classname="test_37_test_panel.TestTestPanelMain" name="test_panel_response_is_html" time="0.165" /><testcase classname="test_37_test_panel.TestTestPanelMain" name="test_panel_syncs_test_pages" time="0.165" /><testcase classname="test_37_test_panel.TestTestPanelMain" name="test_panel_syncs_test_cases" time="0.165" /><testcase classname="test_37_test_panel.TestTestPanelMain" name="test_panel_no_auth_no_crash" time="0.161" /><testcase classname="test_37_test_panel.TestTestPanelMain" name="test_panel_page_contains_testpanel_reference" time="0.337" /><testcase classname="test_37_test_panel.TestTestPanelPageDetail" name="test_unknown_slug_returns_404" time="0.017" /><testcase classname="test_37_test_panel.TestTestPanelPageDetail" name="test_known_slug_returns_200" time="0.265" /><testcase classname="test_37_test_panel.TestTestPanelPageDetail" name="test_known_slug_returns_html" time="0.196" /><testcase classname="test_37_test_panel.TestTestPanelPageDetail" name="test_synced_page_has_slug_and_title" time="0.140" /><testcase classname="test_37_test_panel.TestTestPanelPageDetail" name="test_pages_have_file_name" time="0.170" /><testcase classname="test_37_test_panel.TestTestPanelCaseDetail" name="test_unknown_case_returns_404" time="0.019" /><testcase classname="test_37_test_panel.TestTestPanelCaseDetail" name="test_known_case_returns_200" time="0.195" /><testcase classname="test_37_test_panel.TestTestPanelCaseDetail" name="test_known_case_returns_html" time="0.358" /><testcase classname="test_37_test_panel.TestTestPanelCaseDetail" name="test_synced_case_has_node_id" time="0.148" /><testcase classname="test_37_test_panel.TestTestPanelCaseDetail" name="test_synced_cases_have_class_and_name" time="0.189" /><testcase classname="test_37_test_panel.TestTestPanelGlobalStats" name="test_stats_returns_200" time="0.009" /><testcase classname="test_37_test_panel.TestTestPanelGlobalStats" name="test_stats_response_is_json" time="0.006" /><testcase classname="test_37_test_panel.TestTestPanelGlobalStats" name="test_stats_has_summary_key" time="0.006" /><testcase classname="test_37_test_panel.TestTestPanelGlobalStats" name="test_stats_summary_has_total_runs" time="0.005" /><testcase classname="test_37_test_panel.TestTestPanelGlobalStats" name="test_stats_summary_has_overall_pct" time="0.006" /><testcase classname="test_37_test_panel.TestTestPanelGlobalStats" name="test_stats_summary_has_avg_duration" time="0.005" /><testcase classname="test_37_test_panel.TestTestPanelGlobalStats" name="test_stats_summary_has_most_failing" time="0.005" /><testcase classname="test_37_test_panel.TestTestPanelGlobalStats" name="test_stats_has_chart_points_list" time="0.005" /><testcase classname="test_37_test_panel.TestTestPanelGlobalStats" name="test_stats_has_recent_runs_list" time="0.006" /><testcase classname="test_37_test_panel.TestTestPanelGlobalStats" name="test_stats_period_day_default" time="0.006" /><testcase classname="test_37_test_panel.TestTestPanelGlobalStats" name="test_stats_period_hour" time="0.006" /><testcase classname="test_37_test_panel.TestTestPanelGlobalStats" name="test_stats_period_month" time="0.005" /><testcase classname="test_37_test_panel.TestTestPanelRunStatus" name="test_unknown_run_returns_404" time="0.004" /><testcase classname="test_37_test_panel.TestTestPanelRunStatus" name="test_unknown_run_has_status_unknown" time="0.004" /><testcase classname="test_37_test_panel.TestTestPanelRunStatus" name="test_known_run_returns_200" time="0.008" /><testcase classname="test_37_test_panel.TestTestPanelRunStatus" name="test_known_run_has_status_field" time="0.006" /><testcase classname="test_37_test_panel.TestTestPanelRunStatus" name="test_known_run_has_pct_field" time="0.006" /><testcase classname="test_37_test_panel.TestTestPanelRunStatus" name="test_known_run_has_total_and_passed" time="0.007" /><testcase classname="test_37_test_panel.TestTestPanelRunStatus" name="test_run_status_returns_json" time="0.003" /><testcase classname="test_37_test_panel.TestTestPanelResetStale" name="test_reset_stale_returns_200" time="0.004" /><testcase classname="test_37_test_panel.TestTestPanelResetStale" name="test_reset_stale_response_is_json" time="0.003" /><testcase classname="test_37_test_panel.TestTestPanelResetStale" name="test_reset_stale_has_expired_key" time="0.004" /><testcase classname="test_37_test_panel.TestTestPanelResetStale" name="test_reset_stale_expires_running_run" time="0.008" /><testcase classname="test_37_test_panel.TestTestPanelResetStale" name="test_reset_stale_zero_when_no_running" time="0.004" /><testcase classname="test_37_test_panel.TestTestPanelResetStale" name="test_reset_stale_idempotent" time="0.005" /><testcase classname="test_37_test_panel.TestTestPanelRunPage" name="test_run_unknown_slug_returns_404" time="0.004" /><testcase classname="test_37_test_panel.TestTestPanelRunPage" name="test_run_known_slug_returns_run_id" time="0.345" /><testcase classname="test_37_test_panel.TestTestPanelRunPage" name="test_run_page_creates_test_run_in_db" time="0.326" /><testcase classname="test_37_test_panel.TestTestPanelRunPage" name="test_run_page_run_starts_as_running" time="0.542" /><testcase classname="test_37_test_panel.TestTestPanelRunAll" name="test_run_all_returns_200" time="0.006" /><testcase classname="test_37_test_panel.TestTestPanelRunAll" name="test_run_all_response_is_json" time="0.006" /><testcase classname="test_37_test_panel.TestTestPanelRunAll" name="test_run_all_response_has_run_id" time="0.020" /><testcase classname="test_37_test_panel.TestTestPanelRunAll" name="test_run_all_creates_test_run_in_db" time="0.007" /><testcase classname="test_37_test_panel.TestTestPanelRunAll" name="test_run_all_run_scope_is_all" time="0.008" /><testcase classname="test_37_test_panel.TestTestPanelRunAll" name="test_run_all_sequential_runs_have_distinct_ids" time="0.006" /><testcase classname="test_37_test_panel.TestTestPanelRunCase" name="test_run_unknown_case_returns_404" time="0.003" /><testcase classname="test_37_test_panel.TestTestPanelRunCase" name="test_run_known_case_returns_run_id" time="0.365" /><testcase classname="test_37_test_panel.TestTestPanelRunCase" name="test_run_case_creates_test_run_in_db" time="0.318" /><testcase classname="test_37_test_panel.TestTestPanelPatches" name="test_patches_page_accessible_auth" time="0.034" /><testcase classname="test_37_test_panel.TestTestPanelPatches" name="test_patches_page_no_auth_no_crash" time="0.022" /><testcase classname="test_37_test_panel.TestTestPanelPatches" name="test_patches_page_response_is_html" time="0.025" /><testcase classname="test_37_test_panel.TestTestPanelPatches" name="test_patches_page_lists_seeded_patch_title" time="0.026" /><testcase classname="test_37_test_panel.TestTestPanelPatches" name="test_patches_page_real_bug_flag_rendered" time="0.024" /><testcase classname="test_37_test_panel.TestTestPanelPatches" name="test_patches_page_contains_files_changed" time="0.024" /><testcase classname="test_37_test_panel.TestTestPanelJournal" name="test_journal_page_accessible_auth" time="0.016" /><testcase classname="test_37_test_panel.TestTestPanelJournal" name="test_journal_page_no_auth_no_crash" time="0.005" /><testcase classname="test_37_test_panel.TestTestPanelJournal" name="test_journal_page_response_is_html" time="0.007" /><testcase classname="test_37_test_panel.TestTestPanelJournal" name="test_journal_page_reflects_versioned_plan_title" time="0.006" /><testcase classname="test_37_test_panel.TestTestPanelJournal" name="test_journal_page_missing_file_no_crash" time="0.006" /><testcase classname="test_37_test_panel.TestTestPanelStream" name="test_stream_known_run_returns_200" time="0.003" /><testcase classname="test_37_test_panel.TestTestPanelStream" name="test_stream_known_run_content_type_is_event_stream" time="0.003" /><testcase classname="test_37_test_panel.TestTestPanelStream" name="test_stream_known_run_body_contains_lines" time="0.002" /><testcase classname="test_37_test_panel.TestTestPanelStream" name="test_stream_known_run_body_ends_with_done_marker" time="0.002" /><testcase classname="test_37_test_panel.TestTestPanelStream" name="test_stream_unknown_run_returns_200_without_hanging" time="0.003" /><testcase classname="test_38_temps_avance.TestTimeProject" name="test_create_project_returns_project_id" time="0.007" /><testcase classname="test_38_temps_avance.TestTimeProject" name="test_create_project_empty_name_uses_default" time="0.005" /><testcase classname="test_38_temps_avance.TestTimeProject" name="test_create_project_no_lines_still_creates" time="0.005" /><testcase classname="test_38_temps_avance.TestTimeProject" name="test_read_project_returns_lines_and_totals" time="0.008" /><testcase classname="test_38_temps_avance.TestTimeProject" name="test_read_project_not_found_returns_404" time="0.003" /><testcase classname="test_38_temps_avance.TestTimeProject" name="test_list_projects_returns_array" time="0.005" /><testcase classname="test_38_temps_avance.TestTimeProject" name="test_delete_project_removes_it" time="0.008" /><testcase classname="test_38_temps_avance.TestTimeProject" name="test_delete_project_not_found_returns_404" time="0.003" /><testcase classname="test_38_temps_avance.TestTimeProject" name="test_delete_project_line_removes_line" time="0.013" /><testcase classname="test_38_temps_avance.TestTimeProject" name="test_delete_project_line_auto_deletes_empty_project" time="0.010" /><testcase classname="test_38_temps_avance.TestTimeProject" name="test_delete_project_line_not_found_returns_404" time="0.003" /><testcase classname="test_38_temps_avance.TestTimeAnalysisDelete" name="test_delete_time_analysis_removes_it" time="0.008" /><testcase classname="test_38_temps_avance.TestTimeAnalysisDelete" name="test_delete_time_analysis_not_found_returns_404" time="0.003" /><testcase classname="test_38_temps_avance.TestTimeRoleAnalysis" name="test_create_role_analysis_returns_id" time="0.009" /><testcase classname="test_38_temps_avance.TestTimeRoleAnalysis" name="test_create_role_analysis_with_lines" time="0.007" /><testcase classname="test_38_temps_avance.TestTimeRoleAnalysis" name="test_read_role_analysis_returns_summary" time="0.011" /><testcase classname="test_38_temps_avance.TestTimeRoleAnalysis" name="test_read_role_analysis_not_found_returns_404" time="0.003" /><testcase classname="test_38_temps_avance.TestTimeRoleAnalysis" name="test_patch_role_analysis_renames_it" time="0.010" /><testcase classname="test_38_temps_avance.TestTimeRoleAnalysis" name="test_patch_role_analysis_empty_name_ignored" time="0.009" /><testcase classname="test_38_temps_avance.TestTimeRoleAnalysis" name="test_delete_role_analysis_removes_it" time="0.011" /><testcase classname="test_38_temps_avance.TestTimeRoleAnalysis" name="test_delete_role_analysis_not_found_returns_404" time="0.004" /><testcase classname="test_38_temps_avance.TestTimeRoleAnalysis" name="test_list_role_analyses_returns_array" time="0.011" /><testcase classname="test_38_temps_avance.TestTimeRoleAnalysis" name="test_delete_role_line_removes_line" time="0.016" /><testcase classname="test_38_temps_avance.TestTimeRoleAnalysis" name="test_delete_role_line_auto_deletes_empty_analysis" time="0.016" /><testcase classname="test_38_temps_avance.TestTimeRoleAnalysis" name="test_delete_role_line_not_found_returns_404" time="0.004" /><testcase classname="test_38_temps_avance.TestWeaknessCalculation" name="test_weakness_calculation_returns_ok_and_calc_fields" time="0.006" /><testcase classname="test_38_temps_avance.TestWeaknessCalculation" name="test_weakness_without_save_does_not_persist" time="0.012" /><testcase classname="test_38_temps_avance.TestWeaknessCalculation" name="test_weakness_with_save_persists_record" time="0.009" /><testcase classname="test_38_temps_avance.TestWeaknessCalculation" name="test_weakness_task_mode_sums_task_durations" time="0.005" /><testcase classname="test_38_temps_avance.TestWeaknessCalculation" name="test_weakness_prob_denom_1_gives_full_probability" time="0.004" /><testcase classname="test_38_temps_avance.TestWeaknessCalculation" name="test_weakness_annual_recurrence" time="0.005" /><testcase classname="test_38_temps_avance.TestActivityWorkload" name="test_create_returns_id_and_total" time="0.006" /><testcase classname="test_38_temps_avance.TestActivityWorkload" name="test_create_hours_converted_to_minutes" time="0.004" /><testcase classname="test_38_temps_avance.TestActivityWorkload" name="test_read_returns_item_with_activity_name" time="0.006" /><testcase classname="test_38_temps_avance.TestActivityWorkload" name="test_read_unknown_id_returns_404" time="0.003" /><testcase classname="test_38_temps_avance.TestActivityWorkload" name="test_update_duration_recomputes_total" time="0.007" /><testcase classname="test_38_temps_avance.TestActivityWorkload" name="test_update_unknown_id_returns_404" time="0.003" /><testcase classname="test_38_temps_avance.TestActivityWorkload" name="test_update_wrong_type_returns_400" time="0.005" /><testcase classname="test_38_temps_avance.TestActivityWorkload" name="test_delete_removes_item" time="0.007" /><testcase classname="test_38_temps_avance.TestActivityWorkload" name="test_delete_unknown_id_returns_404" time="0.003" /><testcase classname="test_38_temps_avance.TestActivityWorkload" name="test_delete_wrong_type_returns_400" time="0.005" /><testcase classname="test_38_temps_avance.TestActivityWorkload" name="test_list_contains_created_item" time="0.009" /><testcase classname="test_38_temps_avance.TestRoleActivities" name="test_returns_linked_activities" time="0.008" /><testcase classname="test_38_temps_avance.TestRoleActivities" name="test_role_without_activities_returns_empty_list" time="0.006" /><testcase classname="test_38_temps_avance.TestRoleActivities" name="test_unknown_role_returns_empty_list" time="0.004" /><testcase classname="test_38_temps_avance.TestProjectRename" name="test_rename_with_valid_name_updates_it" time="0.015" /><testcase classname="test_38_temps_avance.TestProjectRename" name="test_rename_unknown_project_returns_404" time="0.004" /><testcase classname="test_38_temps_avance.TestActivityTimeTasksMode" name="test_post_mode_tasks_sums_task_durations_into_activity" time="0.023" /><testcase classname="test_38_temps_avance.TestActivityTimeTasksMode" name="test_post_mode_tasks_ignores_task_from_another_activity" time="0.023" /><testcase classname="test_38_temps_avance.TestTimeAnalysisTasksModeAndFilter" name="test_create_mode_tasks_persists_a_task_analysis" time="0.014" /><testcase classname="test_38_temps_avance.TestTimeAnalysisTasksModeAndFilter" name="test_list_filtered_by_activity_id_excludes_other_activities" time="0.014" /><testcase classname="test_39_propose_from_file.TestProposeFromFileUpload" name="test_upload_without_auth_returns_403" time="0.005" /><testcase classname="test_39_propose_from_file.TestProposeFromFileUpload" name="test_upload_no_file_field_returns_400" time="0.003" /><testcase classname="test_39_propose_from_file.TestProposeFromFileUpload" name="test_upload_valid_xlsx_returns_200_ok" time="0.013" /><testcase classname="test_39_propose_from_file.TestProposeFromFileUpload" name="test_upload_returns_stats_dict" time="0.011" /><testcase classname="test_39_propose_from_file.TestProposeFromFileUpload" name="test_upload_second_time_replaces_file" time="0.021" /><testcase classname="test_39_propose_from_file.TestProposeFromFileStatus" name="test_status_unauthenticated_returns_has_file_false" time="0.002" /><testcase classname="test_39_propose_from_file.TestProposeFromFileStatus" name="test_status_without_file_returns_has_file_false" time="0.007" /><testcase classname="test_39_propose_from_file.TestProposeFromFileStatus" name="test_status_after_upload_returns_has_file_true" time="0.015" /><testcase classname="test_39_propose_from_file.TestProposeFromFileStatus" name="test_status_after_upload_includes_stats" time="0.014" /><testcase classname="test_39_propose_from_file.TestProposeFromFileStatus" name="test_status_after_delete_returns_has_file_false" time="0.013" /><testcase classname="test_39_propose_from_file.TestProposeFromFileSf" name="test_propose_sf_without_auth_returns_403" time="0.001" /><testcase classname="test_39_propose_from_file.TestProposeFromFileSf" name="test_propose_sf_no_file_returns_404" time="0.004" /><testcase classname="test_39_propose_from_file.TestProposeFromFileSf" name="test_propose_sf_with_file_returns_200" time="0.018" /><testcase classname="test_39_propose_from_file.TestProposeFromFileSf" name="test_propose_sf_proposals_are_lists_of_strings" time="0.017" /><testcase classname="test_39_propose_from_file.TestProposeFromFileSf" name="test_propose_sf_total_at_most_14" time="0.017" /><testcase classname="test_39_propose_from_file.TestProposeFromFileSf" name="test_propose_sf_without_activity_id_returns_200" time="0.014" /><testcase classname="test_39_propose_from_file.TestProposeFromFileAptitudes" name="test_propose_aptitudes_without_auth_returns_403" time="0.001" /><testcase classname="test_39_propose_from_file.TestProposeFromFileAptitudes" name="test_propose_aptitudes_no_file_returns_404" time="0.005" /><testcase classname="test_39_propose_from_file.TestProposeFromFileAptitudes" name="test_propose_aptitudes_with_file_returns_200" time="0.018" /><testcase classname="test_39_propose_from_file.TestProposeFromFileAptitudes" name="test_propose_aptitudes_at_most_8_proposals" time="0.019" /><testcase classname="test_39_propose_from_file.TestProposeFromFileHsc" name="test_propose_hsc_without_auth_returns_403" time="0.001" /><testcase classname="test_39_propose_from_file.TestProposeFromFileHsc" name="test_propose_hsc_no_file_returns_404" time="0.006" /><testcase classname="test_39_propose_from_file.TestProposeFromFileHsc" name="test_propose_hsc_with_file_returns_200" time="0.019" /><testcase classname="test_39_propose_from_file.TestProposeFromFileHsc" name="test_propose_hsc_proposals_have_required_fields" time="0.017" /><testcase classname="test_39_propose_from_file.TestProposeFromFileHsc" name="test_propose_hsc_at_most_9_proposals" time="0.018" /><testcase classname="test_39_propose_from_file.TestProposeFromFileHsc" name="test_propose_hsc_niveau_non_empty" time="0.017" /><testcase classname="test_39_propose_from_file.TestProposeFromFileDelete" name="test_delete_without_auth_returns_403" time="0.001" /><testcase classname="test_39_propose_from_file.TestProposeFromFileDelete" name="test_delete_when_no_file_still_returns_200" time="0.005" /><testcase classname="test_39_propose_from_file.TestProposeFromFileDelete" name="test_delete_removes_uploaded_file" time="0.015" /><testcase classname="test_39_propose_from_file.TestProposeFromFileDelete" name="test_delete_is_idempotent" time="0.014" /><testcase classname="test_39_propose_from_file.TestActivitiesRenderPerformance" name="test_render_unknown_link_returns_empty_list" time="0.003" /><testcase classname="test_39_propose_from_file.TestActivitiesRenderPerformance" name="test_render_with_perf_returns_the_performance" time="0.010" /><testcase classname="test_39_propose_from_file.TestActivitiesRenderPerformance" name="test_render_response_items_have_id_name_description" time="0.008" /><testcase classname="test_39_propose_from_file.TestActivitiesRenderPerformance" name="test_render_name_matches_stored_value" time="0.008" /><testcase classname="test_39_propose_from_file.TestActivitiesRenderPerformance" name="test_render_returns_json_content_type" time="0.003" /><testcase classname="test_40_cartography_translate.TestUpdateCartography" name="test_no_auth_no_entity_returns_400" time="0.001" /><testcase classname="test_40_cartography_translate.TestUpdateCartography" name="test_auth_entity_without_svg_returns_400" time="0.004" /><testcase classname="test_40_cartography_translate.TestUpdateCartography" name="test_auth_entity_nonexistent_svg_returns_404" time="0.008" /><testcase classname="test_40_cartography_translate.TestUpdateCartography" name="test_response_is_json" time="0.004" /><testcase classname="test_40_cartography_translate.TestUpdateCartography" name="test_no_auth_error_message_mentions_entity" time="0.001" /><testcase classname="test_40_cartography_translate.TestUpdateCartography" name="test_no_svg_error_message_mentions_cartographie" time="0.005" /><testcase classname="test_40_cartography_translate.TestUpdateCartography" name="test_nonexistent_svg_error_includes_filename" time="0.007" /><testcase classname="test_40_cartography_translate.TestTranslateSoftskills" name="test_empty_user_input_returns_400" time="0.003" /><testcase classname="test_40_cartography_translate.TestTranslateSoftskills" name="test_whitespace_only_user_input_returns_400" time="0.003" /><testcase classname="test_40_cartography_translate.TestTranslateSoftskills" name="test_missing_user_input_field_returns_400" time="0.003" /><testcase classname="test_40_cartography_translate.TestTranslateSoftskills" name="test_empty_body_returns_400" time="0.003" /><testcase classname="test_40_cartography_translate.TestTranslateSoftskills" name="test_error_message_on_empty_input" time="0.003" /><testcase classname="test_40_cartography_translate.TestTranslateSoftskills" name="test_valid_input_no_openai_key_returns_500" time="0.004" /><testcase classname="test_40_cartography_translate.TestTranslateSoftskills" name="test_error_mentions_openai_key_when_missing" time="0.004" /><testcase classname="test_40_cartography_translate.TestTranslateSoftskills" name="test_with_activity_data_no_openai_key_returns_500" time="0.004" /><testcase classname="test_40_cartography_translate.TestTranslateSoftskills" name="test_response_content_type_is_json" time="0.003" /><testcase classname="test_40_cartography_translate.TestTranslateSoftskills" name="test_error_response_has_error_key" time="0.003" /><testcase classname="test_40_cartography_translate.TestTranslateSoftskills" name="test_clean_json_strips_markdown_backticks" time="0.000" /><testcase classname="test_40_cartography_translate.TestTranslateSoftskills" name="test_clean_json_extracts_array" time="0.000" /><testcase classname="test_40_cartography_translate.TestTranslateSoftskills" name="test_clean_json_returns_object_if_no_array" time="0.000" /><testcase classname="test_41_activities_form.TestActivitiesPerformanceAdd" name="test_creates_performance_returns_201" time="0.013" /><testcase classname="test_41_activities_form.TestActivitiesPerformanceAdd" name="test_response_contains_id_field" time="0.012" /><testcase classname="test_41_activities_form.TestActivitiesPerformanceAdd" name="test_response_contains_message_field" time="0.011" /><testcase classname="test_41_activities_form.TestActivitiesPerformanceAdd" name="test_existing_performance_updates_returns_200" time="0.012" /><testcase classname="test_41_activities_form.TestActivitiesPerformanceAdd" name="test_update_response_has_message" time="0.012" /><testcase classname="test_41_activities_form.TestActivitiesPerformanceAdd" name="test_missing_link_id_returns_400" time="0.003" /><testcase classname="test_41_activities_form.TestActivitiesPerformanceAdd" name="test_missing_name_returns_400" time="0.009" /><testcase classname="test_41_activities_form.TestActivitiesPerformanceAdd" name="test_performance_persisted_in_db" time="0.011" /><testcase classname="test_41_activities_form.TestActivitiesPerformanceAdd" name="test_description_optional" time="0.011" /><testcase classname="test_41_activities_form.TestActivitiesPerformanceUpdate" name="test_update_existing_returns_200" time="0.012" /><testcase classname="test_41_activities_form.TestActivitiesPerformanceUpdate" name="test_update_response_has_message" time="0.014" /><testcase classname="test_41_activities_form.TestActivitiesPerformanceUpdate" name="test_update_nonexistent_returns_404" time="0.004" /><testcase classname="test_41_activities_form.TestActivitiesPerformanceUpdate" name="test_update_missing_name_returns_400" time="0.010" /><testcase classname="test_41_activities_form.TestActivitiesPerformanceUpdate" name="test_update_persists_new_name_in_db" time="0.012" /><testcase classname="test_41_activities_form.TestActivitiesPerformanceUpdate" name="test_update_description_optional" time="0.012" /><testcase classname="test_41_activities_form.TestActivitiesPerformanceUpdate" name="test_update_nonexistent_has_error_field" time="0.004" /><testcase classname="test_41_activities_form.TestActivitiesPerformanceDelete" name="test_delete_existing_returns_200" time="0.011" /><testcase classname="test_41_activities_form.TestActivitiesPerformanceDelete" name="test_delete_response_has_message" time="0.012" /><testcase classname="test_41_activities_form.TestActivitiesPerformanceDelete" name="test_delete_nonexistent_returns_404" time="0.003" /><testcase classname="test_41_activities_form.TestActivitiesPerformanceDelete" name="test_delete_nonexistent_has_error_field" time="0.003" /><testcase classname="test_41_activities_form.TestActivitiesPerformanceDelete" name="test_delete_removes_from_db" time="0.012" /><testcase classname="test_41_activities_form.TestActivitiesPerformanceDelete" name="test_double_delete_second_returns_404" time="0.013" /><testcase classname="test_41_activities_form.TestActivitiesPerformanceDelete" name="test_delete_then_readd_creates_new_201" time="0.014" /><testcase classname="test_42_activities_search_admin.TestActivitiesViewSearch" name="test_search_no_param_returns_empty" time="0.003" /><testcase classname="test_42_activities_search_admin.TestActivitiesViewSearch" name="test_search_empty_q_returns_empty" time="0.003" /><testcase classname="test_42_activities_search_admin.TestActivitiesViewSearch" name="test_search_whitespace_q_returns_empty" time="0.003" /><testcase classname="test_42_activities_search_admin.TestActivitiesViewSearch" name="test_search_nonexistent_term_returns_zero" time="0.006" /><testcase classname="test_42_activities_search_admin.TestActivitiesViewSearch" name="test_search_full_name_match" time="0.016" /><testcase classname="test_42_activities_search_admin.TestActivitiesViewSearch" name="test_search_partial_name_matches" time="0.019" /><testcase classname="test_42_activities_search_admin.TestActivitiesViewSearch" name="test_search_case_insensitive" time="0.028" /><testcase classname="test_42_activities_search_admin.TestActivitiesViewSearch" name="test_search_response_has_html_key" time="0.014" /><testcase classname="test_42_activities_search_admin.TestActivitiesViewSearch" name="test_search_response_has_count_key" time="0.014" /><testcase classname="test_42_activities_search_admin.TestActivitiesViewSearch" name="test_search_html_is_string" time="0.016" /><testcase classname="test_42_activities_search_admin.TestActivitiesViewSearch" name="test_search_count_is_int" time="0.016" /><testcase classname="test_42_activities_search_admin.TestActivitiesViewSearch" name="test_search_html_nonempty_when_count_positive" time="0.016" /><testcase classname="test_42_activities_search_admin.TestActivitiesViewSearch" name="test_search_unauthenticated_does_not_crash" time="0.012" /><testcase classname="test_42_activities_search_admin.TestAdminCloneEntity" name="test_clone_empty_body_returns_500" time="0.004" /><testcase classname="test_42_activities_search_admin.TestAdminCloneEntity" name="test_clone_missing_target_id_returns_500" time="0.003" /><testcase classname="test_42_activities_search_admin.TestAdminCloneEntity" name="test_clone_source_not_found_returns_json_error" time="0.004" /><testcase classname="test_42_activities_search_admin.TestAdminCloneEntity" name="test_clone_target_not_found_returns_json_error" time="0.005" /><testcase classname="test_42_activities_search_admin.TestAdminCloneEntity" name="test_clone_empty_entity_returns_ok_true" time="0.023" /><testcase classname="test_42_activities_search_admin.TestAdminCloneEntity" name="test_clone_response_has_all_count_keys" time="0.018" /><testcase classname="test_42_activities_search_admin.TestAdminCloneEntity" name="test_clone_response_has_source_and_target_names" time="0.016" /><testcase classname="test_42_activities_search_admin.TestAdminCloneEntity" name="test_clone_empty_counts_are_zero" time="0.017" /><testcase classname="test_42_activities_search_admin.TestAdminCloneEntity" name="test_clone_error_response_has_trace" time="0.004" /><testcase classname="test_42_activities_search_admin.TestAdminMigrateEntities" name="test_migrate_get_without_production_users_returns_404" time="0.004" /><testcase classname="test_42_activities_search_admin.TestAdminMigrateEntities" name="test_migrate_get_response_has_error_key" time="0.003" /><testcase classname="test_42_activities_search_admin.TestAdminMigrateEntities" name="test_migrate_get_error_mentions_user_not_found" time="0.004" /><testcase classname="test_42_activities_search_admin.TestAdminMigrateEntities" name="test_migrate_post_without_production_users_returns_404" time="0.003" /><testcase classname="test_42_activities_search_admin.TestAdminMigrateEntities" name="test_migrate_post_response_has_error_key" time="0.003" /><testcase classname="test_42_activities_search_admin.TestAdminMigrateEntities" name="test_migrate_dry_run_and_execute_same_404" time="0.004" /><testcase classname="test_43_vsdx_parsers.TestNormalizeActivityName" name="test_empty_string_returns_empty" time="0.000" /><testcase classname="test_43_vsdx_parsers.TestNormalizeActivityName" name="test_lowercases_input" time="0.000" /><testcase classname="test_43_vsdx_parsers.TestNormalizeActivityName" name="test_multiple_spaces_collapsed_to_one" time="0.000" /><testcase classname="test_43_vsdx_parsers.TestNormalizeActivityName" name="test_leading_trailing_spaces_stripped" time="0.000" /><testcase classname="test_43_vsdx_parsers.TestNormalizeActivityName" name="test_plain_apostrophe_preserved" time="0.000" /><testcase classname="test_43_vsdx_parsers.TestNormalizeActivityName" name="test_backtick_replaced" time="0.000" /><testcase classname="test_43_vsdx_parsers.TestNormalizeActivityName" name="test_already_normalized_unchanged" time="0.000" /><testcase classname="test_43_vsdx_parsers.TestValidateConnections" name="test_empty_connections_all_empty" time="0.000" /><testcase classname="test_43_vsdx_parsers.TestValidateConnections" name="test_valid_connection_adds_ids" time="0.001" /><testcase classname="test_43_vsdx_parsers.TestValidateConnections" name="test_unknown_activities_go_to_invalid" time="0.000" /><testcase classname="test_43_vsdx_parsers.TestValidateConnections" name="test_partial_match_goes_to_invalid" time="0.000" /><testcase classname="test_43_vsdx_parsers.TestValidateConnections" name="test_normalization_case_insensitive" time="0.000" /><testcase classname="test_43_vsdx_parsers.TestValidateConnections" name="test_missing_list_is_sorted" time="0.000" /><testcase classname="test_43_vsdx_parsers.TestValidateConnections" name="test_valid_connection_preserves_original_fields" time="0.000" /><testcase classname="test_43_vsdx_parsers.TestExtractDataInfo" name="test_n_space_prefix_is_nourrissante" time="0.000" /><testcase classname="test_43_vsdx_parsers.TestExtractDataInfo" name="test_n_dash_prefix_is_nourrissante" time="0.000" /><testcase classname="test_43_vsdx_parsers.TestExtractDataInfo" name="test_t_space_prefix_is_declenchante" time="0.000" /><testcase classname="test_43_vsdx_parsers.TestExtractDataInfo" name="test_t_dash_prefix_is_declenchante" time="0.000" /><testcase classname="test_43_vsdx_parsers.TestExtractDataInfo" name="test_no_prefix_type_is_none" time="0.000" /><testcase classname="test_43_vsdx_parsers.TestExtractDataInfo" name="test_connector_text_takes_priority_as_data_name" time="0.000" /><testcase classname="test_43_vsdx_parsers.TestExtractDataInfo" name="test_empty_text_uses_name_without_prefix" time="0.000" /><testcase classname="test_43_vsdx_parsers.TestExtractDataInfo" name="test_both_empty_data_name_is_none" time="0.000" /><testcase classname="test_43_vsdx_parsers.TestExtractDataInfo" name="test_empty_string_text_normalized_to_none" time="0.000" /><testcase classname="test_43_vsdx_parsers.TestExtractDataInfo" name="test_whitespace_only_text_with_empty_name_normalized_to_none" time="0.000" /><testcase classname="test_43_vsdx_parsers.TestVsdxConnectionParserParse" name="test_file_not_found_returns_error" time="0.000" /><testcase classname="test_43_vsdx_parsers.TestVsdxConnectionParserParse" name="test_wrong_extension_returns_error" time="0.000" /><testcase classname="test_43_vsdx_parsers.TestVsdxConnectionParserParse" name="test_bad_zip_returns_error" time="0.001" /><testcase classname="test_43_vsdx_parsers.TestVsdxConnectionParserParse" name="test_get_unique_activities_empty_connections" time="0.000" /><testcase classname="test_43_vsdx_parsers.TestVsdxConnectionParserParse" name="test_get_unique_activities_deduplicates" time="0.000" /><testcase classname="test_43_vsdx_parsers.TestVsdxConnectionParserParse" name="test_get_excluded_shapes_empty" time="0.000" /><testcase classname="test_43_vsdx_parsers.TestVsdxConnectionParserParse" name="test_parse_vsdx_connections_wrapper_missing_file" time="0.000" /><testcase classname="test_43_vsdx_parsers.TestVsdxConnectionParserFullParse" name="test_full_page_produces_expected_connections" time="0.001" /><testcase classname="test_43_vsdx_parsers.TestVsdxConnectionParserFullParse" name="test_target_starting_with_resultat_is_skipped" time="0.001" /><testcase classname="test_43_vsdx_parsers.TestVsdxConnectionParserFullParse" name="test_no_page_files_returns_error" time="0.001" /><testcase classname="test_43_vsdx_parsers.TestVsdxConnectionParserFullParse" name="test_malformed_page_xml_reports_error_and_keeps_going" time="0.001" /><testcase classname="test_43_vsdx_parsers.TestDecisionExtractorHelpers" name="test_text_of_no_text_element_returns_empty" time="0.000" /><testcase classname="test_43_vsdx_parsers.TestDecisionExtractorHelpers" name="test_text_of_simple_content" time="0.000" /><testcase classname="test_43_vsdx_parsers.TestDecisionExtractorHelpers" name="test_text_of_collapses_whitespace" time="0.000" /><testcase classname="test_43_vsdx_parsers.TestDecisionExtractorHelpers" name="test_cell_val_found" time="0.000" /><testcase classname="test_43_vsdx_parsers.TestDecisionExtractorHelpers" name="test_cell_val_missing_returns_empty" time="0.000" /><testcase classname="test_43_vsdx_parsers.TestDecisionExtractorHelpers" name="test_cell_float_valid" time="0.000" /><testcase classname="test_43_vsdx_parsers.TestDecisionExtractorHelpers" name="test_cell_float_invalid_value_returns_zero" time="0.000" /><testcase classname="test_43_vsdx_parsers.TestDecisionExtractorHelpers" name="test_cell_float_missing_cell_returns_zero" time="0.000" /><testcase classname="test_43_vsdx_parsers.TestIsPureDiamondGeometry" name="test_one_moveto_four_lineto_is_diamond" time="0.000" /><testcase classname="test_43_vsdx_parsers.TestIsPureDiamondGeometry" name="test_with_arc_is_not_diamond" time="0.000" /><testcase classname="test_43_vsdx_parsers.TestIsPureDiamondGeometry" name="test_three_lineto_is_not_diamond" time="0.000" /><testcase classname="test_43_vsdx_parsers.TestIsPureDiamondGeometry" name="test_no_geometry_section_is_not_diamond" time="0.000" /><testcase classname="test_43_vsdx_parsers.TestIsPureDiamondGeometry" name="test_two_moveto_four_lineto_is_not_diamond" time="0.000" /><testcase classname="test_43_vsdx_parsers.TestIsLikelyAnnotation" name="test_long_text_is_annotation" time="0.000" /><testcase classname="test_43_vsdx_parsers.TestIsLikelyAnnotation" name="test_exactly_60_chars_is_not_annotation" time="0.000" /><testcase classname="test_43_vsdx_parsers.TestIsLikelyAnnotation" name="test_excluded_master_name_is_annotation" time="0.000" /><testcase classname="test_43_vsdx_parsers.TestIsLikelyAnnotation" name="test_excluded_master_note_is_annotation" time="0.000" /><testcase classname="test_43_vsdx_parsers.TestIsLikelyAnnotation" name="test_large_width_is_annotation" time="0.000" /><testcase classname="test_43_vsdx_parsers.TestIsLikelyAnnotation" name="test_large_height_is_annotation" time="0.000" /><testcase classname="test_43_vsdx_parsers.TestIsLikelyAnnotation" name="test_normal_shape_is_not_annotation" time="0.000" /><testcase classname="test_43_vsdx_parsers.TestIsLikelyAnnotation" name="test_layer2_with_text_is_annotation" time="0.000" /><testcase classname="test_43_vsdx_parsers.TestOuiNonRegex" name="test_matches_oui_lowercase" time="0.000" /><testcase classname="test_43_vsdx_parsers.TestOuiNonRegex" name="test_matches_oui_uppercase" time="0.000" /><testcase classname="test_43_vsdx_parsers.TestOuiNonRegex" name="test_matches_non_lowercase" time="0.000" /><testcase classname="test_43_vsdx_parsers.TestOuiNonRegex" name="test_matches_yes" time="0.000" /><testcase classname="test_43_vsdx_parsers.TestOuiNonRegex" name="test_matches_no" time="0.000" /><testcase classname="test_43_vsdx_parsers.TestOuiNonRegex" name="test_no_match_for_partial_word" time="0.003" /><testcase classname="test_43_vsdx_parsers.TestOuiNonRegex" name="test_no_match_for_maybe" time="0.001" /><testcase classname="test_43_vsdx_parsers.TestOuiNonRegex" name="test_no_match_for_empty" time="0.001" /><testcase classname="test_43_vsdx_parsers.TestInferOuiNon" name="test_single_outgoing_always_oui" time="0.001" /><testcase classname="test_43_vsdx_parsers.TestInferOuiNon" name="test_no_outgoing_no_crash" time="0.000" /><testcase classname="test_43_vsdx_parsers.TestInferOuiNon" name="test_multiple_outgoing_no_incoming_all_empty_badge" time="0.001" /><testcase classname="test_43_vsdx_parsers.TestInferOuiNon" name="test_empty_decisions_list_no_crash" time="0.000" /><testcase classname="test_43_vsdx_parsers.TestExtractDecisionsFromVsdx" name="test_result_has_required_keys" time="0.001" /><testcase classname="test_43_vsdx_parsers.TestExtractDecisionsFromVsdx" name="test_missing_file_returns_error" time="0.001" /><testcase classname="test_43_vsdx_parsers.TestExtractDecisionsFromVsdx" name="test_missing_file_decisions_empty" time="0.001" /><testcase classname="test_43_vsdx_parsers.TestExtractDecisionsFromVsdx" name="test_bad_zip_returns_error" time="0.001" /><testcase classname="test_43_vsdx_parsers.TestExtractDecisionsFromVsdx" name="test_bad_zip_decisions_empty" time="0.002" /><testcase classname="test_43_vsdx_parsers.TestExtractDecisionsFromVsdx" name="test_zip_without_pages_returns_explicit_error" time="0.001" /><testcase classname="test_43_vsdx_parsers.TestExtractDecisionsFullFlow" name="test_single_decision_two_branches" time="0.001" /><testcase classname="test_43_vsdx_parsers.TestExtractDecisionsFullFlow" name="test_malformed_masters_xml_does_not_crash" time="0.001" /><testcase classname="test_43_vsdx_parsers.TestExtractDecisionsMultiPage" name="test_only_first_sorted_page_is_parsed" time="0.001" /><testcase classname="test_43_vsdx_parsers.TestExtractDecisionsAnnotationExclusion" name="test_large_diamond_geometry_excluded_as_annotation" time="0.001" /><testcase classname="test_43_vsdx_parsers.TestExtractDecisionsBadgeGroupMembership" name="test_badge_via_group_membership" time="0.001" /><testcase classname="test_43_vsdx_parsers.TestExtractDecisionsBadgeProximityFallback" name="test_badge_assigned_via_proximity" time="0.001" /><testcase classname="test_43_vsdx_parsers.TestExtractDecisionsSplice" name="test_unconnected_diamond_is_spliced_onto_passing_connector" time="0.001" /><testcase classname="test_43_vsdx_parsers.TestInferOuiNonAdvanced" name="test_cyclic_incoming_excluded_from_forward_direction" time="0.001" /><testcase classname="test_43_vsdx_parsers.TestInferOuiNonAdvanced" name="test_incoming_vectors_cancel_out_leaves_badges_empty" time="0.000" /><testcase classname="test_43_vsdx_parsers.TestInferOuiNonAdvanced" name="test_no_valid_incoming_vector_leaves_badges_empty" time="0.000" /><testcase classname="test_43_vsdx_parsers.TestInferOuiNonAdvanced" name="test_orig_conn_id_direction_preferred_over_target_center" time="0.000" /><testcase classname="test_43_vsdx_parsers.TestInferOuiNonAdvanced" name="test_falls_back_to_target_center_when_orig_conn_missing" time="0.000" /><testcase classname="test_43_vsdx_parsers.TestInferOuiNonAdvanced" name="test_target_and_orig_missing_leaves_badge_empty" time="0.000" /><testcase classname="test_43_vsdx_parsers.TestInferOuiNonAdvanced" name="test_ninety_degree_fallback_promotes_one_to_oui" time="0.000" /><testcase classname="test_44_cross_carto_liaisons.TestLiaisonMatches" name="test_sans_nom_retourne_vide" time="0.005" /><testcase classname="test_44_cross_carto_liaisons.TestLiaisonMatches" name="test_nom_vide_retourne_vide" time="0.004" /><testcase classname="test_44_cross_carto_liaisons.TestLiaisonMatches" name="test_structure_json_complete" time="0.005" /><testcase classname="test_44_cross_carto_liaisons.TestLiaisonMatches" name="test_total_coherent_avec_matches" time="0.004" /><testcase classname="test_44_cross_carto_liaisons.TestLiaisonMatches" name="test_entite_unique_aucune_correspondance" time="0.004" /><testcase classname="test_44_cross_carto_liaisons.TestLiaisonMatches" name="test_retour_json_content_type" time="0.004" /><testcase classname="test_44_cross_carto_liaisons.TestReverseliaisonsMap" name="test_retourne_200" time="0.005" /><testcase classname="test_44_cross_carto_liaisons.TestReverseliaisonsMap" name="test_structure_cle_origins" time="0.004" /><testcase classname="test_44_cross_carto_liaisons.TestReverseliaisonsMap" name="test_origins_est_une_liste" time="0.003" /><testcase classname="test_44_cross_carto_liaisons.TestReverseliaisonsMap" name="test_sans_liaisons_actives_origins_vide" time="0.004" /><testcase classname="test_44_cross_carto_liaisons.TestReverseliaisonsMap" name="test_avec_liaison_retourne_origines" time="0.014" /><testcase classname="test_44_cross_carto_liaisons.TestReverseliaisonsQuery" name="test_sans_nom_retourne_vide" time="0.004" /><testcase classname="test_44_cross_carto_liaisons.TestReverseliaisonsQuery" name="test_nom_inexistant_retourne_vide" time="0.005" /><testcase classname="test_44_cross_carto_liaisons.TestReverseliaisonsQuery" name="test_structure_cle_matches" time="0.004" /><testcase classname="test_44_cross_carto_liaisons.TestReverseliaisonsQuery" name="test_matches_est_une_liste" time="0.004" /><testcase classname="test_44_cross_carto_liaisons.TestReverseliaisonsQuery" name="test_activite_seed_sans_liaison" time="0.005" /><testcase classname="test_44_cross_carto_liaisons.TestReverseliaisonsQuery" name="test_retour_json_content_type" time="0.004" /><testcase classname="test_44_cross_carto_liaisons.TestOfficializeLiaison" name="test_params_manquants_400" time="0.003" /><testcase classname="test_44_cross_carto_liaisons.TestOfficializeLiaison" name="test_extco_activity_introuvable_404" time="0.004" /><testcase classname="test_44_cross_carto_liaisons.TestOfficializeLiaison" name="test_origin_entity_inconnue_404" time="0.006" /><testcase classname="test_44_cross_carto_liaisons.TestOfficializeLiaison" name="test_origin_activity_introuvable_404" time="0.010" /><testcase classname="test_44_cross_carto_liaisons.TestOfficializeLiaison" name="test_liaison_creee_avec_succes" time="0.016" /><testcase classname="test_44_cross_carto_liaisons.TestOfficializeLiaison" name="test_reponse_contient_liens_crees" time="0.014" /><testcase classname="test_44_cross_carto_liaisons.TestOfficializeLiaison" name="test_liaison_deja_existante_already_exists" time="0.016" /><testcase classname="test_44_cross_carto_liaisons.TestOfficializeLiaison" name="test_sans_auth_interdit_403" time="0.001" /><testcase classname="test_44_cross_carto_liaisons.TestLiaisonDeofficePreview" name="test_params_manquants_400" time="0.003" /><testcase classname="test_44_cross_carto_liaisons.TestLiaisonDeofficePreview" name="test_erreur_400_contient_message" time="0.003" /><testcase classname="test_44_cross_carto_liaisons.TestLiaisonDeofficePreview" name="test_liaison_inexistante_404" time="0.004" /><testcase classname="test_44_cross_carto_liaisons.TestLiaisonDeofficePreview" name="test_liaison_valide_retourne_200" time="0.015" /><testcase classname="test_44_cross_carto_liaisons.TestLiaisonDeofficePreview" name="test_structure_preview_complete" time="0.012" /><testcase classname="test_44_cross_carto_liaisons.TestLiaisonDeofficePreview" name="test_db_links_to_remove_est_entier" time="0.012" /><testcase classname="test_44_cross_carto_liaisons.TestLiaisonDeoffice" name="test_params_manquants_400" time="0.003" /><testcase classname="test_44_cross_carto_liaisons.TestLiaisonDeoffice" name="test_liaison_inexistante_404" time="0.003" /><testcase classname="test_44_cross_carto_liaisons.TestLiaisonDeoffice" name="test_deoffice_liaison_valide" time="0.013" /><testcase classname="test_44_cross_carto_liaisons.TestLiaisonDeoffice" name="test_liaison_supprimee_apres_deoffice" time="0.014" /><testcase classname="test_44_cross_carto_liaisons.TestLiaisonDeoffice" name="test_sans_auth_400_ou_404" time="0.001" /><testcase classname="test_44_cross_carto_liaisons.TestDebugDecisionsLegacy" name="test_retourne_200_avec_entite_active" time="0.003" /><testcase classname="test_44_cross_carto_liaisons.TestDebugDecisionsLegacy" name="test_structure_entity_id" time="0.003" /><testcase classname="test_44_cross_carto_liaisons.TestDebugDecisionsLegacy" name="test_structure_cle_vsdx" time="0.004" /><testcase classname="test_44_cross_carto_liaisons.TestDebugDecisionsLegacy" name="test_vsdx_contient_decisions" time="0.003" /><testcase classname="test_44_cross_carto_liaisons.TestDebugDecisionsLegacy" name="test_has_vsdx_est_bool" time="0.004" /><testcase classname="test_44_cross_carto_liaisons.TestDebugAnalyzeFile" name="test_sans_fichier_400" time="0.003" /><testcase classname="test_44_cross_carto_liaisons.TestDebugAnalyzeFile" name="test_sans_fichier_json_error" time="0.003" /><testcase classname="test_44_cross_carto_liaisons.TestDebugAnalyzeFile" name="test_mauvaise_extension_400" time="0.003" /><testcase classname="test_44_cross_carto_liaisons.TestDebugAnalyzeFile" name="test_erreur_extension_dans_message" time="0.003" /><testcase classname="test_44_cross_carto_liaisons.TestDebugAnalyzeFile" name="test_extension_csv_refusee" time="0.003" /><testcase classname="test_44_cross_carto_liaisons.TestDebugAnalyzeFile" name="test_sans_auth_retourne_401" time="0.001" /><testcase classname="test_44_cross_carto_liaisons.TestDebugAnalyzeFileAI" name="test_sans_fichier_400" time="0.003" /><testcase classname="test_44_cross_carto_liaisons.TestDebugAnalyzeFileAI" name="test_erreur_json_presente" time="0.003" /><testcase classname="test_44_cross_carto_liaisons.TestDebugAnalyzeFileAI" name="test_mauvaise_extension_400" time="0.003" /><testcase classname="test_44_cross_carto_liaisons.TestDebugAnalyzeFileAI" name="test_extension_docx_refusee" time="0.005" /><testcase classname="test_44_cross_carto_liaisons.TestDebugAnalyzeFileAI" name="test_sans_auth_retourne_401" time="0.001" /><testcase classname="test_44_cross_carto_liaisons.TestDebugDecisionsAI" name="test_sans_vsdx_retourne_404" time="0.003" /><testcase classname="test_44_cross_carto_liaisons.TestDebugDecisionsAI" name="test_erreur_404_contient_message" time="0.003" /><testcase classname="test_44_cross_carto_liaisons.TestDebugDecisionsAI" name="test_sans_entite_active_400" time="0.001" /><testcase classname="test_45_roles_avance.TestListRoles" name="test_retourne_200" time="0.003" /><testcase classname="test_45_roles_avance.TestListRoles" name="test_reponse_est_tableau_json" time="0.003" /><testcase classname="test_45_roles_avance.TestListRoles" name="test_contient_id_et_name" time="0.010" /><testcase classname="test_45_roles_avance.TestListRoles" name="test_role_cree_apparait_dans_liste" time="0.009" /><testcase classname="test_45_roles_avance.TestListRoles" name="test_role_supprime_absent_de_liste" time="0.008" /><testcase classname="test_45_roles_avance.TestListRoles" name="test_contenu_type_json" time="0.004" /><testcase classname="test_45_roles_avance.TestGarantRole" name="test_sans_role_name_retourne_400" time="0.003" /><testcase classname="test_45_roles_avance.TestGarantRole" name="test_role_name_vide_retourne_400" time="0.003" /><testcase classname="test_45_roles_avance.TestGarantRole" name="test_garant_succes_retourne_200" time="0.012" /><testcase classname="test_45_roles_avance.TestGarantRole" name="test_garant_reponse_contient_message" time="0.010" /><testcase classname="test_45_roles_avance.TestGarantRole" name="test_garant_reponse_contient_role" time="0.010" /><testcase classname="test_45_roles_avance.TestGarantRole" name="test_garant_cree_role_si_inexistant" time="0.014" /><testcase classname="test_45_roles_avance.TestGarantRole" name="test_garant_enregistre_en_activity_roles" time="0.011" /><testcase classname="test_45_roles_avance.TestGarantRole" name="test_garant_remplace_ancien" time="0.018" /><testcase classname="test_45_roles_avance.TestUpdateRole" name="test_update_succes_retourne_200" time="0.010" /><testcase classname="test_45_roles_avance.TestUpdateRole" name="test_update_nom_vide_retourne_400" time="0.008" /><testcase classname="test_45_roles_avance.TestUpdateRole" name="test_update_inexistant_retourne_404" time="0.003" /><testcase classname="test_45_roles_avance.TestUpdateRole" name="test_update_persist_en_db" time="0.010" /><testcase classname="test_45_roles_avance.TestUpdateRole" name="test_update_reponse_contient_id" time="0.010" /><testcase classname="test_45_roles_avance.TestUpdateRole" name="test_update_reponse_contient_nouveau_nom" time="0.011" /><testcase classname="test_45_roles_avance.TestUpdateRole" name="test_update_sans_body_retourne_400" time="0.012" /><testcase classname="test_45_roles_avance.TestDeleteRole" name="test_delete_succes_retourne_200" time="0.011" /><testcase classname="test_45_roles_avance.TestDeleteRole" name="test_delete_inexistant_retourne_404" time="0.005" /><testcase classname="test_45_roles_avance.TestDeleteRole" name="test_delete_supprime_de_db" time="0.011" /><testcase classname="test_45_roles_avance.TestDeleteRole" name="test_delete_reponse_contient_message" time="0.011" /><testcase classname="test_45_roles_avance.TestDeleteRole" name="test_delete_supprime_associations_activity_roles" time="0.016" /><testcase classname="test_45_roles_avance.TestDeleteRole" name="test_delete_content_type_json" time="0.011" /><testcase classname="test_45_roles_avance.TestDeleteRole" name="test_double_delete_retourne_404" time="0.012" /><testcase classname="test_46_cartography_calques.TestCalquesNoAuth" name="test_list_calques_sans_auth_retourne_403" time="0.006" /><testcase classname="test_46_cartography_calques.TestCalquesNoAuth" name="test_create_calque_sans_auth_retourne_403" time="0.002" /><testcase classname="test_46_cartography_calques.TestCalquesNoAuth" name="test_load_calque_sans_auth_retourne_403" time="0.002" /><testcase classname="test_46_cartography_calques.TestCalquesNoAuth" name="test_update_calque_sans_auth_retourne_403" time="0.001" /><testcase classname="test_46_cartography_calques.TestCalquesNoAuth" name="test_delete_calque_sans_auth_retourne_403" time="0.001" /><testcase classname="test_46_cartography_calques.TestCalquesNoAuth" name="test_apply_calque_sans_auth_retourne_403" time="0.002" /><testcase classname="test_46_cartography_calques.TestCalquesNoAuth" name="test_deactivate_sans_auth_retourne_403" time="0.001" /><testcase classname="test_46_cartography_calques.TestCalquesNoAuth" name="test_resync_sans_auth_retourne_403" time="0.001" /><testcase classname="test_46_cartography_calques.TestListCalques" name="test_liste_vide_retourne_200" time="0.007" /><testcase classname="test_46_cartography_calques.TestListCalques" name="test_retourne_tableau_json" time="0.004" /><testcase classname="test_46_cartography_calques.TestListCalques" name="test_calque_cree_apparait_dans_liste" time="0.010" /><testcase classname="test_46_cartography_calques.TestListCalques" name="test_liste_contient_id_et_name" time="0.008" /><testcase classname="test_46_cartography_calques.TestListCalques" name="test_calque_supprime_absent_de_liste" time="0.008" /><testcase classname="test_46_cartography_calques.TestListCalques" name="test_content_type_json" time="0.004" /><testcase classname="test_46_cartography_calques.TestCreateCalque" name="test_creation_valide_retourne_200" time="0.005" /><testcase classname="test_46_cartography_calques.TestCreateCalque" name="test_creation_reponse_contient_ok_true" time="0.007" /><testcase classname="test_46_cartography_calques.TestCreateCalque" name="test_creation_reponse_contient_id" time="0.007" /><testcase classname="test_46_cartography_calques.TestCreateCalque" name="test_creation_reponse_contient_name" time="0.007" /><testcase classname="test_46_cartography_calques.TestCreateCalque" name="test_creation_persiste_en_db" time="0.007" /><testcase classname="test_46_cartography_calques.TestCreateCalque" name="test_creation_sans_name_retourne_400" time="0.004" /><testcase classname="test_46_cartography_calques.TestCreateCalque" name="test_creation_name_vide_retourne_400" time="0.005" /><testcase classname="test_46_cartography_calques.TestCreateCalque" name="test_creation_sans_state_retourne_400" time="0.004" /><testcase classname="test_46_cartography_calques.TestCreateCalque" name="test_creation_etat_vide_accepte" time="0.007" /><testcase classname="test_46_cartography_calques.TestLoadCalque" name="test_chargement_valide_retourne_200" time="0.008" /><testcase classname="test_46_cartography_calques.TestLoadCalque" name="test_chargement_retourne_etat_json" time="0.008" /><testcase classname="test_46_cartography_calques.TestLoadCalque" name="test_chargement_etat_correspond_au_cree" time="0.008" /><testcase classname="test_46_cartography_calques.TestLoadCalque" name="test_chargement_inexistant_retourne_404" time="0.004" /><testcase classname="test_46_cartography_calques.TestLoadCalque" name="test_chargement_content_type_json" time="0.008" /><testcase classname="test_46_cartography_calques.TestUpdateCalque" name="test_update_nom_succes_retourne_200" time="0.009" /><testcase classname="test_46_cartography_calques.TestUpdateCalque" name="test_update_ok_true_dans_reponse" time="0.009" /><testcase classname="test_46_cartography_calques.TestUpdateCalque" name="test_update_nom_persiste_en_db" time="0.008" /><testcase classname="test_46_cartography_calques.TestUpdateCalque" name="test_update_state_persiste_en_db" time="0.009" /><testcase classname="test_46_cartography_calques.TestUpdateCalque" name="test_update_nom_vide_ne_change_pas_le_nom" time="0.008" /><testcase classname="test_46_cartography_calques.TestUpdateCalque" name="test_update_inexistant_retourne_404" time="0.004" /><testcase classname="test_46_cartography_calques.TestDeleteCalque" name="test_delete_succes_retourne_200" time="0.007" /><testcase classname="test_46_cartography_calques.TestDeleteCalque" name="test_delete_ok_true_dans_reponse" time="0.007" /><testcase classname="test_46_cartography_calques.TestDeleteCalque" name="test_delete_supprime_de_db" time="0.008" /><testcase classname="test_46_cartography_calques.TestDeleteCalque" name="test_delete_inexistant_retourne_404" time="0.004" /><testcase classname="test_46_cartography_calques.TestDeleteCalque" name="test_double_delete_retourne_404" time="0.010" /><testcase classname="test_46_cartography_calques.TestDeleteCalque" name="test_delete_content_type_json" time="0.007" /><testcase classname="test_46_cartography_calques.TestApplyCalque" name="test_apply_succes_retourne_200" time="0.051" /><testcase classname="test_46_cartography_calques.TestApplyCalque" name="test_apply_reponse_ok_true" time="0.011" /><testcase classname="test_46_cartography_calques.TestApplyCalque" name="test_apply_inexistant_retourne_404" time="0.004" /><testcase classname="test_46_cartography_calques.TestApplyCalque" name="test_apply_avec_state_non_vide" time="0.010" /><testcase classname="test_46_cartography_calques.TestApplyCalque" name="test_apply_content_type_json" time="0.009" /><testcase classname="test_46_cartography_calques.TestDeactivateCalque" name="test_deactivate_sans_carto_retourne_200" time="0.005" /><testcase classname="test_46_cartography_calques.TestDeactivateCalque" name="test_deactivate_reponse_ok_true" time="0.004" /><testcase classname="test_46_cartography_calques.TestDeactivateCalque" name="test_deactivate_avec_carto_stockee_retourne_200" time="0.009" /><testcase classname="test_46_cartography_calques.TestDeactivateCalque" name="test_deactivate_supprime_calque_actif_de_session" time="0.011" /><testcase classname="test_46_cartography_calques.TestDeactivateCalque" name="test_deactivate_content_type_json" time="0.004" /><testcase classname="test_46_cartography_calques.TestApiResync" name="test_resync_sans_carto_retourne_400" time="0.004" /><testcase classname="test_46_cartography_calques.TestApiResync" name="test_resync_avec_carto_retourne_200" time="0.009" /><testcase classname="test_46_cartography_calques.TestApiResync" name="test_resync_reponse_ok_true" time="0.009" /><testcase classname="test_46_cartography_calques.TestApiResync" name="test_resync_reponse_contient_entity_name" time="0.009" /><testcase classname="test_46_cartography_calques.TestApiResync" name="test_resync_entity_inconnue_retourne_404" time="0.003" /><testcase classname="test_46_cartography_calques.TestApiResync" name="test_resync_avec_shapes_carto_retourne_200" time="0.009" /><testcase classname="test_46_cartography_calques.TestApiResync" name="test_resync_error_retourne_json" time="0.011" /><testcase classname="test_47_cartography_editor_avance.TestArchitectNoAuth" name="test_architect_sans_auth_retourne_403" time="0.001" /><testcase classname="test_47_cartography_editor_avance.TestArchitectPayload" name="test_corps_vide_retourne_400" time="0.003" /><testcase classname="test_47_cartography_editor_avance.TestArchitectPayload" name="test_shapes_absentes_retourne_400" time="0.003" /><testcase classname="test_47_cartography_editor_avance.TestArchitectPayload" name="test_shapes_vide_retourne_400" time="0.003" /><testcase classname="test_47_cartography_editor_avance.TestArchitectPayload" name="test_erreur_400_contient_champ_error" time="0.003" /><testcase classname="test_47_cartography_editor_avance.TestArchitectPayload" name="test_shapes_non_vides_sans_cle_ia_retourne_500" time="0.003" /><testcase classname="test_47_cartography_editor_avance.TestArchitectPayload" name="test_erreur_500_contient_champ_error" time="0.004" /><testcase classname="test_47_cartography_editor_avance.TestArchitectPayload" name="test_plusieurs_shapes_sans_cle_ia_reste_500" time="0.004" /><testcase classname="test_47_cartography_editor_avance.TestGetLiaisonsNoAuth" name="test_sans_auth_retourne_200" time="0.001" /><testcase classname="test_47_cartography_editor_avance.TestGetLiaisonsNoAuth" name="test_sans_auth_retourne_liste_vide" time="0.001" /><testcase classname="test_47_cartography_editor_avance.TestGetLiaisonsAuth" name="test_retourne_200" time="0.009" /><testcase classname="test_47_cartography_editor_avance.TestGetLiaisonsAuth" name="test_retourne_liste_json" time="0.009" /><testcase classname="test_47_cartography_editor_avance.TestGetLiaisonsAuth" name="test_sans_liaison_retourne_vide" time="0.006" /><testcase classname="test_47_cartography_editor_avance.TestGetLiaisonsAuth" name="test_avec_liaison_retourne_un_element" time="0.008" /><testcase classname="test_47_cartography_editor_avance.TestGetLiaisonsAuth" name="test_liaison_contient_champ_id" time="0.008" /><testcase classname="test_47_cartography_editor_avance.TestGetLiaisonsAuth" name="test_liaison_contient_extco_activity_id" time="0.008" /><testcase classname="test_47_cartography_editor_avance.TestGetLiaisonsAuth" name="test_liaison_contient_origin_entity_id" time="0.008" /><testcase classname="test_47_cartography_editor_avance.TestGetLiaisonsAuth" name="test_liaison_contient_display_label" time="0.008" /><testcase classname="test_47_cartography_editor_avance.TestGetLiaisonsAuth" name="test_liaison_inactive_non_retournee" time="0.008" /><testcase classname="test_47_cartography_editor_avance.TestGetLiaisonsAuth" name="test_entity_id_param_differente_retourne_vide" time="0.004" /><testcase classname="test_47_cartography_editor_avance.TestPatchLiaisonNoAuth" name="test_sans_auth_retourne_403" time="0.001" /><testcase classname="test_47_cartography_editor_avance.TestPatchLiaisonNoAuth" name="test_sans_auth_contient_champ_error" time="0.001" /><testcase classname="test_47_cartography_editor_avance.TestPatchLiaisonAuth" name="test_liaison_inexistante_retourne_404" time="0.005" /><testcase classname="test_47_cartography_editor_avance.TestPatchLiaisonAuth" name="test_404_contient_champ_error" time="0.004" /><testcase classname="test_47_cartography_editor_avance.TestPatchLiaisonAuth" name="test_mise_a_jour_label_retourne_ok_true" time="0.010" /><testcase classname="test_47_cartography_editor_avance.TestPatchLiaisonAuth" name="test_mise_a_jour_label_retourne_valeur" time="0.008" /><testcase classname="test_47_cartography_editor_avance.TestPatchLiaisonAuth" name="test_mise_a_jour_label_persiste_en_db" time="0.009" /><testcase classname="test_47_cartography_editor_avance.TestPatchLiaisonAuth" name="test_label_vide_efface_le_libelle" time="0.008" /><testcase classname="test_47_cartography_editor_avance.TestPatchLiaisonAuth" name="test_label_null_efface_le_libelle" time="0.008" /><testcase classname="test_47_cartography_editor_avance.TestPatchLiaisonAuth" name="test_liaison_inactive_non_patchable" time="0.007" /><testcase classname="test_47_cartography_editor_avance.TestMapApiActivities" name="test_sans_entite_active_retourne_vide" time="0.001" /><testcase classname="test_47_cartography_editor_avance.TestMapApiActivities" name="test_avec_auth_retourne_200" time="0.005" /><testcase classname="test_47_cartography_editor_avance.TestMapApiActivities" name="test_retourne_liste_json" time="0.004" /><testcase classname="test_47_cartography_editor_avance.TestMapApiActivities" name="test_liste_contient_activite_seedee" time="0.003" /><testcase classname="test_47_cartography_editor_avance.TestMapApiActivities" name="test_chaque_element_a_champ_id" time="0.003" /><testcase classname="test_47_cartography_editor_avance.TestMapApiActivities" name="test_chaque_element_a_champ_name" time="0.004" /><testcase classname="test_47_cartography_editor_avance.TestMapApiActivities" name="test_activite_creee_apparait" time="0.011" /><testcase classname="test_48_carto_package" name="test_export_renvoie_un_paquet_complet" time="0.007" /><testcase classname="test_48_carto_package" name="test_export_sans_carto_renvoie_404" time="0.005" /><testcase classname="test_48_carto_package" name="test_export_refuse_une_entite_d_un_autre_compte" time="0.105" /><testcase classname="test_48_carto_package" name="test_import_recree_entite_et_carto_sur_un_autre_compte" time="0.021" /><testcase classname="test_48_carto_package" name="test_import_preserve_les_multiliens" time="0.015" /><testcase classname="test_48_carto_package" name="test_import_ne_reutilise_pas_un_nom_deja_pris" time="0.023" /><testcase classname="test_48_carto_package" name="test_import_accepte_un_diagramme_brut" time="0.013" /><testcase classname="test_48_carto_package" name="test_import_remplace_une_entite_existante" time="0.022" /><testcase classname="test_48_carto_package" name="test_import_refuse_une_entite_d_un_autre_compte" time="0.005" /><testcase classname="test_48_carto_package" name="test_import_sans_fichier" time="0.004" /><testcase classname="test_48_carto_package" name="test_import_fichier_illisible" time="0.003" /><testcase classname="test_48_carto_package" name="test_import_json_sans_cartographie" time="0.003" /><testcase classname="test_48_carto_package" name="test_export_et_import_exigent_une_session" time="0.002" /><testcase classname="test_48_carto_package" name="test_un_losange_dans_le_flux_garde_le_lien_metier" time="0.015" /><testcase classname="test_48_set_password_admin.TestSetPasswordUserNotFound" name="test_unknown_user_id_returns_404" time="0.004" /><testcase classname="test_48_set_password_admin.TestSetPasswordUserNotFound" name="test_zero_user_id_returns_404" time="0.004" /><testcase classname="test_48_set_password_admin.TestSetPasswordValidation" name="test_empty_password_returns_400" time="0.004" /><testcase classname="test_48_set_password_admin.TestSetPasswordValidation" name="test_none_password_returns_400" time="0.004" /><testcase classname="test_48_set_password_admin.TestSetPasswordValidation" name="test_whitespace_only_password_returns_400" time="0.004" /><testcase classname="test_48_set_password_admin.TestSetPasswordValidation" name="test_missing_password_field_returns_400" time="0.004" /><testcase classname="test_48_set_password_admin.TestSetPasswordValidation" name="test_empty_json_body_returns_400" time="0.004" /><testcase classname="test_48_set_password_admin.TestSetPasswordValidation" name="test_5_chars_password_returns_400" time="0.004" /><testcase classname="test_48_set_password_admin.TestSetPasswordValidation" name="test_6_chars_password_returns_200" time="0.330" /><testcase classname="test_48_set_password_admin.TestSetPasswordValidation" name="test_validation_error_contains_ok_false" time="0.005" /><testcase classname="test_48_set_password_admin.TestSetPasswordValidation" name="test_validation_error_contains_error_message" time="0.004" /><testcase classname="test_48_set_password_admin.TestSetPasswordValidation" name="test_exact_error_message_wording" time="0.004" /><testcase classname="test_48_set_password_admin.TestSetPasswordSuccess" name="test_valid_password_returns_200" time="0.412" /><testcase classname="test_48_set_password_admin.TestSetPasswordSuccess" name="test_valid_password_response_ok_true" time="0.415" /><testcase classname="test_48_set_password_admin.TestSetPasswordSuccess" name="test_valid_password_response_no_error_field" time="0.405" /><testcase classname="test_48_set_password_admin.TestSetPasswordSuccess" name="test_response_is_json" time="0.005" /><testcase classname="test_48_set_password_admin.TestSetPasswordPersistence" name="test_new_password_is_stored_in_db" time="0.561" /><testcase classname="test_48_set_password_admin.TestSetPasswordPersistence" name="test_old_password_no_longer_valid" time="0.609" /><testcase classname="test_48_set_password_admin.TestSetPasswordPersistence" name="test_new_password_allows_login" time="0.614" /><testcase classname="test_48_set_password_admin.TestSetPasswordPersistence" name="test_set_password_twice_keeps_latest" time="1.024" /><testcase classname="test_48_set_password_admin.TestSetPasswordPersistence" name="test_password_is_hashed_not_plain" time="0.581" /><testcase classname="test_49_carto_dom_contract" name="test_les_gabarits_declarent_tous_les_ids_cables_sans_garde" time="0.003" /><testcase classname="test_49_carto_dom_contract" name="test_le_viewer_expose_le_stub_export_carto" time="0.001" /><testcase classname="test_49_carto_dom_contract" name="test_les_deux_gabarits_chargent_le_facteur_d_echelle" time="0.001" /><testcase classname="test_49_carto_dom_contract" name="test_le_facteur_est_borne_et_recalcule_au_redimensionnement" time="0.000" /><testcase classname="test_49_carto_dom_contract" name="test_le_zoom_porte_sur_les_ENFANTS_de_la_barre" time="0.002" /><testcase classname="test_49_carto_dom_contract" name="test_la_mini_map_ne_se_pose_pas_sur_la_pastille_de_zoom" time="0.001" /><testcase classname="test_49_tasks_avance.TestTaskCreate" name="test_create_returns_201" time="0.009" /><testcase classname="test_49_tasks_avance.TestTaskCreate" name="test_create_response_has_id" time="0.013" /><testcase classname="test_49_tasks_avance.TestTaskCreate" name="test_create_response_has_name" time="0.011" /><testcase classname="test_49_tasks_avance.TestTaskCreate" name="test_create_persists_in_db" time="0.012" /><testcase classname="test_49_tasks_avance.TestTaskCreate" name="test_create_with_description" time="0.009" /><testcase classname="test_49_tasks_avance.TestTaskCreate" name="test_create_with_order" time="0.008" /><testcase classname="test_49_tasks_avance.TestTaskCreate" name="test_create_missing_name_returns_400" time="0.002" /><testcase classname="test_49_tasks_avance.TestTaskCreate" name="test_create_missing_activity_id_returns_400" time="0.003" /><testcase classname="test_49_tasks_avance.TestTaskCreate" name="test_create_activity_not_found_returns_404" time="0.004" /><testcase classname="test_49_tasks_avance.TestTaskCreate" name="test_create_response_contains_activity_id" time="0.009" /><testcase classname="test_49_tasks_avance.TestTaskUpdate" name="test_update_name_returns_200" time="0.015" /><testcase classname="test_49_tasks_avance.TestTaskUpdate" name="test_update_name_persists_in_db" time="0.016" /><testcase classname="test_49_tasks_avance.TestTaskUpdate" name="test_update_description_persists_in_db" time="0.020" /><testcase classname="test_49_tasks_avance.TestTaskUpdate" name="test_update_response_contains_new_name" time="0.017" /><testcase classname="test_49_tasks_avance.TestTaskUpdate" name="test_update_not_found_returns_404" time="0.005" /><testcase classname="test_49_tasks_avance.TestTaskUpdate" name="test_update_no_body_returns_400" time="0.014" /><testcase classname="test_49_tasks_avance.TestTaskUpdate" name="test_update_partial_only_name" time="0.012" /><testcase classname="test_49_tasks_avance.TestTaskDelete" name="test_delete_success_returns_200" time="0.008" /><testcase classname="test_49_tasks_avance.TestTaskDelete" name="test_delete_removes_from_db" time="0.008" /><testcase classname="test_49_tasks_avance.TestTaskDelete" name="test_delete_response_has_message" time="0.008" /><testcase classname="test_49_tasks_avance.TestTaskDelete" name="test_double_delete_returns_404" time="0.009" /><testcase classname="test_49_tasks_avance.TestTaskDelete" name="test_delete_not_found_returns_404" time="0.003" /><testcase classname="test_49_tasks_avance.TestTaskDelete" name="test_delete_cascades_task_roles" time="0.016" /><testcase classname="test_49_tasks_avance.TestTaskRolesAdd" name="test_add_existing_role_by_id_returns_200" time="0.016" /><testcase classname="test_49_tasks_avance.TestTaskRolesAdd" name="test_add_existing_role_response_has_added_roles" time="0.015" /><testcase classname="test_49_tasks_avance.TestTaskRolesAdd" name="test_add_new_role_by_name_creates_and_associates" time="0.017" /><testcase classname="test_49_tasks_avance.TestTaskRolesAdd" name="test_add_role_status_is_stored" time="0.015" /><testcase classname="test_49_tasks_avance.TestTaskRolesAdd" name="test_add_duplicate_role_not_duplicated" time="0.018" /><testcase classname="test_49_tasks_avance.TestTaskRolesAdd" name="test_add_role_missing_status_returns_400" time="0.013" /><testcase classname="test_49_tasks_avance.TestTaskRolesAdd" name="test_add_role_empty_status_returns_400" time="0.013" /><testcase classname="test_49_tasks_avance.TestTaskRolesAdd" name="test_add_role_task_not_found_returns_404" time="0.004" /><testcase classname="test_49_tasks_avance.TestTaskRolesAdd" name="test_add_role_response_has_task_id" time="0.016" /><testcase classname="test_49_tasks_avance.TestTaskRolesGet" name="test_get_roles_empty_returns_200" time="0.009" /><testcase classname="test_49_tasks_avance.TestTaskRolesGet" name="test_get_roles_returns_dict_with_keys" time="0.010" /><testcase classname="test_49_tasks_avance.TestTaskRolesGet" name="test_get_roles_not_found_returns_404" time="0.003" /><testcase classname="test_49_tasks_avance.TestTaskRolesGet" name="test_get_roles_shows_assigned_role" time="0.018" /><testcase classname="test_49_tasks_avance.TestTaskRolesGet" name="test_get_roles_has_status_field" time="0.023" /><testcase classname="test_49_tasks_avance.TestTaskRolesGet" name="test_get_roles_status_matches_added" time="0.023" /><testcase classname="test_49_tasks_avance.TestTaskRolesDelete" name="test_delete_role_success_returns_200" time="0.025" /><testcase classname="test_49_tasks_avance.TestTaskRolesDelete" name="test_delete_role_removes_association" time="0.026" /><testcase classname="test_49_tasks_avance.TestTaskRolesDelete" name="test_delete_role_not_associated_returns_404" time="0.013" /><testcase classname="test_49_tasks_avance.TestTaskRolesDelete" name="test_delete_role_task_not_found_returns_404" time="0.003" /><testcase classname="test_49_tasks_avance.TestTaskRolesDelete" name="test_delete_role_response_has_message" time="0.018" /><testcase classname="test_49_tasks_avance.TestTaskRolesDelete" name="test_double_dissociation_returns_404" time="0.019" /><testcase classname="test_49_tasks_avance.TestTaskRender" name="test_render_valid_activity_returns_200" time="0.009" /><testcase classname="test_49_tasks_avance.TestTaskRender" name="test_render_returns_html" time="0.008" /><testcase classname="test_49_tasks_avance.TestTaskRender" name="test_render_contains_seeded_task" time="0.008" /><testcase classname="test_49_tasks_avance.TestTaskRender" name="test_render_nonexistent_activity_returns_404" time="0.003" /><testcase classname="test_49_tasks_avance.TestTaskRender" name="test_render_with_new_task_shows_it" time="0.013" /><testcase classname="test_50_accounts_permissions_lang" name="test_un_utilisateur_peut_ouvrir_son_propre_compte" time="0.481" /><testcase classname="test_50_accounts_permissions_lang" name="test_un_utilisateur_ne_peut_pas_ouvrir_le_compte_d_un_autre" time="0.002" /><testcase classname="test_50_accounts_permissions_lang" name="test_un_utilisateur_ne_peut_pas_modifier_le_compte_d_un_autre" time="0.003" /><testcase classname="test_50_accounts_permissions_lang" name="test_un_admin_peut_modifier_un_autre_compte" time="0.002" /><testcase classname="test_50_accounts_permissions_lang" name="test_un_non_admin_ne_peut_pas_s_auto_promouvoir" time="0.005" /><testcase classname="test_50_accounts_permissions_lang" name="test_seul_un_admin_supprime_un_compte" time="0.097" /><testcase classname="test_50_accounts_permissions_lang" name="test_creation_reservee_admin_et_gestionnaire[admin-True]" time="0.161" /><testcase classname="test_50_accounts_permissions_lang" name="test_creation_reservee_admin_et_gestionnaire[gest-True]" time="0.156" /><testcase classname="test_50_accounts_permissions_lang" name="test_creation_reservee_admin_et_gestionnaire[rh-False]" time="0.004" /><testcase classname="test_50_accounts_permissions_lang" name="test_creation_reservee_admin_et_gestionnaire[user-False]" time="0.003" /><testcase classname="test_50_accounts_permissions_lang" name="test_l_import_des_comptes_refuse_sans_le_droit" time="0.002" /><testcase classname="test_50_accounts_permissions_lang" name="test_la_page_s_ouvre_sur_la_liste_des_utilisateurs" time="0.007" /><testcase classname="test_50_accounts_permissions_lang" name="test_les_boutons_de_creation_sont_masques_sans_le_droit" time="0.006" /><testcase classname="test_50_accounts_permissions_lang" name="test_un_nouveau_compte_nait_en_anglais" time="0.157" /><testcase classname="test_50_accounts_permissions_lang" name="test_le_compte_afdec_nait_en_francais" time="0.000" /><testcase classname="test_50_accounts_permissions_lang" name="test_la_connexion_applique_la_langue_du_compte" time="0.692" /><testcase classname="test_50_accounts_permissions_lang" name="test_le_choix_de_langue_est_persiste_sur_le_compte" time="0.007" /><testcase classname="test_50_accounts_permissions_lang" name="test_session_sans_langue_retombe_sur_l_anglais" time="0.002" /><testcase classname="test_50_accounts_permissions_lang" name="test_variantes_reconnues_comme_gestionnaire[manager]" time="0.000" /><testcase classname="test_50_accounts_permissions_lang" name="test_variantes_reconnues_comme_gestionnaire[Gestionnaire de comp\xe9tences]" time="0.000" /><testcase classname="test_50_accounts_permissions_lang" name="test_variantes_reconnues_comme_gestionnaire[gestionnaire de comp]" time="0.000" /><testcase classname="test_50_accounts_permissions_lang" name="test_variantes_reconnues_comme_gestionnaire[GESTIONNAIRE]" time="0.000" /><testcase classname="test_50_accounts_permissions_lang" name="test_variantes_reconnues_comme_gestionnaire[gestionnaire-competences]" time="0.000" /><testcase classname="test_50_accounts_permissions_lang" name="test_variantes_reconnues_comme_gestionnaire[Competency Manager]" time="0.000" /><testcase classname="test_50_accounts_permissions_lang" name="test_variantes_reconnues_comme_gestionnaire[competency_manager]" time="0.000" /><testcase classname="test_50_accounts_permissions_lang" name="test_variantes_reconnues_comme_gestionnaire[skills manager]" time="0.000" /><testcase classname="test_50_accounts_permissions_lang" name="test_valeurs_qui_ne_donnent_pas_le_droit_de_creer[user]" time="0.000" /><testcase classname="test_50_accounts_permissions_lang" name="test_valeurs_qui_ne_donnent_pas_le_droit_de_creer[rh]" time="0.000" /><testcase classname="test_50_accounts_permissions_lang" name="test_valeurs_qui_ne_donnent_pas_le_droit_de_creer[]" time="0.000" /><testcase classname="test_50_accounts_permissions_lang" name="test_valeurs_qui_ne_donnent_pas_le_droit_de_creer[None]" time="0.000" /><testcase classname="test_50_accounts_permissions_lang" name="test_valeurs_qui_ne_donnent_pas_le_droit_de_creer[viewer]" time="0.000" /><testcase classname="test_50_accounts_permissions_lang" name="test_variantes_administrateur[admin]" time="0.000" /><testcase classname="test_50_accounts_permissions_lang" name="test_variantes_administrateur[administrateur]" time="0.000" /><testcase classname="test_50_accounts_permissions_lang" name="test_variantes_administrateur[Administrator]" time="0.000" /><testcase classname="test_50_accounts_permissions_lang" name="test_variantes_administrateur[ADMIN]" time="0.000" /><testcase classname="test_50_accounts_permissions_lang" name="test_le_statut_canonique_tient_dans_la_colonne" time="0.000" /><testcase classname="test_50_accounts_permissions_lang" name="test_un_gestionnaire_voit_les_boutons_de_creation" time="0.108" /><testcase classname="test_50_accounts_permissions_lang" name="test_modifier_un_compte_sans_age" time="0.006" /><testcase classname="test_50_accounts_permissions_lang" name="test_modifier_le_statut_d_un_compte" time="0.006" /><testcase classname="test_50_accounts_permissions_lang" name="test_un_age_non_numerique_est_refuse_proprement" time="0.004" /><testcase classname="test_50_accounts_permissions_lang" name="test_un_email_deja_pris_est_refuse" time="0.004" /><testcase classname="test_50_accounts_permissions_lang" name="test_le_role_est_facultatif_a_la_modification" time="0.011" /><testcase classname="test_50_accounts_permissions_lang.TestCeQueChaquePalierOuvre" name="test_la_page_parametres_est_ouverte_a_tous" time="0.628" /><testcase classname="test_50_accounts_permissions_lang.TestCeQueChaquePalierOuvre" name="test_seul_l_admin_voit_les_sections_d_administration" time="0.018" /><testcase classname="test_50_accounts_permissions_lang.TestCeQueChaquePalierOuvre" name="test_la_page_rh_se_ferme_aux_deux_premiers_paliers" time="0.022" /><testcase classname="test_50_accounts_permissions_lang.TestCeQueChaquePalierOuvre" name="test_les_droits_carto_suivent_l_echelle" time="0.010" /><testcase classname="test_50_accounts_permissions_lang.TestCeQueChaquePalierOuvre" name="test_les_comptes_du_banc_sont_nettoyes" time="0.012" /><testcase classname="test_50_activities_map_api_et_ui.TestMapApiActivities" name="test_no_entity_returns_empty_list" time="0.001" /><testcase classname="test_50_activities_map_api_et_ui.TestMapApiActivities" name="test_with_auth_entity_returns_list" time="0.004" /><testcase classname="test_50_activities_map_api_et_ui.TestMapApiActivities" name="test_returns_seeded_activity" time="0.004" /><testcase classname="test_50_activities_map_api_et_ui.TestMapApiActivities" name="test_each_item_has_id_and_name" time="0.004" /><testcase classname="test_50_activities_map_api_et_ui.TestMapApiActivities" name="test_name_is_string" time="0.004" /><testcase classname="test_50_activities_map_api_et_ui.TestMapApiActivities" name="test_response_is_json" time="0.004" /><testcase classname="test_50_activities_map_api_et_ui.TestMapApiActivities" name="test_activity_name_matches_seed" time="0.007" /><testcase classname="test_50_activities_map_api_et_ui.TestPreviewConnections" name="test_no_file_returns_400" time="0.003" /><testcase classname="test_50_activities_map_api_et_ui.TestPreviewConnections" name="test_no_file_error_message" time="0.003" /><testcase classname="test_50_activities_map_api_et_ui.TestPreviewConnections" name="test_wrong_extension_returns_400" time="0.004" /><testcase classname="test_50_activities_map_api_et_ui.TestPreviewConnections" name="test_wrong_extension_txt_returns_400" time="0.003" /><testcase classname="test_50_activities_map_api_et_ui.TestPreviewConnections" name="test_no_entity_with_vsdx_returns_400" time="0.003" /><testcase classname="test_50_activities_map_api_et_ui.TestPreviewConnections" name="test_entity_id_not_owned_returns_404" time="0.004" /><testcase classname="test_50_activities_map_api_et_ui.TestPreviewConnections" name="test_response_is_json_on_error" time="0.003" /><testcase classname="test_50_activities_map_api_et_ui.TestPreviewConnections" name="test_extension_check_is_case_insensitive" time="0.005" /><testcase classname="test_50_activities_map_api_et_ui.TestUiActivities" name="test_page_renders_without_crash" time="0.006" /><testcase classname="test_50_activities_map_api_et_ui.TestUiActivities" name="test_response_is_html" time="0.004" /><testcase classname="test_50_activities_map_api_et_ui.TestUiActivities" name="test_unauthenticated_does_not_crash" time="0.002" /><testcase classname="test_50_activities_map_api_et_ui.TestUiActivities" name="test_page_contains_activities_context" time="0.004" /><testcase classname="test_50_activities_map_api_et_ui.TestUiActivities" name="test_page_body_nonempty" time="0.004" /><testcase classname="test_50_activities_map_api_et_ui.TestRunCase" name="test_nonexistent_case_id_returns_error" time="0.003" /><testcase classname="test_50_activities_map_api_et_ui.TestRunCase" name="test_nonexistent_case_id_returns_404" time="0.003" /><testcase classname="test_50_activities_map_api_et_ui.TestRunCase" name="test_zero_case_id_returns_error" time="0.004" /><testcase classname="test_50_activities_map_api_et_ui.TestRunCase" name="test_response_content_type_on_error" time="0.003" /><testcase classname="test_51_entity_share" name="test_un_non_proprietaire_ne_voit_pas_les_destinataires" time="0.419" /><testcase classname="test_51_entity_share" name="test_un_non_proprietaire_ne_peut_pas_partager" time="0.002" /><testcase classname="test_51_entity_share" name="test_un_admin_ne_partage_que_ses_propres_entites" time="0.102" /><testcase classname="test_51_entity_share" name="test_les_candidats_excluent_le_proprietaire" time="0.012" /><testcase classname="test_51_entity_share" name="test_le_partage_depose_une_copie_complete" time="0.029" /><testcase classname="test_51_entity_share" name="test_le_second_partage_ne_remplace_pas_le_premier" time="0.015" /><testcase classname="test_51_entity_share" name="test_le_destinataire_voit_son_entite" time="0.006" /><testcase classname="test_51_entity_share" name="test_les_candidats_signalent_une_copie_deja_deposee" time="0.009" /><testcase classname="test_51_entity_share" name="test_partage_sans_destinataire" time="0.002" /><testcase classname="test_51_entity_share" name="test_partage_a_soi_meme_ignore" time="0.003" /><testcase classname="test_51_entity_share" name="test_partage_vers_un_compte_inexistant" time="0.003" /><testcase classname="test_51_entity_share" name="test_un_compte_ordinaire_peut_lister_les_destinataires" time="0.114" /><testcase classname="test_51_entity_share" name="test_un_admin_a_le_depot_direct" time="0.008" /><testcase classname="test_51_entity_share" name="test_le_partage_non_admin_ne_cree_rien_tout_de_suite" time="0.010" /><testcase classname="test_51_entity_share" name="test_renvoyer_la_meme_proposition_n_empile_pas" time="0.006" /><testcase classname="test_51_entity_share" name="test_le_destinataire_voit_la_proposition" time="0.005" /><testcase classname="test_51_entity_share" name="test_refuser_ne_cree_aucune_entite" time="0.010" /><testcase classname="test_51_entity_share" name="test_repondre_deux_fois_est_refuse" time="0.004" /><testcase classname="test_51_entity_share" name="test_accepter_cree_l_entite_et_ses_activites" time="0.022" /><testcase classname="test_51_entity_share" name="test_on_ne_repond_pas_a_la_proposition_d_un_autre" time="0.008" /><testcase classname="test_51_entity_share" name="test_action_invalide_refusee" time="0.003" /><testcase classname="test_51_entity_share" name="test_les_candidats_signalent_une_proposition_en_attente" time="0.009" /><testcase classname="test_51_entity_share" name="test_les_offres_exigent_une_session" time="0.001" /><testcase classname="test_51_entity_share" name="test_l_offre_signale_l_entite_du_meme_nom_et_l_ecart" time="0.118" /><testcase classname="test_51_entity_share" name="test_mettre_a_jour_remplace_la_carto_sans_creer_d_entite" time="0.031" /><testcase classname="test_51_entity_share" name="test_une_carto_identique_est_signalee_comme_telle" time="0.007" /><testcase classname="test_51_entity_share" name="test_mettre_a_jour_sans_entite_du_meme_nom_est_refuse" time="0.111" /><testcase classname="test_51_entity_share" name="test_un_admin_peut_demander_l_accord" time="0.115" /><testcase classname="test_51_entity_share" name="test_un_compte_ordinaire_ne_peut_pas_forcer" time="0.113" /><testcase classname="test_51_entity_share" name="test_un_depot_d_autorite_laisse_une_notification" time="0.116" /><testcase classname="test_51_entity_share" name="test_une_notification_s_acquitte_et_disparait" time="0.117" /><testcase classname="test_51_entity_share" name="test_on_n_accepte_pas_une_notification" time="0.120" /><testcase classname="test_51_entity_share" name="test_on_n_acquitte_pas_une_proposition" time="0.112" /><testcase classname="test_51_entity_share" name="test_l_admin_impose_le_nom_de_l_entite_deposee" time="0.103" /><testcase classname="test_51_entity_share" name="test_l_admin_remplace_une_entite_existante" time="0.113" /><testcase classname="test_51_entity_share" name="test_le_remplacement_peut_aussi_renommer" time="0.119" /><testcase classname="test_51_entity_share" name="test_le_remplacement_ne_vise_que_les_entites_du_destinataire" time="0.117" /><testcase classname="test_51_entity_share" name="test_la_notification_dit_que_c_est_un_remplacement" time="0.116" /><testcase classname="test_51_entity_share" name="test_un_compte_ordinaire_ne_peut_pas_ecraser" time="0.102" /><testcase classname="test_51_entity_share" name="test_les_candidats_listent_les_entites_pour_un_admin" time="0.025" /><testcase classname="test_51_qualify_outputs" name="test_outputs_lists_outgoing_connections" time="0.018" /><testcase classname="test_51_qualify_outputs" name="test_activity_without_outgoing_has_no_outputs" time="0.011" /><testcase classname="test_51_qualify_outputs" name="test_materialization_is_idempotent" time="0.018" /><testcase classname="test_51_qualify_outputs" name="test_save_qualification_persists" time="0.020" /><testcase classname="test_51_qualify_outputs" name="test_qualified_output_survives_connection_rename" time="0.027" /><testcase classname="test_51_qualify_outputs" name="test_analyze_unknown_activity_returns_404" time="0.009" /><testcase classname="test_51_qualify_outputs" name="test_analyze_activity_without_outputs_returns_empty" time="0.014" /><testcase classname="test_51_qualify_outputs" name="test_analyze_without_ai_key_falls_back_to_qualify" time="0.018" /><testcase classname="test_51_qualify_outputs" name="test_analyze_with_ai_success_returns_suggested_natures" time="0.023" /><testcase classname="test_51_qualify_outputs" name="test_analyze_with_ai_unknown_nature_is_discarded" time="0.021" /><testcase classname="test_51_qualify_outputs" name="test_analyze_with_ai_ignores_unknown_data_id" time="0.017" /><testcase classname="test_51_qualify_outputs" name="test_analyze_warns_when_no_result_identified" time="0.016" /><testcase classname="test_51_qualify_outputs" name="test_analyze_warns_when_more_than_three_results" time="0.018" /><testcase classname="test_51_qualify_outputs" name="test_analyze_english_warning_language" time="0.018" /><testcase classname="test_51_qualify_outputs" name="test_analyze_ai_exception_falls_back_with_error_source" time="0.017" /><testcase classname="test_51_qualify_outputs" name="test_chaque_sortie_dit_ou_part_sa_fleche" time="0.199" /><testcase classname="test_51_qualify_outputs" name="test_seule_la_nature_RESULTAT_est_lue_par_l_application" time="0.005" /><testcase classname="test_52_entity_deletion" name="test_delete_entity_never_fails_on_fk" time="0.203" /><testcase classname="test_53_cadence.TestCadenceCodes" name="test_codes_returns_list" time="0.003" /><testcase classname="test_53_cadence.TestCadenceCodes" name="test_codes_each_entry_has_label_and_badge" time="0.003" /><testcase classname="test_53_cadence.TestCadenceCodes" name="test_codes_accessible_without_auth" time="0.001" /><testcase classname="test_53_cadence.TestSetActivityCadence" name="test_set_valid_cadence" time="0.015" /><testcase classname="test_53_cadence.TestSetActivityCadence" name="test_set_invalid_cadence_code_returns_400" time="0.011" /><testcase classname="test_53_cadence.TestSetActivityCadence" name="test_set_cadence_unknown_activity_returns_404" time="0.003" /><testcase classname="test_53_cadence.TestSetActivityCadence" name="test_set_cadence_null_code_clears_it" time="0.015" /><testcase classname="test_53_cadence.TestSetDataCadence" name="test_set_valid_cadence" time="0.010" /><testcase classname="test_53_cadence.TestSetDataCadence" name="test_set_invalid_cadence_code_returns_400" time="0.008" /><testcase classname="test_53_cadence.TestSetDataCadence" name="test_set_cadence_unknown_data_returns_404" time="0.004" /><testcase classname="test_53_cadence.TestConsistency" name="test_consistency_returns_warnings_list" time="0.007" /><testcase classname="test_53_cadence.TestConsistency" name="test_consistency_detects_slower_data_than_activity" time="0.030" /><testcase classname="test_53_cadence.TestConsistency" name="test_consistency_no_warning_when_ranks_ok" time="0.026" /><testcase classname="test_54_hsc_positioning.TestHscLevels" name="test_levels_returns_four_levels" time="0.003" /><testcase classname="test_54_hsc_positioning.TestHscLevels" name="test_levels_default_language_french" time="0.003" /><testcase classname="test_54_hsc_positioning.TestHscLevels" name="test_levels_accessible_without_auth" time="0.001" /><testcase classname="test_54_hsc_positioning.TestHscDescriptors" name="test_descriptors_empty_for_unknown_hsc" time="0.005" /><testcase classname="test_54_hsc_positioning.TestHscDescriptors" name="test_upsert_descriptor_creates_row" time="0.011" /><testcase classname="test_54_hsc_positioning.TestHscDescriptors" name="test_upsert_descriptor_missing_name_returns_400" time="0.003" /><testcase classname="test_54_hsc_positioning.TestHscDescriptors" name="test_upsert_descriptor_invalid_level_returns_400" time="0.003" /><testcase classname="test_54_hsc_positioning.TestHscDescriptors" name="test_upsert_descriptor_twice_updates_not_duplicates" time="0.013" /><testcase classname="test_54_hsc_positioning.TestHscPosition" name="test_position_missing_name_returns_400" time="0.003" /><testcase classname="test_54_hsc_positioning.TestHscPosition" name="test_position_without_ai_key_returns_null_proposal" time="0.004" /><testcase classname="test_54_hsc_positioning.TestHscPosition" name="test_position_accepts_empty_responses" time="0.003" /><testcase classname="test_54_hsc_positioning.TestHscPosition" name="test_position_ai_success_returns_proposal" time="0.004" /><testcase classname="test_54_hsc_positioning.TestHscPosition" name="test_position_ai_uses_examples_and_defaults_confidence" time="0.004" /><testcase classname="test_54_hsc_positioning.TestHscPosition" name="test_position_ai_invalid_level_returns_none_level" time="0.004" /><testcase classname="test_54_hsc_positioning.TestHscPosition" name="test_position_ai_exception_returns_error_source" time="0.004" /><testcase classname="test_55_technical_domains.TestScale" name="test_scale_returns_five_levels" time="0.003" /><testcase classname="test_55_technical_domains.TestListDomains" name="test_list_includes_created_domain" time="0.011" /><testcase classname="test_55_technical_domains.TestListDomains" name="test_list_excludes_inactive_domain" time="0.011" /><testcase classname="test_55_technical_domains.TestCreateDomain" name="test_create_valid_domain" time="0.008" /><testcase classname="test_55_technical_domains.TestCreateDomain" name="test_create_empty_name_returns_400" time="0.003" /><testcase classname="test_55_technical_domains.TestDeleteDomain" name="test_delete_deactivates_domain" time="0.009" /><testcase classname="test_55_technical_domains.TestDeleteDomain" name="test_delete_unknown_domain_still_ok" time="0.004" /><testcase classname="test_55_technical_domains.TestActivityDomainLink" name="test_link_then_appears_in_activity_domains" time="0.015" /><testcase classname="test_55_technical_domains.TestActivityDomainLink" name="test_unlink_removes_from_activity_domains" time="0.012" /><testcase classname="test_55_technical_domains.TestActivityDomainLink" name="test_link_missing_domain_id_returns_400" time="0.003" /><testcase classname="test_55_technical_domains.TestActivityDomainLink" name="test_activity_domains_includes_required_and_demonstrated" time="0.028" /><testcase classname="test_55_technical_domains.TestRequiredLevel" name="test_set_required_valid" time="0.015" /><testcase classname="test_55_technical_domains.TestRequiredLevel" name="test_set_required_missing_fields_returns_400" time="0.003" /><testcase classname="test_55_technical_domains.TestRequiredLevel" name="test_set_required_invalid_level_returns_400" time="0.012" /><testcase classname="test_55_technical_domains.TestUserLevel" name="test_set_user_level_valid" time="0.010" /><testcase classname="test_55_technical_domains.TestUserLevel" name="test_set_user_level_missing_fields_returns_400" time="0.003" /><testcase classname="test_55_technical_domains.TestUserLevel" name="test_set_user_level_invalid_level_returns_400" time="0.007" /><testcase classname="test_56_result_capabilities.TestGenerateCompetence" name="test_unknown_activity_returns_404" time="0.004" /><testcase classname="test_56_result_capabilities.TestGenerateCompetence" name="test_no_result_returns_warning" time="0.013" /><testcase classname="test_56_result_capabilities.TestGenerateCompetence" name="test_with_result_no_ai_key_returns_explicit_source" time="0.015" /><testcase classname="test_56_result_capabilities.TestGenerateCompetence" name="test_ai_success_returns_competence" time="0.017" /><testcase classname="test_56_result_capabilities.TestGenerateCompetence" name="test_ai_filters_unknown_result_ids" time="0.016" /><testcase classname="test_56_result_capabilities.TestGenerateCompetence" name="test_ai_exception_returns_error_source" time="0.017" /><testcase classname="test_56_result_capabilities.TestSaveCompetence" name="test_unknown_activity_returns_404" time="0.004" /><testcase classname="test_56_result_capabilities.TestSaveCompetence" name="test_empty_description_returns_400" time="0.011" /><testcase classname="test_56_result_capabilities.TestSaveCompetence" name="test_save_valid_replaces_existing" time="0.020" /><testcase classname="test_56_result_capabilities.TestGenerateResultLinks" name="test_unknown_activity_returns_404" time="0.003" /><testcase classname="test_56_result_capabilities.TestGenerateResultLinks" name="test_no_result_returns_no_result_source" time="0.012" /><testcase classname="test_56_result_capabilities.TestGenerateResultLinks" name="test_with_result_no_ai_key_returns_empty_links" time="0.015" /><testcase classname="test_56_result_capabilities.TestGenerateResultLinks" name="test_ai_creates_new_items_and_links" time="0.036" /><testcase classname="test_56_result_capabilities.TestGenerateResultLinks" name="test_ai_reuses_existing_item_case_insensitive" time="0.027" /><testcase classname="test_56_result_capabilities.TestGenerateResultLinks" name="test_ai_updates_required_level_on_existing_link_without_level" time="0.031" /><testcase classname="test_56_result_capabilities.TestGenerateResultLinks" name="test_ai_ignores_unknown_result_data_id" time="0.021" /><testcase classname="test_56_result_capabilities.TestGenerateResultLinks" name="test_ai_skips_blank_item_text" time="0.018" /><testcase classname="test_56_result_capabilities.TestGenerateResultLinks" name="test_ai_exception_rolls_back_and_returns_error_source" time="0.019" /><testcase classname="test_56_result_capabilities.TestGetResultLinks" name="test_unknown_activity_returns_404" time="0.004" /><testcase classname="test_56_result_capabilities.TestGetResultLinks" name="test_empty_when_no_links" time="0.013" /><testcase classname="test_56_result_capabilities.TestGetResultLinks" name="test_label_is_none_for_unknown_item_type_or_dangling_item_id" time="0.024" /><testcase classname="test_56_result_capabilities.TestUpsertResultLink" name="test_unknown_activity_returns_404" time="0.004" /><testcase classname="test_56_result_capabilities.TestUpsertResultLink" name="test_invalid_payload_returns_400" time="0.012" /><testcase classname="test_56_result_capabilities.TestUpsertResultLink" name="test_create_manual_link_then_appears_in_get" time="0.022" /><testcase classname="test_56_result_capabilities.TestUpsertResultLink" name="test_create_link_is_not_duplicated" time="0.024" /><testcase classname="test_56_result_capabilities.TestUpsertResultLink" name="test_delete_link_by_delete_id" time="0.022" /><testcase classname="test_56_result_capabilities.TestReglerLeNiveauRequis" name="test_set_required_level_on_existing_link" time="0.028" /><testcase classname="test_56_result_capabilities.TestReglerLeNiveauRequis" name="test_null_clears_the_target" time="0.030" /><testcase classname="test_56_result_capabilities.TestReglerLeNiveauRequis" name="test_unknown_link_is_404" time="0.012" /><testcase classname="test_56_result_capabilities.TestReglerLeNiveauRequis" name="test_link_of_another_activity_is_404" time="0.030" /><testcase classname="test_56_result_capabilities.TestReglerLeNiveauRequis" name="test_out_of_range_level_is_refused_and_changes_nothing" time="0.031" /><testcase classname="test_57_mastery.TestScale" name="test_scale_returns_five_levels" time="0.003" /><testcase classname="test_57_mastery.TestGetActivity" name="test_unknown_activity_returns_404" time="0.003" /><testcase classname="test_57_mastery.TestGetActivity" name="test_no_result_returns_null_global_level" time="0.014" /><testcase classname="test_57_mastery.TestGetActivity" name="test_result_not_evaluated_is_incomplete" time="0.017" /><testcase classname="test_57_mastery.TestEvaluate" name="test_missing_fields_returns_400" time="0.003" /><testcase classname="test_57_mastery.TestEvaluate" name="test_invalid_evaluator_returns_400" time="0.013" /><testcase classname="test_57_mastery.TestEvaluate" name="test_invalid_level_returns_400" time="0.013" /><testcase classname="test_57_mastery.TestEvaluate" name="test_not_a_result_returns_400" time="0.003" /><testcase classname="test_57_mastery.TestEvaluate" name="test_self_evaluation_does_not_validate_global_level" time="0.017" /><testcase classname="test_57_mastery.TestEvaluate" name="test_garant_evaluation_sets_global_level_and_color" time="0.018" /><testcase classname="test_57_mastery.TestEvaluate" name="test_low_level_gives_red_color" time="0.016" /><testcase classname="test_57_mastery.TestEvaluate" name="test_reevaluation_upserts_same_row" time="0.024" /><testcase classname="test_57_mastery.TestRequired" name="test_missing_fields_returns_400" time="0.004" /><testcase classname="test_57_mastery.TestRequired" name="test_invalid_level_returns_400" time="0.010" /><testcase classname="test_57_mastery.TestRequired" name="test_unknown_association_returns_404" time="0.009" /><testcase classname="test_57_mastery.TestRequired" name="test_set_required_valid" time="0.030" /><testcase classname="test_57_mastery.TestDashboard" name="test_unknown_role_returns_404" time="0.005" /><testcase classname="test_57_mastery.TestDashboard" name="test_dashboard_lists_linked_activity" time="0.029" /><testcase classname="test_57_mastery.TestDashboard" name="test_dashboard_empty_when_no_activities_linked" time="0.013" /><testcase classname="test_57_mastery.TestPreuveEtAvancement" name="test_la_preuve_revient_avec_l_etat" time="0.026" /><testcase classname="test_57_mastery.TestPreuveEtAvancement" name="test_la_preuve_est_une_chaine_quand_il_n_y_en_a_pas" time="0.016" /><testcase classname="test_57_mastery.TestPreuveEtAvancement" name="test_n_evaluated_compte_les_resultats_deja_notes" time="0.055" /><testcase classname="test_57_mastery.TestPreuveEtAvancement" name="test_l_auto_evaluation_ne_compte_pas_comme_evaluee" time="0.026" /><testcase classname="test_58_diagnostic.TestFamilies" name="test_families_returns_three_codes" time="0.004" /><testcase classname="test_58_diagnostic.TestGetDiagnostic" name="test_not_a_result_returns_400" time="0.004" /><testcase classname="test_58_diagnostic.TestGetDiagnostic" name="test_no_diagnostic_saved_defaults_empty" time="0.022" /><testcase classname="test_58_diagnostic.TestGetDiagnostic" name="test_includes_linked_capability_with_gap" time="0.025" /><testcase classname="test_58_diagnostic.TestGetDiagnostic" name="test_status_autonomy_not_demonstrated_below_level_2" time="0.020" /><testcase classname="test_58_diagnostic.TestGetDiagnostic" name="test_status_development_gap_below_required_level" time="0.027" /><testcase classname="test_58_diagnostic.TestGetDiagnostic" name="test_status_met_when_demonstrated_reaches_required" time="0.026" /><testcase classname="test_58_diagnostic.TestGetDiagnostic" name="test_capability_demonstrated_ignores_non_numeric_note_and_keeps_max" time="0.026" /><testcase classname="test_58_diagnostic.TestGetDiagnostic" name="test_capability_unknown_item_type_has_no_demonstrated_level_or_label" time="0.016" /><testcase classname="test_58_diagnostic.TestGetDiagnostic" name="test_capability_item_id_pointing_to_deleted_object_has_no_label" time="0.016" /><testcase classname="test_58_diagnostic.TestSaveDiagnostic" name="test_missing_fields_returns_400" time="0.003" /><testcase classname="test_58_diagnostic.TestSaveDiagnostic" name="test_save_filters_unknown_family_codes" time="0.014" /><testcase classname="test_58_diagnostic.TestSaveDiagnostic" name="test_save_upserts_same_row" time="0.018" /><testcase classname="test_58_diagnostic.TestGeneratePlan" name="test_missing_fields_returns_400" time="0.003" /><testcase classname="test_58_diagnostic.TestGeneratePlan" name="test_no_individual_family_returns_no_plan" time="0.015" /><testcase classname="test_58_diagnostic.TestGeneratePlan" name="test_individual_family_no_ai_key_returns_explicit_source" time="0.016" /><testcase classname="test_58_diagnostic.TestGeneratePlan" name="test_ai_success_returns_parsed_plan" time="0.016" /><testcase classname="test_58_diagnostic.TestGeneratePlan" name="test_ai_exception_falls_back_to_error_source" time="0.016" /><testcase classname="test_58_diagnostic.TestGeneratePlan" name="test_families_from_payload_used_when_not_saved" time="0.014" /><testcase classname="test_59_i18n_settings_password.TestSecurityModule" name="test_hash_is_pbkdf2_600k" time="0.142" /><testcase classname="test_59_i18n_settings_password.TestSecurityModule" name="test_hash_fits_narrow_column" time="0.222" /><testcase classname="test_59_i18n_settings_password.TestSecurityModule" name="test_verify_roundtrip_and_reject" time="0.585" /><testcase classname="test_59_i18n_settings_password.TestSecurityModule" name="test_verify_accepts_legacy_formats" time="0.245" /><testcase classname="test_59_i18n_settings_password.TestSecurityModule" name="test_verify_never_raises_on_garbage" time="0.000" /><testcase classname="test_59_i18n_settings_password.TestPasswordChange" name="test_set_password_persists_and_login" time="1.136" /><testcase classname="test_59_i18n_settings_password.TestPasswordChange" name="test_set_password_too_short_rejected" time="0.187" /><testcase classname="test_59_i18n_settings_password.TestPasswordChange" name="test_reset_password_by_token" time="0.755" /><testcase classname="test_59_i18n_settings_password.TestPasswordChange" name="test_login_rehashes_legacy_scrypt" time="0.514" /><testcase classname="test_59_i18n_settings_password.TestEntrepriseSettings" name="test_single_setting_persists_after_reload" time="0.032" /><testcase classname="test_59_i18n_settings_password.TestEntrepriseSettings" name="test_unknown_key_rejected" time="0.003" /><testcase classname="test_59_i18n_settings_password.TestEntrepriseSettings" name="test_update_settings_form_persists" time="0.007" /><testcase classname="test_59_i18n_settings_password.TestEntrepriseSettings" name="test_calendar_params_uses_settings" time="0.007" /><testcase classname="test_59_i18n_settings_password.TestRoleTranslation" name="test_create_role_caches_current_lang" time="0.011" /><testcase classname="test_59_i18n_settings_password.TestRoleTranslation" name="test_rename_in_english_swaps_caches" time="0.020" /><testcase classname="test_59_i18n_settings_password.TestRoleTranslation" name="test_display_falls_back_without_openai" time="0.023" /><testcase classname="test_59_i18n_settings_password.TestRoleTranslation" name="test_display_names_uses_ai_when_available" time="0.048" /><testcase classname="test_59_i18n_settings_password.TestGestionRHTranslations" name="test_dcp_section_english" time="0.010" /><testcase classname="test_59_i18n_settings_password.TestGestionRHTranslations" name="test_dcp_section_french" time="0.006" /><testcase classname="test_59_i18n_settings_password.TestGestionRHTranslations" name="test_le_dcp_ne_traine_plus_sur_la_page_rh" time="0.011" /><testcase classname="test_59_i18n_settings_password.TestGestionRHTranslations" name="test_js_i18n_dictionaries_injected" time="0.014" /><testcase classname="test_60_setup_wizard.TestSetupMode" name="test_setup_page_rendue" time="0.008" /><testcase classname="test_60_setup_wizard.TestSetupMode" name="test_gate_redirige_tout_vers_setup" time="0.004" /><testcase classname="test_60_setup_wizard.TestSetupMode" name="test_healthz_reste_accessible" time="0.004" /><testcase classname="test_60_setup_wizard.TestSetupMode" name="test_ping_repond" time="0.003" /><testcase classname="test_60_setup_wizard.TestSetupMode" name="test_pas_de_mode_setup_si_deja_configure" time="0.001" /><testcase classname="test_60_setup_wizard.TestSetupApis" name="test_db_ko" time="0.017" /><testcase classname="test_60_setup_wizard.TestSetupApis" name="test_db_ok" time="0.007" /><testcase classname="test_60_setup_wizard.TestSetupApis" name="test_db_url_vide" time="0.004" /><testcase classname="test_60_setup_wizard.TestSetupApis" name="test_openai_cle_vide" time="0.004" /><testcase classname="test_60_setup_wizard.TestSetupApis" name="test_mail_champs_vides" time="0.004" /><testcase classname="test_60_setup_wizard.TestSetupApis" name="test_mail_port_invalide" time="0.005" /><testcase classname="test_60_setup_wizard.TestSetupApis" name="test_mail_echec_connexion" time="0.007" /><testcase classname="test_60_setup_wizard.TestSetupApis" name="test_mail_connexion_reussie" time="0.003" /><testcase classname="test_60_setup_wizard.TestSetupApis" name="test_db_postgres_scheme_normalise" time="0.007" /><testcase classname="test_60_setup_wizard.TestSetupApis" name="test_openai_cle_valide" time="0.004" /><testcase classname="test_60_setup_wizard.TestSetupApis" name="test_openai_cle_anthropic_utilise_base_url_claude" time="0.003" /><testcase classname="test_60_setup_wizard.TestSetupApis" name="test_openai_cle_invalide_retourne_erreur" time="0.004" /><testcase classname="test_60_setup_wizard.TestSetupApis" name="test_finish_valide_email_admin" time="0.003" /><testcase classname="test_60_setup_wizard.TestSetupApis" name="test_finish_valide_mdp_court" time="0.004" /><testcase classname="test_60_setup_wizard.TestSetupApis" name="test_finish_ecrit_la_config" time="0.004" /><testcase classname="test_60_setup_wizard.TestSetupApis" name="test_scrub_admin_password" time="0.004" /><testcase classname="test_60_setup_wizard.TestSetupApis" name="test_finish_db_url_manquante" time="0.004" /><testcase classname="test_60_setup_wizard.TestSetupApis" name="test_finish_postgres_scheme_normalise" time="0.004" /><testcase classname="test_60_setup_wizard.TestSetupApis" name="test_finish_licence_requise_manquante_bloque" time="0.004" /><testcase classname="test_60_setup_wizard.TestSetupApis" name="test_finish_inclut_license_path_si_fichier_present" time="0.004" /><testcase classname="test_60_setup_wizard.TestSetupApis" name="test_finish_erreur_ecriture_config" time="0.003" /><testcase classname="test_60_setup_wizard.TestSetupApis" name="test_schedule_restart_declenche_sigterm" time="0.004" /><testcase classname="test_60_setup_wizard.TestLicenseApi" name="test_licence_invalide_rejetee" time="0.005" /><testcase classname="test_60_setup_wizard.TestLicenseApi" name="test_licence_contenu_vide" time="0.003" /><testcase classname="test_60_setup_wizard.TestLicenseApi" name="test_licence_valide_enregistree" time="0.006" /><testcase classname="test_60_setup_wizard.TestLicenseApi" name="test_licence_erreur_ecriture" time="0.005" /><testcase classname="test_60_setup_wizard.TestLicenseApi" name="test_licence_expiree_rejetee" time="0.004" /><testcase classname="test_60_setup_wizard.TestLicenseStatusPage" name="test_page_licence_valide" time="0.009" /><testcase classname="test_60_setup_wizard.TestLicenseStatusPage" name="test_page_licence_invalide" time="0.008" /><testcase classname="test_60_setup_wizard.TestLicenseStatusPage" name="test_licence_repli_config_dir" time="0.001" /><testcase classname="test_61_admin_settings.TestAiKeyAccessor" name="test_repli_env" time="0.002" /><testcase classname="test_61_admin_settings.TestAiKeyAccessor" name="test_priorite_base_sur_env" time="0.005" /><testcase classname="test_61_admin_settings.TestAiKeyAccessor" name="test_masquage" time="0.000" /><testcase classname="test_61_admin_settings.TestAdminEndpoints" name="test_overview_admin" time="0.004" /><testcase classname="test_61_admin_settings.TestAdminEndpoints" name="test_reveal_et_sauvegarde" time="0.008" /><testcase classname="test_61_admin_settings.TestAdminEndpoints" name="test_format_invalide_rejete" time="0.004" /><testcase classname="test_61_admin_settings.TestAdminEndpoints" name="test_logs_admin" time="0.004" /><testcase classname="test_61_admin_settings.TestAdminEndpoints" name="test_page_parametres_signale_admin" time="0.005" /><testcase classname="test_61_admin_settings.TestNonAdminRefuse" name="test_endpoints_refuses" time="0.110" /><testcase classname="test_61_admin_settings.TestNonAdminRefuse" name="test_section_invisible" time="0.100" /><testcase classname="test_61_admin_settings.TestNonAdminRefuse" name="test_anonyme_refuse" time="0.001" /><testcase classname="test_61_pulse.TestInstrumentation" name="test_disabled_by_default_under_testing" time="0.055" /><testcase classname="test_61_pulse.TestInstrumentation" name="test_view_action_beat_recorded" time="0.052" /><testcase classname="test_61_pulse.TestInstrumentation" name="test_noise_endpoints_never_logged" time="0.009" /><testcase classname="test_61_pulse.TestInstrumentation" name="test_post_action_is_logged_as_action_kind" time="0.006" /><testcase classname="test_61_pulse.TestInstrumentation" name="test_json_response_is_not_logged_as_view" time="0.012" /><testcase classname="test_61_pulse.TestInstrumentation" name="test_beat_requires_login_but_never_errors" time="0.003" /><testcase classname="test_61_pulse.TestAggregates" name="test_load_window" time="0.008" /><testcase classname="test_61_pulse.TestAggregates" name="test_summarize_tiles_and_online" time="0.010" /><testcase classname="test_61_pulse.TestAggregates" name="test_summarize_daily_and_pages" time="0.011" /><testcase classname="test_61_pulse.TestAggregates" name="test_summarize_users_and_journey" time="0.015" /><testcase classname="test_61_pulse.TestAggregates" name="test_source_error_is_graceful" time="0.001" /><testcase classname="test_61_pulse.TestAggregates" name="test_page_labels" time="0.001" /><testcase classname="test_61_pulse.TestPulseApp" name="test_everything_locked_without_login" time="0.018" /><testcase classname="test_61_pulse.TestPulseApp" name="test_login_wrong_then_right" time="0.332" /><testcase classname="test_61_pulse.TestPulseApp" name="test_rate_limit" time="0.017" /><testcase classname="test_61_pulse.TestPulseApp" name="test_overview_end_to_end" time="0.163" /><testcase classname="test_62_activities_constraints_items.TestAddConstraintViaActivitiesBlueprint" name="test_add_constraint_success" time="0.008" /><testcase classname="test_62_activities_constraints_items.TestAddConstraintViaActivitiesBlueprint" name="test_add_constraint_missing_activity_id" time="0.003" /><testcase classname="test_62_activities_constraints_items.TestAddConstraintViaActivitiesBlueprint" name="test_add_constraint_missing_description" time="0.005" /><testcase classname="test_62_activities_constraints_items.TestAddConstraintViaActivitiesBlueprint" name="test_add_constraint_no_body" time="0.003" /><testcase classname="test_62_activities_constraints_items.TestAddDataViaActivitiesBlueprint" name="test_add_data_success" time="0.004" /><testcase classname="test_62_activities_constraints_items.TestAddDataViaActivitiesBlueprint" name="test_add_data_missing_name" time="0.003" /><testcase classname="test_62_activities_constraints_items.TestAddDataViaActivitiesBlueprint" name="test_add_data_missing_type" time="0.003" /><testcase classname="test_62_activities_constraints_items.TestActivityItemsApi" name="test_activity_items_returns_linked_savoirs_savoir_faires_hsc" time="0.008" /><testcase classname="test_62_activities_constraints_items.TestActivityItemsApi" name="test_activity_items_no_niveau_omits_parentheses" time="0.007" /><testcase classname="test_62_activities_constraints_items.TestActivityItemsApi" name="test_activity_items_unknown_activity_returns_empty_lists" time="0.003" /><testcase classname="test_62_activities_constraints_items.TestActivityItemsApi" name="test_activity_items_no_auth_still_reachable" time="0.001" /><testcase classname="test_62_task_tool_files" name="test_task_created_with_file" time="0.020" /><testcase classname="test_62_task_tool_files" name="test_task_file_added_afterwards" time="0.018" /><testcase classname="test_62_task_tool_files" name="test_task_file_cleared_by_empty_string" time="0.020" /><testcase classname="test_62_task_tool_files" name="test_task_rename_keeps_its_file" time="0.020" /><testcase classname="test_62_task_tool_files" name="test_tool_file_added_after_creation" time="0.014" /><testcase classname="test_62_task_tool_files" name="test_tool_sheet_can_edit_name_and_description" time="0.016" /><testcase classname="test_62_task_tool_files" name="test_tools_all_exposes_description_and_file" time="0.015" /><testcase classname="test_62_task_tool_files" name="test_task_and_tool_files_are_independent" time="0.024" /><testcase classname="test_63_cartography_translate_advanced.TestUpdateCartographySuccessAndError" name="test_success_returns_200_with_summary" time="0.009" /><testcase classname="test_63_cartography_translate_advanced.TestUpdateCartographySuccessAndError" name="test_processing_exception_returns_500" time="0.008" /><testcase classname="test_63_cartography_translate_advanced.TestTranslateSoftskillsWithMockedClient" name="test_success_fr_maps_niveau_and_includes_outgoing_performance" time="0.004" /><testcase classname="test_63_cartography_translate_advanced.TestTranslateSoftskillsWithMockedClient" name="test_success_en_uses_english_prompt_and_niveau_map" time="0.005" /><testcase classname="test_63_cartography_translate_advanced.TestTranslateSoftskillsWithMockedClient" name="test_dict_response_is_wrapped_into_list" time="0.004" /><testcase classname="test_63_cartography_translate_advanced.TestTranslateSoftskillsWithMockedClient" name="test_non_object_json_returns_400" time="0.004" /><testcase classname="test_63_cartography_translate_advanced.TestTranslateSoftskillsWithMockedClient" name="test_invalid_json_returns_400_with_parse_error" time="0.004" /><testcase classname="test_63_cartography_translate_advanced.TestTranslateSoftskillsWithMockedClient" name="test_client_exception_returns_500" time="0.006" /><testcase classname="test_63_cartography_translate_advanced.TestTranslateSoftskillsWithMockedClient" name="test_non_digit_niveau_left_untouched" time="0.004" /><testcase classname="test_64_activities_map_gaps.TestEntityCrudGaps" name="test_delete_active_entity_reassigns_session" time="0.015" /><testcase classname="test_64_activities_map_gaps.TestEntityCrudGaps" name="test_update_entity_description_only" time="0.008" /><testcase classname="test_64_activities_map_gaps.TestEntityCrudGaps" name="test_delete_entity_cross_owner_denied_for_non_admin" time="0.205" /><testcase classname="test_64_activities_map_gaps.TestEntityCrudGaps" name="test_delete_entity_cross_owner_allowed_for_admin" time="0.203" /><testcase classname="test_64_activities_map_gaps.TestEntityCrudGaps" name="test_update_entity_cross_owner_denied" time="0.200" /><testcase classname="test_64_activities_map_gaps.TestSvgExtractAndSync" name="test_upload_new_svg_extracts_renames_adds_deletes" time="0.040" /><testcase classname="test_64_activities_map_gaps.TestSvgExtractAndSync" name="test_keep_svg_without_existing_file_does_not_crash" time="0.012" /><testcase classname="test_64_activities_map_gaps.TestSvgExtractAndSync" name="test_upload_uses_active_entity_when_no_entity_id" time="0.018" /><testcase classname="test_64_activities_map_gaps.TestCrossCartoMatchesReal" name="test_matches_from_json_carto_and_from_plain_activities" time="0.034" /><testcase classname="test_64_activities_map_gaps.TestLiaisonFullCycle" name="test_officialize_liaison_propagates_links_and_injects_shapes" time="0.045" /><testcase classname="test_64_activities_map_gaps.TestLiaisonFullCycle" name="test_liaison_matches_reports_existing_liaison" time="0.045" /><testcase classname="test_64_activities_map_gaps.TestLiaisonFullCycle" name="test_reverse_liaisons_map_and_reverse_liaisons" time="0.020" /><testcase classname="test_64_activities_map_gaps.TestLiaisonFullCycle" name="test_liaison_deoffice_preview_and_deoffice_cleanup" time="0.032" /><testcase classname="test_65_panel_api.TestFiabilite" name="test_aucun_cas_joue_donne_none" time="0.000" /><testcase classname="test_65_panel_api.TestFiabilite" name="test_les_non_joues_sont_exclus_du_calcul" time="0.000" /><testcase classname="test_65_panel_api.TestFiabilite" name="test_echecs_et_erreurs_comptent_pour_du_rouge" time="0.000" /><testcase classname="test_65_panel_api.TestFiabilite" name="test_arrondi_a_l_entier" time="0.000" /><testcase classname="test_65_panel_api.TestApiEtat" name="test_repond_avec_le_compte_des_pages_et_des_cas" time="0.005" /><testcase classname="test_65_panel_api.TestApiPages" name="test_catalogue_complet" time="0.095" /><testcase classname="test_65_panel_api.TestApiPages" name="test_chaque_page_porte_ce_que_le_hub_affiche" time="0.059" /><testcase classname="test_65_panel_api.TestApiPages" name="test_ce_fichier_de_tests_figure_au_catalogue" time="0.059" /><testcase classname="test_65_panel_api.TestApiPage" name="test_detail_d_une_page_liste_ses_cas" time="0.060" /><testcase classname="test_65_panel_api.TestApiPage" name="test_page_inconnue_donne_404" time="0.002" /><testcase classname="test_65_panel_api.TestPlafondDesExecutions" name="test_les_creneaux_se_prennent_et_se_rendent" time="0.000" /><testcase classname="test_65_panel_api.TestPlafondDesExecutions" name="test_un_run_refuse_est_clos_sans_lancer_pytest" time="0.006" /><testcase classname="test_65_panel_api.TestPlafondDesExecutions" name="test_le_creneau_est_rendu_meme_si_l_execution_echoue" time="0.000" /><testcase classname="test_65_panel_api.TestPontDuHub" name="test_un_post_porte_un_corps_vide_explicite" time="0.001" /><testcase classname="test_65_panel_api.TestPontDuHub" name="test_la_portee_page_vise_la_bonne_route" time="0.001" /><testcase classname="test_65_panel_api.TestPontDuHub" name="test_instance_injoignable_donne_un_message_lisible" time="0.001" /><testcase classname="test_65_panel_api.TestRecensementDesCas" name="test_les_fonctions_de_module_sont_recensees" time="0.064" /><testcase classname="test_65_panel_api.TestRecensementDesCas" name="test_le_node_id_d_une_fonction_de_module_n_a_pas_de_classe" time="0.063" /><testcase classname="test_65_panel_api.TestRecensementDesCas" name="test_le_node_id_reste_jouable_par_pytest" time="0.003" /><testcase classname="test_65_panel_api.TestRecensementDesCas" name="test_un_resultat_de_fonction_de_module_retrouve_son_cas" time="0.000" /><testcase classname="test_65_panel_api.TestSyncTolerant" name="test_le_catalogue_reste_lisible_si_le_recensement_echoue" time="0.085" /><testcase classname="test_65_panel_api.TestCoutDuRecensement" name="test_une_synchro_inutile_ne_coute_presque_rien" time="0.723" /><testcase classname="test_65_panel_api.TestCoutDuRecensement" name="test_un_recensement_complet_ne_boucle_pas_sur_la_base" time="1.542" /><testcase classname="test_65_panel_api.TestCoutDuRecensement" name="test_un_fichier_modifie_est_bien_repris" time="0.995" /><testcase classname="test_65_panel_api.TestHistoriqueDesExecutions" name="test_l_endpoint_rend_les_executions_passees" time="0.005" /><testcase classname="test_65_panel_api.TestHistoriqueDesExecutions" name="test_chaque_execution_porte_de_quoi_l_afficher" time="0.009" /><testcase classname="test_65_panel_api.TestHistoriqueDesExecutions" name="test_les_executions_en_cours_ne_faussent_pas_l_historique" time="0.007" /><testcase classname="test_65_panel_api.TestHistoriqueDesExecutions" name="test_la_limite_est_bornee" time="0.011" /><testcase classname="test_65_panel_api.TestHistoriqueDesExecutions" name="test_le_pont_du_hub_expose_la_route" time="0.001" /><testcase classname="test_65_panel_api.TestHistoriqueDesExecutions" name="test_cent_pour_cent_ne_se_lit_que_sans_aucun_echec" time="0.024" /><testcase classname="test_65_panel_api.TestHistoriqueDesExecutions" name="test_sans_aucun_echec_le_taux_reste_cent" time="0.012" /><testcase classname="test_66_carto_sharing.TestStatuts" name="test_l_arbitre_est_reconnu_sous_ses_anciens_libelles" time="0.000" /><testcase classname="test_66_carto_sharing.TestStatuts" name="test_le_mot_champion_designe_le_palier_qui_propose" time="0.000" /><testcase classname="test_66_carto_sharing.TestStatuts" name="test_ni_user_ni_vide_ne_sont_quoi_que_ce_soit" time="0.000" /><testcase classname="test_66_carto_sharing.TestStatuts" name="test_l_echelle_est_ordonnee" time="0.000" /><testcase classname="test_66_carto_sharing.TestStatuts" name="test_les_valeurs_canoniques_tiennent_dans_la_colonne" time="0.000" /><testcase classname="test_66_carto_sharing.TestLecture" name="test_une_carto_privee_ne_se_voit_que_chez_son_proprietaire" time="0.559" /><testcase classname="test_66_carto_sharing.TestLecture" name="test_une_carto_commune_sans_role_est_ouverte_a_tous" time="0.006" /><testcase classname="test_66_carto_sharing.TestLecture" name="test_un_role_coche_referme_l_acces_sur_ses_porteurs" time="0.007" /><testcase classname="test_66_carto_sharing.TestLecture" name="test_recevoir_le_role_donne_l_acces_sans_repasser_par_l_ecran" time="0.010" /><testcase classname="test_66_carto_sharing.TestLecture" name="test_un_coordinateur_voit_toutes_les_cartos_communes" time="0.104" /><testcase classname="test_66_carto_sharing.TestLecture" name="test_la_liste_des_entites_inclut_les_cartos_communes" time="0.010" /><testcase classname="test_66_carto_sharing.TestLecture" name="test_une_carto_privee_reste_absente_de_la_liste" time="0.012" /><testcase classname="test_66_carto_sharing.TestReglageDeLAcces" name="test_l_ecran_liste_les_roles_et_leurs_porteurs" time="0.011" /><testcase classname="test_66_carto_sharing.TestReglageDeLAcces" name="test_un_compte_ordinaire_ne_regle_pas_l_acces" time="0.006" /><testcase classname="test_66_carto_sharing.TestReglageDeLAcces" name="test_un_coordinateur_ouvre_et_referme_l_acces" time="0.010" /><testcase classname="test_66_carto_sharing.TestReglageDeLAcces" name="test_repasser_en_prive_efface_les_roles_autorises" time="0.020" /><testcase classname="test_66_carto_sharing.TestReglageDeLAcces" name="test_un_role_ne_de_l_ailleurs_ouvre_la_carto" time="0.012" /><testcase classname="test_66_carto_sharing.TestEcriture" name="test_le_proprietaire_ecrit_sur_sa_carto_privee" time="0.004" /><testcase classname="test_66_carto_sharing.TestEcriture" name="test_sur_une_carto_commune_un_compte_ordinaire_propose" time="0.005" /><testcase classname="test_66_carto_sharing.TestEcriture" name="test_coordinateur_et_admin_ecrivent_sans_examen" time="0.003" /><testcase classname="test_66_carto_sharing.TestEcriture" name="test_l_enregistrement_direct_est_refuse_cote_serveur" time="0.006" /><testcase classname="test_66_carto_sharing.TestEcriture" name="test_un_coordinateur_enregistre_normalement" time="0.017" /><testcase classname="test_66_carto_sharing.TestPropositions" name="test_proposer_ne_touche_pas_la_carto" time="0.010" /><testcase classname="test_66_carto_sharing.TestPropositions" name="test_on_ne_propose_pas_sur_une_carto_privee" time="0.004" /><testcase classname="test_66_carto_sharing.TestPropositions" name="test_le_resume_dit_ce_qui_change" time="0.013" /><testcase classname="test_66_carto_sharing.TestPropositions" name="test_un_compte_ordinaire_ne_voit_que_ses_propres_propositions" time="0.101" /><testcase classname="test_66_carto_sharing.TestPropositions" name="test_un_champion_n_arbitre_pas_ses_propres_propositions" time="0.103" /><testcase classname="test_66_carto_sharing.TestPropositions" name="test_appliquer_ecrit_sur_la_carto_commune" time="0.024" /><testcase classname="test_66_carto_sharing.TestPropositions" name="test_une_proposition_ne_se_tranche_qu_une_fois" time="0.014" /><testcase classname="test_66_carto_sharing.TestPropositions" name="test_refuser_laisse_la_carto_intacte" time="0.014" /><testcase classname="test_66_carto_sharing.TestPropositions" name="test_l_auteur_retire_sa_proposition_tant_qu_elle_attend" time="0.013" /><testcase classname="test_66_carto_sharing.TestPropositions" name="test_personne_d_autre_ne_retire_une_proposition" time="0.011" /><testcase classname="test_66_carto_sharing.TestMenage" name="test_un_role_retire_de_la_carte_ne_part_que_s_il_ne_sert_plus" time="0.024" /><testcase classname="test_66_carto_sharing.TestActivation" name="test_activer_une_carto_commune_tient_au_rechargement" time="0.009" /><testcase classname="test_66_carto_sharing.TestActivation" name="test_activer_ne_repeint_pas_le_drapeau_du_proprietaire" time="0.008" /><testcase classname="test_66_carto_sharing.TestActivation" name="test_une_carto_privee_ne_s_active_pas_chez_un_autre" time="0.005" /><testcase classname="test_66_carto_sharing.TestApercuAvantApres" name="test_les_formes_touchees_sont_marquees_du_bon_cote" time="0.001" /><testcase classname="test_66_carto_sharing.TestApercuAvantApres" name="test_chaque_cote_entoure_ses_propres_formes" time="0.001" /><testcase classname="test_66_carto_sharing.TestApercuAvantApres" name="test_le_cadrage_est_commun_aux_deux_cartos" time="0.001" /><testcase classname="test_66_carto_sharing.TestApercuAvantApres" name="test_la_vignette_de_galerie_reste_sans_halo" time="0.001" /><testcase classname="test_66_carto_sharing.TestApercuAvantApres" name="test_l_apercu_est_refuse_a_qui_n_a_rien_a_y_voir" time="0.002" /><testcase classname="test_66_carto_sharing.TestApercuEnGrand" name="test_agrandir_ne_recharge_rien" time="0.001" /><testcase classname="test_66_carto_sharing.TestApercuEnGrand" name="test_la_bascule_garde_le_cadrage" time="0.000" /><testcase classname="test_66_carto_sharing.TestApercuEnGrand" name="test_la_vue_masquee_garde_sa_taille" time="0.000" /><testcase classname="test_66_carto_sharing.TestApercuEnGrand" name="test_le_grand_format_couvre_la_fenetre" time="0.001" /><testcase classname="test_66_carto_sharing.TestApercuEnGrand" name="test_un_clic_dans_la_comparaison_ne_quitte_pas_la_page" time="0.001" /><testcase classname="test_66_carto_sharing.TestApercuEnGrand" name="test_le_diagramme_d_une_proposition_est_servi_tel_quel" time="0.002" /><testcase classname="test_66_carto_sharing.TestApercuEnGrand" name="test_seuls_avant_et_apres_ouvrent_le_viewer" time="0.002" /><testcase classname="test_66_carto_sharing.TestLesQuatrePaliers" name="test_un_user_ne_peut_ni_ecrire_ni_proposer" time="0.013" /><testcase classname="test_66_carto_sharing.TestLesQuatrePaliers" name="test_un_champion_propose_mais_n_enregistre_pas" time="0.015" /><testcase classname="test_66_carto_sharing.TestLesQuatrePaliers" name="test_un_champion_n_arbitre_pas" time="0.002" /><testcase classname="test_66_carto_sharing.TestLesQuatrePaliers" name="test_un_champion_ne_regle_pas_l_acces" time="0.002" /><testcase classname="test_66_carto_sharing.TestLesQuatrePaliers" name="test_l_editeur_s_ouvre_en_lecture_seule_pour_un_user" time="0.017" /><testcase classname="test_66_carto_sharing.TestRepriseDesComptes" name="test_les_anciens_libelles_sont_repris" time="0.014" /><testcase classname="test_66_carto_sharing.TestRepriseDesComptes" name="test_un_user_n_est_pas_promu" time="0.007" /><testcase classname="test_66_carto_sharing.TestRepriseDesComptes" name="test_un_champion_NOUVEAU_n_est_jamais_promu_au_redemarrage" time="0.006" /><testcase classname="test_66_carto_sharing.TestRepriseDesComptes" name="test_le_marqueur_de_reprise_est_pose_en_base" time="0.001" /><testcase classname="test_66_carto_sharing.TestRepriseDesComptes" name="test_l_outil_d_inventaire_predit_exactement_la_reprise" time="0.001" /><testcase classname="test_66_carto_sharing.TestRepriseDesComptes" name="test_l_outil_d_inventaire_n_ecrit_rien[etat_statuts.py]" time="0.001" /><testcase classname="test_66_carto_sharing.TestRepriseDesComptes" name="test_l_outil_d_inventaire_n_ecrit_rien[etat_entites.py]" time="0.001" /><testcase classname="test_66_carto_sharing.TestRepriseDesComptes" name="test_l_inventaire_des_roles_normalise_comme_l_application" time="0.001" /><testcase classname="test_66_carto_sharing.TestLaMatriceDesAcces" name="test_un_user_ne_voit_pas_la_matrice" time="0.004" /><testcase classname="test_66_carto_sharing.TestLaMatriceDesAcces" name="test_chaque_role_n_a_qu_une_ligne" time="0.019" /><testcase classname="test_66_carto_sharing.TestLaMatriceDesAcces" name="test_cocher_une_case_rend_la_carto_commune" time="0.021" /><testcase classname="test_66_carto_sharing.TestLaMatriceDesAcces" name="test_une_colonne_se_coche_d_un_coup" time="0.029" /><testcase classname="test_66_carto_sharing.TestLaMatriceDesAcces" name="test_on_n_ecrit_que_les_cases_envoyees" time="0.023" /><testcase classname="test_66_carto_sharing.TestLaMatriceDesAcces" name="test_une_carto_hors_de_portee_est_ignoree" time="0.021" /><testcase classname="test_66_carto_sharing.TestLaMatriceDesAcces" name="test_le_bouton_n_est_offert_qu_a_qui_regle_l_acces" time="0.034" /><testcase classname="test_66_carto_sharing.TestLAccesParStatut" name="test_par_defaut_le_coordinateur_et_l_admin_entrent" time="0.120" /><testcase classname="test_66_carto_sharing.TestLAccesParStatut" name="test_cocher_un_palier_ouvre_la_carto" time="0.039" /><testcase classname="test_66_carto_sharing.TestLAccesParStatut" name="test_decocher_un_palier_la_referme" time="0.028" /><testcase classname="test_66_carto_sharing.TestLAccesParStatut" name="test_l_administrateur_ne_se_decoche_pas" time="0.018" /><testcase classname="test_66_carto_sharing.TestLAccesParStatut" name="test_la_matrice_porte_les_quatre_paliers" time="0.016" /><testcase classname="test_66_carto_sharing.TestLAccesParStatut" name="test_on_n_ecrit_que_les_cases_envoyees" time="0.021" /><testcase classname="test_66_carto_sharing.TestLAccesParStatut" name="test_cocher_un_palier_rend_la_carto_commune" time="0.024" /><testcase classname="test_66_carto_sharing.TestLAccesParStatut" name="test_un_palier_inconnu_est_ignore" time="0.018" /><testcase classname="test_66_carto_sharing.TestLAccesParStatut" name="test_un_user_ne_regle_pas_les_statuts" time="0.015" /><testcase classname="test_66_carto_sharing.TestLaReunionDesRoles" name="test_le_doublon_rend_tout_ce_qu_il_portait" time="0.024" /><testcase classname="test_66_carto_sharing.TestLaReunionDesRoles" name="test_elle_ne_se_joue_qu_une_fois" time="0.005" /><testcase classname="test_67_schema_postgres.TestDefautsBooleens" name="test_aucun_booleen_ne_prend_un_entier_par_defaut" time="0.013" /><testcase classname="test_67_schema_postgres.TestDefautsBooleens" name="test_entities_is_shared_a_bien_un_defaut_utilisable" time="0.001" /><testcase classname="test_67_schema_postgres.TestLargeurDesColonnes" name="test_le_niveau_hsc_tient_dans_sa_colonne" time="0.000" /><testcase classname="test_67_schema_postgres.TestLargeurDesColonnes" name="test_la_migration_elargit_la_colonne_des_instances_existantes" time="0.000" /><testcase classname="test_67_schema_postgres.TestMigrationsAChaud" name="test_les_alter_booleens_n_utilisent_pas_0_ou_1" time="0.001" /><testcase classname="test_67_schema_postgres.TestMigrationsAChaud" name="test_la_colonne_du_partage_est_bien_declaree" time="0.001" /><testcase classname="test_67_schema_postgres.TestMigrationsAChaud" name="test_aucune_table_n_est_declaree_deux_fois" time="0.005" /><testcase classname="test_67_schema_postgres.TestMigrationsAChaud" name="test_le_demarrage_verifie_les_colonnes_indispensables" time="0.000" /><testcase classname="test_68_share_page.TestPage" name="test_la_page_s_ouvre_pour_un_compte_connecte" time="0.236" /><testcase classname="test_68_share_page.TestPage" name="test_un_visiteur_est_renvoye_a_la_connexion" time="0.002" /><testcase classname="test_68_share_page.TestPage" name="test_l_entite_de_l_url_est_celle_qui_s_affiche" time="0.004" /><testcase classname="test_68_share_page.TestPage" name="test_une_entite_hors_perimetre_est_ignoree" time="0.105" /><testcase classname="test_68_share_page.TestTitulaires" name="test_l_ecran_donne_les_roles_avec_leurs_titulaires" time="0.020" /><testcase classname="test_68_share_page.TestTitulaires" name="test_ajouter_un_titulaire_ne_touche_pas_ses_autres_roles" time="0.007" /><testcase classname="test_68_share_page.TestTitulaires" name="test_ajouter_deux_fois_ne_duplique_pas" time="0.010" /><testcase classname="test_68_share_page.TestTitulaires" name="test_retirer_un_titulaire" time="0.010" /><testcase classname="test_68_share_page.TestTitulaires" name="test_un_compte_ordinaire_ne_nomme_personne" time="0.003" /><testcase classname="test_68_share_page.TestTitulaires" name="test_un_role_ne_ailleurs_se_regle_ici_aussi" time="0.005" /><testcase classname="test_68_share_page.TestTitulaires" name="test_un_role_inconnu_est_refuse" time="0.003" /><testcase classname="test_68_share_page.TestPortee" name="test_sans_role_coche_tout_le_monde_est_dans_la_portee" time="0.022" /><testcase classname="test_68_share_page.TestPortee" name="test_un_role_coche_dit_par_quel_role_chacun_entre" time="0.052" /><testcase classname="test_68_share_page.TestPortee" name="test_un_compte_sans_le_role_sort_de_la_portee" time="0.141" /><testcase classname="test_68_share_page.TestPlusDeDoublon" name="test_la_carte_ne_porte_plus_le_reglage_d_acces" time="0.001" /><testcase classname="test_68_share_page.TestVignettes" name="test_la_vignette_dessine_bandes_formes_et_fleches" time="0.003" /><testcase classname="test_68_share_page.TestVignettes" name="test_le_trace_reel_des_fleches_est_repris" time="0.006" /><testcase classname="test_68_share_page.TestVignettes" name="test_une_couleur_douteuse_ne_part_pas_dans_le_svg" time="0.006" /><testcase classname="test_68_share_page.TestVignettes" name="test_sans_diagramme_on_sert_le_svg_visio_d_origine" time="0.009" /><testcase classname="test_68_share_page.TestVignettes" name="test_une_carto_vraiment_vide_n_a_pas_de_vignette" time="0.009" /><testcase classname="test_68_share_page.TestVignettes" name="test_la_liste_porte_l_etat_et_les_chiffres" time="0.005" /><testcase classname="test_68_share_page.TestVignettes" name="test_la_vignette_d_une_carto_hors_perimetre_est_refusee" time="0.112" /><testcase classname="test_69_panel_internals.TestBuildArgs" name="test_scope_all_ajoute_le_dossier_tests" time="0.001" /><testcase classname="test_69_panel_internals.TestBuildArgs" name="test_scope_page_inconnue_n_ajoute_rien" time="0.001" /><testcase classname="test_69_panel_internals.TestBuildArgs" name="test_scope_page_connue_ajoute_son_fichier" time="0.006" /><testcase classname="test_69_panel_internals.TestBuildArgs" name="test_scope_case_inconnu_n_ajoute_rien" time="0.001" /><testcase classname="test_69_panel_internals.TestBuildArgs" name="test_scope_case_connu_ajoute_son_node_id" time="0.009" /><testcase classname="test_69_panel_internals.TestSaveResults" name="test_resultat_passe_est_persiste_et_case_mise_a_jour" time="0.012" /><testcase classname="test_69_panel_internals.TestSaveResults" name="test_resultat_en_echec_porte_le_message_de_failure" time="0.012" /><testcase classname="test_69_panel_internals.TestSaveResults" name="test_resultat_sans_case_correspondante_est_ignore_sans_erreur" time="0.008" /><testcase classname="test_69_panel_internals.TestSaveResults" name="test_xml_invalide_emet_un_avertissement_sans_lever" time="0.004" /><testcase classname="test_69_panel_internals.TestSyncPatchesToDbTolerant" name="test_fichier_absent_ne_leve_pas" time="0.001" /><testcase classname="test_69_panel_internals.TestSyncPatchesToDbTolerant" name="test_json_malforme_ne_leve_pas" time="0.001" /><testcase classname="test_69_panel_internals.TestSyncPatchesToDbTolerant" name="test_json_qui_n_est_pas_une_liste_est_ignore" time="0.002" /><testcase classname="test_69_panel_internals.TestSyncPatchesToDbTolerant" name="test_entree_sans_patch_uid_est_ignoree" time="0.004" /><testcase classname="test_69_panel_internals.TestSyncPatchesToDbTolerant" name="test_fixed_at_invalide_est_mis_a_none_sans_lever" time="0.005" /><testcase classname="test_69_panel_internals.TestSyncPatchesToDbTolerant" name="test_entree_valide_est_upsertee" time="0.010" /><testcase classname="test_69_panel_internals.TestPatchesForNodes" name="test_ne_retourne_que_les_patchs_dont_un_node_id_correspond" time="0.004" /><testcase classname="test_69_panel_internals.TestPatchToDict" name="test_expose_les_champs_attendus_par_le_template" time="0.003" /><testcase classname="test_69_panel_internals.TestPatchCategoryCounts" name="test_compte_chaque_categorie_connue" time="0.000" /><testcase classname="test_69_panel_internals.TestPatchCategoryCounts" name="test_categorie_inconnue_tombe_dans_other" time="0.000" /><testcase classname="test_69_panel_internals.TestRecentRuns" name="test_calcule_pct_total_et_duree_du_run" time="0.014" /><testcase classname="test_70_competency_color.TestUserCompetencyColor" name="test_aucune_evaluation_retourne_none" time="0.016" /><testcase classname="test_70_competency_color.TestUserCompetencyColor" name="test_une_seule_note_verte_retourne_green" time="0.015" /><testcase classname="test_70_competency_color.TestUserCompetencyColor" name="test_moyenne_rouge_et_vert_arrondit_vers_orange" time="0.016" /><testcase classname="test_70_competency_color.TestUserCompetencyColor" name="test_notes_hors_categories_connues_sont_ignorees" time="0.015" /><testcase classname="test_70_competency_color.TestUserCompetencyColor" name="test_evaluator_differe_est_ignore" time="0.015" /><testcase classname="test_70_competency_color.TestUserCompetencyColor" name="test_activity_ids_vide_retourne_none_sans_requeter_tout" time="0.015" /><testcase classname="test_70_competency_color.TestUserCompetencyColor" name="test_activity_ids_restreint_le_calcul" time="0.015" /><testcase classname="test_70_competency_color.TestUserCompetencyHex" name="test_sans_note_retourne_none" time="0.013" /><testcase classname="test_70_competency_color.TestUserCompetencyHex" name="test_avec_note_retourne_le_code_hex_correspondant" time="0.015" /><testcase classname="test_71_licensing.TestCanonicalPayloadBytes" name="test_ordre_des_cles_n_influence_pas_le_resultat" time="0.000" /><testcase classname="test_71_licensing.TestCanonicalPayloadBytes" name="test_est_compact_sans_espaces_superflus" time="0.000" /><testcase classname="test_71_licensing.TestReadLicenseRaw" name="test_variable_env_base64_valide" time="0.000" /><testcase classname="test_71_licensing.TestReadLicenseRaw" name="test_variable_env_base64_invalide_leve" time="0.000" /><testcase classname="test_71_licensing.TestReadLicenseRaw" name="test_fichier_license_path" time="0.001" /><testcase classname="test_71_licensing.TestReadLicenseRaw" name="test_aucune_source_leve_une_erreur_explicite" time="0.001" /><testcase classname="test_71_licensing.TestVerifyLicenseBytes" name="test_cle_publique_absente_leve" time="0.001" /><testcase classname="test_71_licensing.TestVerifyLicenseBytes" name="test_json_malforme_leve" time="0.003" /><testcase classname="test_71_licensing.TestVerifyLicenseBytes" name="test_licence_valide_retourne_les_infos" time="0.002" /><testcase classname="test_71_licensing.TestVerifyLicenseBytes" name="test_signature_invalide_leve" time="0.001" /><testcase classname="test_71_licensing.TestVerifyLicenseBytes" name="test_expires_at_absent_leve" time="0.001" /><testcase classname="test_71_licensing.TestVerifyLicenseBytes" name="test_expires_at_invalide_leve" time="0.001" /><testcase classname="test_71_licensing.TestVerifyLicenseIntegration" name="test_via_variable_environnement" time="0.001" /><testcase classname="test_71_licensing.TestInitLicenseEnforcement" name="test_require_license_absent_desactive_l_enforcement" time="0.002" /><testcase classname="test_71_licensing.TestInitLicenseEnforcement" name="test_require_license_actif_avec_licence_valide_laisse_passer" time="0.003" /><testcase classname="test_71_licensing.TestInitLicenseEnforcement" name="test_require_license_actif_sans_licence_bloque" time="0.005" /><testcase classname="test_71_licensing.TestInitLicenseEnforcement" name="test_chemins_exempts_passent_meme_sans_licence" time="0.003" /><testcase classname="test_71_licensing.TestInitLicenseEnforcement" name="test_licence_expiree_bloque" time="0.005" /><testcase classname="test_72_deploiement.TestLaBrancheOfficielleSeDeploie" name="test_nouveau_point_a_bien_un_workflow" time="0.001" /><testcase classname="test_72_deploiement.TestLaBrancheOfficielleSeDeploie" name="test_ce_workflow_vise_bien_le_service_devoptiq" time="0.001" /><testcase classname="test_72_deploiement.TestLaBrancheOfficielleSeDeploie" name="test_le_panel_de_tests_reste_a_staging" time="0.001" /><testcase classname="test_72_deploiement.TestUnServiceUnChemin" name="test_aucun_service_n_a_deux_deploiements_automatiques" time="0.001" /><testcase classname="test_72_deploiement.TestLeHubDitLaVerite" name="test_les_workflows_annonces_existent" time="0.001" /><testcase classname="test_72_deploiement.TestLeHubDitLaVerite" name="test_chaque_service_annonce_son_vrai_workflow" time="0.002" /><testcase classname="test_72_deploiement.TestLeHubDitLaVerite" name="test_le_declencheur_annonce_est_le_vrai" time="0.001" /><testcase classname="test_72_deploiement.TestLaSondeDeSanteEstJoignable" name="test_l_application_expose_aussi_health" time="0.000" /><testcase classname="test_72_deploiement.TestLaSondeDeSanteEstJoignable" name="test_rien_ne_sonde_healthz_depuis_le_DEHORS" time="0.001" /><testcase classname="test_72_deploiement.TestLesDependancesSontEpinglees" name="test_chaque_dependance_porte_une_version_exacte" time="0.000" /><testcase classname="test_72_deploiement.TestLesDependancesSontEpinglees" name="test_sqlalchemy_est_declaree_explicitement" time="0.000" /><testcase classname="test_72_deploiement.TestLesDependancesSontEpinglees" name="test_le_fichier_est_bien_garni" time="0.000" /><testcase classname="test_73_role_permanent.TestReconnaissanceDuNom" name="test_ces_noms_designent_le_meme_role[D\xe9veloppeur de comp\xe9tences]" time="0.000" /><testcase classname="test_73_role_permanent.TestReconnaissanceDuNom" name="test_ces_noms_designent_le_meme_role[developpeur de competences]" time="0.000" /><testcase classname="test_73_role_permanent.TestReconnaissanceDuNom" name="test_ces_noms_designent_le_meme_role[D\xc9VELOPPEUR DE COMP\xc9TENCES]" time="0.001" /><testcase classname="test_73_role_permanent.TestReconnaissanceDuNom" name="test_ces_noms_designent_le_meme_role[manager]" time="0.000" /><testcase classname="test_73_role_permanent.TestReconnaissanceDuNom" name="test_ces_noms_designent_le_meme_role[Manager]" time="0.001" /><testcase classname="test_73_role_permanent.TestReconnaissanceDuNom" name="test_ces_noms_designent_le_meme_role[  manager  ]" time="0.000" /><testcase classname="test_73_role_permanent.TestReconnaissanceDuNom" name="test_ces_noms_designent_le_meme_role[Gestionnaire de comp\xe9tences]" time="0.000" /><testcase classname="test_73_role_permanent.TestReconnaissanceDuNom" name="test_ces_noms_designent_le_meme_role[Competency manager]" time="0.001" /><testcase classname="test_73_role_permanent.TestReconnaissanceDuNom" name="test_ces_noms_ne_le_designent_pas[]" time="0.000" /><testcase classname="test_73_role_permanent.TestReconnaissanceDuNom" name="test_ces_noms_ne_le_designent_pas[None]" time="0.000" /><testcase classname="test_73_role_permanent.TestReconnaissanceDuNom" name="test_ces_noms_ne_le_designent_pas[Technicien]" time="0.000" /><testcase classname="test_73_role_permanent.TestReconnaissanceDuNom" name="test_ces_noms_ne_le_designent_pas[Chef de projet]" time="0.000" /><testcase classname="test_73_role_permanent.TestReconnaissanceDuNom" name="test_ces_noms_ne_le_designent_pas[manageur du dimanche]" time="0.000" /><testcase classname="test_73_role_permanent.TestReconnaissanceDuNom" name="test_ces_noms_ne_le_designent_pas[developpeur]" time="0.000" /><testcase classname="test_73_role_permanent.TestCreationAutomatique" name="test_il_est_cree_a_la_demande" time="0.014" /><testcase classname="test_73_role_permanent.TestCreationAutomatique" name="test_un_manager_existant_est_REPRIS_pas_double" time="0.009" /><testcase classname="test_73_role_permanent.TestCreationAutomatique" name="test_quand_les_deux_coexistent_c_est_celui_qui_a_des_titulaires" time="0.014" /><testcase classname="test_73_role_permanent.TestSurvieALaSynchroCarto" name="test_il_survit_a_un_enregistrement_de_carto_qui_l_ignore" time="0.017" /><testcase classname="test_73_role_permanent.TestEndpointRH" name="test_la_liste_des_developpeurs_ne_depend_plus_du_nom_manager" time="0.010" /><testcase classname="test_74_page_rh.TestTableau" name="test_il_faut_etre_connecte" time="0.002" /><testcase classname="test_74_page_rh.TestTableau" name="test_tous_les_comptes_sont_des_collaborateurs" time="0.033" /><testcase classname="test_74_page_rh.TestTableau" name="test_le_role_permanent_est_signale_comme_tel" time="0.028" /><testcase classname="test_74_page_rh.TestTableau" name="test_les_propositions_s_examinent_depuis_la_page_carte" time="0.041" /><testcase classname="test_74_page_rh.TestTableau" name="test_un_titulaire_du_role_permanent_peut_affecter" time="0.035" /><testcase classname="test_74_page_rh.TestTableau" name="test_un_compte_ordinaire_ne_regle_pas_l_acces" time="0.027" /><testcase classname="test_74_page_rh.TestTableau" name="test_l_entite_demandee_est_celle_qu_on_obtient" time="0.028" /><testcase classname="test_74_page_rh.TestTableau" name="test_aucun_role_coche_veut_dire_ouverte_a_tous" time="0.028" /><testcase classname="test_74_page_rh.TestPageRendue" name="test_la_page_charge_et_porte_ses_trois_blocs" time="0.022" /><testcase classname="test_74_page_rh.TestPageRendue" name="test_le_fichier_dcp_a_quitte_la_page_rh" time="0.020" /><testcase classname="test_74_page_rh.TestLienAvecLaPageCompetences" name="test_le_collaborateur_affecte_apparait_dans_competences" time="0.020" /><testcase classname="test_74_page_rh.TestLienAvecLaPageCompetences" name="test_l_affectation_par_role_compte_aussi" time="0.018" /><testcase classname="test_74_page_rh.TestLienAvecLaPageCompetences" name="test_la_liste_des_developpeurs_n_est_plus_vide" time="0.016" /><testcase classname="test_75_entite_active_partagee.TestRepliSurLaCartoCommune" name="test_la_page_carte_retrouve_la_carto_partagee" time="0.016" /><testcase classname="test_75_entite_active_partagee.TestRepliSurLaCartoCommune" name="test_un_compte_sans_droit_n_obtient_rien" time="0.015" /><testcase classname="test_75_entite_active_partagee.TestRepliSurLaCartoCommune" name="test_les_deux_resolutions_disent_la_meme_chose" time="0.018" /><testcase classname="test_75_entite_active_partagee.TestNettoyageInterface" name="test_la_page_partage_a_quitte_la_barre_de_navigation" time="0.019" /><testcase classname="test_75_entite_active_partagee.TestNettoyageInterface" name="test_le_bouton_importer_une_carto_a_disparu" time="0.025" /><testcase classname="test_76_nav_fleches.TestPlacement" name="test_les_fleches_encadrent_les_items_et_rien_d_autre" time="0.000" /><testcase classname="test_76_nav_fleches.TestPlacement" name="test_elles_vivent_dans_la_zone_qui_defile" time="0.000" /><testcase classname="test_76_nav_fleches.TestPlacement" name="test_l_ancien_lisere_a_bien_disparu" time="0.000" /><testcase classname="test_76_nav_fleches.TestVerre" name="test_elles_sont_en_verre_comme_la_nav" time="0.000" /><testcase classname="test_76_nav_fleches.TestVerre" name="test_elles_s_effacent_quand_tout_tient_a_l_ecran" time="0.000" /><testcase classname="test_76_nav_fleches.TestComportement" name="test_le_magnetisme_est_neutralise_pendant_le_geste" time="0.000" /><testcase classname="test_76_nav_fleches.TestComportement" name="test_la_molette_rend_la_main_en_butee" time="0.000" /><testcase classname="test_76_nav_fleches.TestComportement" name="test_on_recalcule_apres_le_chargement_des_icones" time="0.000" /><testcase classname="test_76_nav_fleches.TestLibelles" name="test_les_deux_langues_nomment_les_fleches" time="0.000" /><testcase classname="test_77_competences_deux_notes.TestQuiNoteQui" name="test_le_collaborateur_pose_sa_propre_auto_evaluation" time="0.468" /><testcase classname="test_77_competences_deux_notes.TestQuiNoteQui" name="test_il_ne_peut_pas_se_decerner_le_niveau_qui_fait_foi" time="0.004" /><testcase classname="test_77_competences_deux_notes.TestQuiNoteQui" name="test_il_ne_peut_pas_s_auto_evaluer_a_la_place_d_un_autre" time="0.002" /><testcase classname="test_77_competences_deux_notes.TestQuiNoteQui" name="test_le_developpeur_pose_le_niveau_de_son_collaborateur" time="0.008" /><testcase classname="test_77_competences_deux_notes.TestQuiNoteQui" name="test_il_ne_note_pas_quelqu_un_qu_il_n_encadre_pas" time="0.003" /><testcase classname="test_77_competences_deux_notes.TestQuiNoteQui" name="test_l_admin_note_tout_le_monde" time="0.007" /><testcase classname="test_77_competences_deux_notes.TestQuiNoteQui" name="test_le_rattachement_PAR_ROLE_ouvre_le_meme_droit" time="0.014" /><testcase classname="test_77_competences_deux_notes.TestCeQuiFaitFoi" name="test_l_auto_evaluation_ne_remonte_jamais_comme_resultat" time="0.030" /><testcase classname="test_77_competences_deux_notes.TestCeQuiFaitFoi" name="test_le_minimum_vaut_aussi_pour_l_auto_evaluation" time="0.019" /><testcase classname="test_77_competences_deux_notes.TestCeQuiFaitFoi" name="test_une_auto_evaluation_partielle_ne_donne_pas_de_niveau" time="0.012" /><testcase classname="test_77_competences_deux_notes.TestCeQuiFaitFoi" name="test_la_preuve_de_chacun_reste_la_sienne" time="0.020" /><testcase classname="test_77_competences_deux_notes.TestSynthese" name="test_elle_rend_les_roles_avec_leurs_compteurs" time="0.007" /><testcase classname="test_77_competences_deux_notes.TestSynthese" name="test_le_niveau_du_role_est_le_minimum_et_exige_tout_evalue" time="0.028" /><testcase classname="test_77_competences_deux_notes.TestSynthese" name="test_un_tiers_ne_lit_pas_le_dossier" time="0.003" /><testcase classname="test_77_competences_deux_notes.TestSynthese" name="test_chacun_lit_le_sien" time="0.006" /><testcase classname="test_77_competences_deux_notes.TestSynthese" name="test_le_tableau_d_un_role_est_ferme_de_la_meme_facon" time="0.004" /><testcase classname="test_77_competences_deux_notes.TestContexte" name="test_le_developpeur_est_reconnu_avec_ses_collaborateurs" time="0.004" /><testcase classname="test_77_competences_deux_notes.TestContexte" name="test_le_collaborateur_voit_SON_developpeur" time="0.003" /><testcase classname="test_77_competences_deux_notes.TestContexte" name="test_sans_session_c_est_401" time="0.001" /><testcase classname="test_77_competences_deux_notes.TestPlanDeFormation" name="test_le_contexte_ne_retient_que_les_activites_en_retard" time="0.026" /><testcase classname="test_77_competences_deux_notes.TestPlanDeFormation" name="test_sans_ecart_il_n_y_a_rien_a_combler" time="0.021" /><testcase classname="test_77_competences_deux_notes.TestPlanDeFormation" name="test_sans_cle_IA_un_plan_se_construit_quand_meme" time="0.024" /><testcase classname="test_77_competences_deux_notes.TestPlanDeFormation" name="test_il_s_enregistre_et_se_relit" time="0.056" /><testcase classname="test_77_competences_deux_notes.TestPlanDeFormation" name="test_il_n_y_a_qu_UN_plan_par_couple" time="0.075" /><testcase classname="test_77_competences_deux_notes.TestPlanDeFormation" name="test_le_collaborateur_ne_se_fabrique_pas_son_plan" time="0.006" /><testcase classname="test_77_competences_deux_notes.TestPlanDeFormation" name="test_il_peut_en_revanche_le_LIRE" time="0.014" /><testcase classname="test_77_competences_deux_notes.TestPlanDeFormation" name="test_un_tiers_ne_lit_rien" time="0.004" /><testcase classname="test_77_competences_deux_notes.TestPlanDeFormation" name="test_la_table_du_plan_existe_vraiment" time="0.001" /><testcase classname="test_77_competences_deux_notes.TestPlanDeFormation" name="test_role_inexistant_sur_lire_donne_404" time="0.004" /><testcase classname="test_77_competences_deux_notes.TestPlanDeFormation" name="test_payload_invalide_sur_proposer_et_enregistrer" time="0.003" /><testcase classname="test_77_competences_deux_notes.TestPlanDeFormation" name="test_enregistrer_avec_utilisateur_ou_role_inexistant_404" time="0.006" /><testcase classname="test_77_competences_deux_notes.TestPlanDeFormation" name="test_supprimer_est_reserve_a_qui_note" time="0.004" /><testcase classname="test_77_competences_deux_notes.TestPlanDeFormation" name="test_supprimer_efface_le_plan_enregistre" time="0.066" /><testcase classname="test_77_competences_deux_notes.TestPlanDeFormation" name="test_supprimer_un_plan_absent_ne_plante_pas" time="0.003" /><testcase classname="test_77_competences_deux_notes.TestPlanDeFormation" name="test_les_capacites_en_ecart_apparaissent_et_se_dedupliquent" time="0.043" /><testcase classname="test_77_competences_deux_notes.TestPlanDeFormation" name="test_avec_cle_IA_le_plan_vient_du_modele" time="0.024" /><testcase classname="test_77_competences_deux_notes.TestPlanDeFormation" name="test_avec_cle_IA_une_charge_non_numerique_ne_fait_pas_planter" time="0.024" /><testcase classname="test_77_competences_deux_notes.TestPlanDeFormation" name="test_capacites_en_ecart_survit_a_une_erreur_du_diagnostic" time="0.028" /><testcase classname="test_77_competences_deux_notes.TestPlanDeFormation" name="test_avec_cle_IA_une_exception_retombe_sur_le_repli" time="0.024" /><testcase classname="test_77_competences_deux_notes.TestPlanDeFormation" name="test_IA_sans_actions_exploitables_retombe_aussi_sur_le_repli" time="0.024" /><testcase classname="test_77_competences_deux_notes.TestCouvertureEtProfil" name="test_le_requis_tenu_donne_cent_pour_cent" time="0.022" /><testcase classname="test_77_competences_deux_notes.TestCouvertureEtProfil" name="test_un_niveau_sous_le_requis_fait_baisser_le_taux" time="0.020" /><testcase classname="test_77_competences_deux_notes.TestCouvertureEtProfil" name="test_un_depassement_ne_compense_pas" time="0.047" /><testcase classname="test_77_competences_deux_notes.TestCouvertureEtProfil" name="test_une_activite_non_evaluee_ne_compte_pas_comme_un_zero" time="0.014" /><testcase classname="test_77_competences_deux_notes.TestCouvertureEtProfil" name="test_le_profil_porte_un_axe_par_activite" time="0.021" /><testcase classname="test_77_competences_deux_notes.TestCouvertureEtProfil" name="test_une_activite_portee_par_deux_roles_ne_compte_qu_une_fois" time="0.018" /><testcase classname="test_77_competences_deux_notes.TestLePlanSuitLEcran" name="test_sous_le_seuil_d_autonomie_sans_requis_le_plan_voit_l_ecart" time="0.030" /><testcase classname="test_77_competences_deux_notes.TestLePlanSuitLEcran" name="test_une_activite_NON_EVALUEE_n_entre_jamais_dans_un_plan" time="0.013" /><testcase classname="test_77_competences_deux_notes.TestLePlanSuitLEcran" name="test_une_evaluation_PARTIELLE_non_plus" time="0.015" /><testcase classname="test_77_competences_deux_notes.TestPerimetreDeLaSynthese" name="test_un_role_d_une_autre_carto_ne_s_affiche_pas_a_zero" time="0.029" /><testcase classname="test_77_competences_deux_notes.TestPerimetreDeLaSynthese" name="test_les_totaux_suivent_les_roles_affiches" time="0.005" /><testcase classname="test_77_competences_deux_notes.TestLeRepliDitQuoiFaire" name="test_la_nature_suit_la_famille_de_capacite" time="0.000" /><testcase classname="test_77_competences_deux_notes.TestLeRepliDitQuoiFaire" name="test_l_objectif_n_est_pas_le_titre_repete" time="0.000" /><testcase classname="test_77_competences_deux_notes.TestLeRepliDitQuoiFaire" name="test_le_critere_vit_sur_la_mise_en_situation_seulement" time="0.000" /><testcase classname="test_77_competences_deux_notes.TestLeRepliDitQuoiFaire" name="test_la_mise_en_situation_produit_les_resultats_de_l_activite" time="0.000" /><testcase classname="test_77_competences_deux_notes.TestLeRepliDitQuoiFaire" name="test_un_standard_par_ligne" time="0.000" /><testcase classname="test_77_competences_deux_notes.TestLeRepliDitQuoiFaire" name="test_l_anglais_n_a_pas_de_guillemets_francais" time="0.000" /><testcase classname="test_77_competences_deux_notes.TestLeRepliDitQuoiFaire" name="test_chaque_action_a_une_charge" time="0.000" /><testcase classname="test_77_competences_deux_notes.TestLeRepliDitQuoiFaire" name="test_la_capacite_garde_le_resultat_qui_la_reclame" time="0.054" /><testcase classname="test_78_i18n_couverture.TestCataloguePython" name="test_les_deux_langues_portent_exactement_les_memes_cles" time="0.001" /><testcase classname="test_78_i18n_couverture.TestCataloguePython" name="test_aucune_traduction_vide" time="0.001" /><testcase classname="test_78_i18n_couverture.TestCataloguePython" name="test_les_variables_survivent_a_la_traduction" time="0.002" /><testcase classname="test_78_i18n_couverture.TestCataloguePython" name="test_aucune_cle_employee_dans_un_gabarit_n_est_absente" time="0.009" /><testcase classname="test_78_i18n_couverture.TestCataloguePython" name="test_aucune_cle_employee_dans_le_code_python_n_est_absente" time="0.019" /><testcase classname="test_78_i18n_couverture.TestCataloguePython" name="test_le_repli_rend_la_cle_et_jamais_une_autre_langue" time="0.000" /><testcase classname="test_78_i18n_couverture.TestInjectionsDesGabarits" name="test_chaque_valeur_injectee_passe_par_le_catalogue" time="0.005" /><testcase classname="test_78_i18n_couverture.TestInjectionsDesGabarits" name="test_aucune_traduction_entre_guillemets_dans_un_script" time="0.006" /><testcase classname="test_78_i18n_couverture.TestInjectionsDesGabarits" name="test_toute_cle_lue_par_le_js_est_injectee" time="0.496" /><testcase classname="test_78_i18n_couverture.TestCatalogueCompetences" name="test_les_deux_langues_portent_les_memes_cles" time="0.002" /><testcase classname="test_78_i18n_couverture.TestCatalogueCompetences" name="test_aucune_cle_employee_n_est_absente" time="0.004" /><testcase classname="test_78_i18n_couverture.TestCatalogueCompetences" name="test_le_catalogue_est_bien_garni" time="0.001" /><testcase classname="test_78_i18n_couverture.TestDataI18n" name="test_toute_cle_data_i18n_existe_dans_le_catalogue_js" time="0.003" /><testcase classname="test_78_i18n_couverture.TestRenduAnglais" name="test_le_jeu_de_pieges_est_consequent" time="0.001" /><testcase classname="test_78_i18n_couverture.TestRenduAnglais" name="test_aucune_phrase_francaise_sur_la_page_anglaise[/parametres/]" time="0.019" /><testcase classname="test_78_i18n_couverture.TestRenduAnglais" name="test_aucune_phrase_francaise_sur_la_page_anglaise[/activities/view]" time="0.092" /><testcase classname="test_78_i18n_couverture.TestRenduAnglais" name="test_aucune_phrase_francaise_sur_la_page_anglaise[/gestion_rh/]" time="0.018" /><testcase classname="test_78_i18n_couverture.TestRenduAnglais" name="test_aucune_phrase_francaise_sur_la_page_anglaise[/roles_view/]" time="0.027" /><testcase classname="test_78_i18n_couverture.TestRenduAnglais" name="test_aucune_phrase_francaise_sur_la_page_anglaise[/competences/view]" time="0.015" /><testcase classname="test_78_i18n_couverture.TestRenduAnglais" name="test_aucune_phrase_francaise_sur_la_page_anglaise[/temps/]" time="0.020" /><testcase classname="test_78_i18n_couverture.TestRenduAnglais" name="test_aucune_phrase_francaise_sur_la_page_anglaise[/gestion_outils/]" time="0.013" /><testcase classname="test_78_i18n_couverture.TestRenduAnglais" name="test_aucune_phrase_francaise_sur_la_page_anglaise[/share/]" time="0.015" /><testcase classname="test_78_i18n_couverture.TestRenduAnglais" name="test_aucune_phrase_francaise_sur_la_page_anglaise[/projection_metier/]" time="0.015" /><testcase classname="test_78_i18n_couverture.TestRenduAnglais" name="test_aucune_phrase_francaise_sur_la_page_anglaise[/cartography/viewer]" time="0.015" /><testcase classname="test_78_i18n_couverture.TestRenduAnglais" name="test_aucune_phrase_francaise_sur_la_page_anglaise[/activities/map]" time="0.059" /><testcase classname="test_78_i18n_couverture.TestRenduAnglais" name="test_la_page_francaise_reste_francaise" time="0.009" /><testcase classname="test_78_i18n_couverture.TestFrancaisEnDur" name="test_aucun_gabarit_neuf_ne_porte_du_francais_en_dur" time="0.021" /><testcase classname="test_78_i18n_couverture.TestFrancaisEnDur" name="test_la_dette_ne_grandit_pas[chatbot_widget.html]" time="0.001" /><testcase classname="test_78_i18n_couverture.TestFrancaisEnDur" name="test_la_dette_ne_grandit_pas[import_tasks_modal.html]" time="0.001" /><testcase classname="test_78_i18n_couverture.TestFrancaisEnDur" name="test_la_dette_ne_grandit_pas[license_blocked.html]" time="0.001" /><testcase classname="test_78_i18n_couverture.TestFrancaisEnDur" name="test_la_dette_ne_grandit_pas[projection_metier.html]" time="0.001" /><testcase classname="test_78_i18n_couverture.TestFrancaisEnDur" name="test_la_dette_ne_grandit_pas[settings.html]" time="0.001" /><testcase classname="test_78_i18n_couverture.TestFrancaisEnDur" name="test_la_dette_ne_grandit_pas[setup_wizard.html]" time="0.001" /><testcase classname="test_78_i18n_couverture.TestFrancaisEnDur" name="test_l_inventaire_suit_la_realite" time="0.002" /><testcase classname="test_79_carto_consultation.TestCeQueLEditeurRefuse" name="test_le_depot_d_une_forme_est_refuse_en_lecture_seule" time="0.001" /><testcase classname="test_79_carto_consultation.TestCeQueLEditeurRefuse" name="test_on_ne_peut_meme_pas_tirer_la_forme_depuis_la_barre" time="0.001" /><testcase classname="test_79_carto_consultation.TestCeQueLEditeurRefuse" name="test_les_fonctions_qui_ecrivent_se_refusent_elles_memes[function undo() {]" time="0.001" /><testcase classname="test_79_carto_consultation.TestCeQueLEditeurRefuse" name="test_les_fonctions_qui_ecrivent_se_refusent_elles_memes[function redo() {]" time="0.001" /><testcase classname="test_79_carto_consultation.TestCeQueLEditeurRefuse" name="test_les_fonctions_qui_ecrivent_se_refusent_elles_memes[function deleteSelected() {]" time="0.001" /><testcase classname="test_79_carto_consultation.TestCeQueLEditeurRefuse" name="test_les_fonctions_qui_ecrivent_se_refusent_elles_memes[function createGroup() {]" time="0.001" /><testcase classname="test_79_carto_consultation.TestCeQueLEditeurRefuse" name="test_les_fonctions_qui_ecrivent_se_refusent_elles_memes[function createPile() {]" time="0.001" /><testcase classname="test_79_carto_consultation.TestCeQueLEditeurRefuse" name="test_les_fonctions_qui_ecrivent_se_refusent_elles_memes[async function saveJSON() {]" time="0.001" /><testcase classname="test_79_carto_consultation.TestLeZoomNePeutPasValoirZero" name="test_fitview_borne_le_facteur_et_refuse_un_canevas_degenere" time="0.001" /><testcase classname="test_79_carto_consultation.TestLeZoomNePeutPasValoirZero" name="test_screentosvg_ne_divise_jamais_par_zero" time="0.001" /><testcase classname="test_79_carto_consultation.TestLeZoomNePeutPasValoirZero" name="test_la_vue_ne_peut_plus_devenir_illisible" time="0.001" /><testcase classname="test_79_carto_consultation.TestLeZoomNePeutPasValoirZero" name="test_le_depot_refuse_un_point_hors_des_nombres" time="0.001" /><testcase classname="test_79_carto_consultation.TestLeDefilementAuBordSArrete" name="test_la_fin_d_un_geste_coupe_le_defilement[mouseup]" time="0.001" /><testcase classname="test_79_carto_consultation.TestLeDefilementAuBordSArrete" name="test_la_fin_d_un_geste_coupe_le_defilement[dragstart]" time="0.001" /><testcase classname="test_79_carto_consultation.TestLeDefilementAuBordSArrete" name="test_la_fin_d_un_geste_coupe_le_defilement[dragend]" time="0.001" /><testcase classname="test_79_carto_consultation.TestLeDefilementAuBordSArrete" name="test_la_fin_d_un_geste_coupe_le_defilement[drop]" time="0.001" /><testcase classname="test_79_carto_consultation.TestLeDefilementAuBordSArrete" name="test_la_fin_d_un_geste_coupe_le_defilement[blur]" time="0.001" /><testcase classname="test_79_carto_consultation.TestLeDefilementAuBordSArrete" name="test_l_animation_en_cours_est_bien_annulee" time="0.001" /><testcase classname="test_79_carto_consultation.TestLaBarreDOutilsEnConsultation" name="test_le_controle_est_masque[btn-undo]" time="0.001" /><testcase classname="test_79_carto_consultation.TestLaBarreDOutilsEnConsultation" name="test_le_controle_est_masque[btn-redo]" time="0.001" /><testcase classname="test_79_carto_consultation.TestLaBarreDOutilsEnConsultation" name="test_le_controle_est_masque[btn-lasso-select]" time="0.001" /><testcase classname="test_79_carto_consultation.TestLaBarreDOutilsEnConsultation" name="test_le_controle_est_masque[tb-section--create]" time="0.001" /><testcase classname="test_79_carto_consultation.TestLaBarreDOutilsEnConsultation" name="test_le_controle_est_masque[label-pos-ctl]" time="0.000" /><testcase classname="test_79_carto_consultation.TestLaBarreDOutilsEnConsultation" name="test_le_controle_est_masque[btn-architect]" time="0.001" /><testcase classname="test_79_carto_consultation.TestLaBarreDOutilsEnConsultation" name="test_le_controle_est_masque[btn-delete]" time="0.001" /><testcase classname="test_79_carto_consultation.TestLaBarreDOutilsEnConsultation" name="test_le_controle_est_masque[btn-save]" time="0.001" /><testcase classname="test_79_carto_consultation.TestLaBarreDOutilsEnConsultation" name="test_le_controle_est_masque[btn-load]" time="0.001" /><testcase classname="test_79_carto_consultation.TestLaBarreDOutilsEnConsultation" name="test_le_controle_est_masque[btn-import-vsdx]" time="0.001" /><testcase classname="test_79_carto_consultation.TestLaBarreDOutilsEnConsultation" name="test_ce_qui_reste_n_est_pas_masque[#btn-export-svg]" time="0.000" /><testcase classname="test_79_carto_consultation.TestLaBarreDOutilsEnConsultation" name="test_ce_qui_reste_n_est_pas_masque[#btn-export-pdf]" time="0.000" /><testcase classname="test_79_carto_consultation.TestLaBarreDOutilsEnConsultation" name="test_ce_qui_reste_n_est_pas_masque[#btn-export-carto]" time="0.000" /><testcase classname="test_79_carto_consultation.TestLaBarreDOutilsEnConsultation" name="test_ce_qui_reste_n_est_pas_masque[#btn-fit]" time="0.000" /><testcase classname="test_79_carto_consultation.TestLaBarreDOutilsEnConsultation" name="test_ce_qui_reste_n_est_pas_masque[#btn-folder-toggle]" time="0.000" /><testcase classname="test_79_carto_consultation.TestLaBarreDOutilsEnConsultation" name="test_ce_qui_reste_n_est_pas_masque[#btn-right-panel-open]" time="0.000" /><testcase classname="test_79_carto_consultation.TestLaBarreDOutilsEnConsultation" name="test_les_boutons_restent_dans_le_document" time="0.000" /><testcase classname="test_79_carto_consultation.TestLaBarreDOutilsEnConsultation" name="test_la_mini_map_reste_dessinee_en_consultation" time="0.001" /><testcase classname="test_79_carto_consultation.TestLaBarreDOutilsEnConsultation" name="test_le_panneau_proprietes_est_verrouille_une_fois_pour_toutes" time="0.001" /><testcase classname="test_79_carto_consultation.TestLeGabaritDitLePalier" name="test_seule_la_consultation_porte_la_classe[user-True]" time="0.323" /><testcase classname="test_79_carto_consultation.TestLeGabaritDitLePalier" name="test_seule_la_consultation_porte_la_classe[champion-False]" time="0.169" /><testcase classname="test_79_carto_consultation.TestLeGabaritDitLePalier" name="test_seule_la_consultation_porte_la_classe[coordinateur-False]" time="0.174" /><testcase classname="test_79_carto_consultation.TestLeGabaritDitLePalier" name="test_seule_la_consultation_porte_la_classe[admin-False]" time="0.172" /><testcase classname="test_79_carto_consultation.TestLeGabaritDitLePalier" name="test_les_comptes_du_banc_sont_nettoyes" time="0.014" /><testcase classname="test_80_rh_acces_et_dev.TestUnRoleSurPlusieursCartos" name="test_la_liste_dit_ce_que_le_role_ouvre_deja" time="0.507" /><testcase classname="test_80_rh_acces_et_dev.TestUnRoleSurPlusieursCartos" name="test_une_seule_manoeuvre_ouvre_DEUX_cartos" time="0.472" /><testcase classname="test_80_rh_acces_et_dev.TestUnRoleSurPlusieursCartos" name="test_une_carto_privee_devient_commune_et_on_le_DIT" time="0.460" /><testcase classname="test_80_rh_acces_et_dev.TestUnRoleSurPlusieursCartos" name="test_decocher_referme" time="0.503" /><testcase classname="test_80_rh_acces_et_dev.TestUnRoleSurPlusieursCartos" name="test_regler_un_role_ne_touche_pas_les_AUTRES_roles" time="0.511" /><testcase classname="test_80_rh_acces_et_dev.TestUnRoleSurPlusieursCartos" name="test_l_ecran_annonce_la_carto_ouverte_a_TOUS" time="0.535" /><testcase classname="test_80_rh_acces_et_dev.TestUnRoleSurPlusieursCartos" name="test_un_user_ne_regle_rien" time="0.488" /><testcase classname="test_80_rh_acces_et_dev.TestUnRoleSurPlusieursCartos" name="test_une_carto_qu_on_ne_gere_pas_est_refusee" time="0.637" /><testcase classname="test_80_rh_acces_et_dev.TestDeveloppeurParRole" name="test_on_pose_un_developpeur_sur_UN_role" time="0.477" /><testcase classname="test_80_rh_acces_et_dev.TestDeveloppeurParRole" name="test_on_le_retire" time="0.543" /><testcase classname="test_80_rh_acces_et_dev.TestDeveloppeurParRole" name="test_deux_roles_deux_developpeurs" time="0.550" /><testcase classname="test_80_rh_acces_et_dev.TestDeveloppeurParRole" name="test_un_role_que_la_personne_ne_tient_pas_est_refuse" time="0.483" /><testcase classname="test_80_rh_acces_et_dev.TestDeveloppeurParRole" name="test_on_ne_se_suit_pas_soi_meme" time="0.468" /><testcase classname="test_80_rh_acces_et_dev.TestDeveloppeurParRole" name="test_un_user_ne_pose_aucun_developpeur" time="0.491" /><testcase classname="test_80_rh_acces_et_dev.TestDeveloppeurParRole" name="test_le_developpeur_par_role_est_bien_celui_qui_ENCADRE" time="0.485" /><testcase classname="test_80_rh_acces_et_dev.TestLaPorteeDUnDeveloppeur" name="test_tous_ses_roles_pose_le_lien_global_ET_chaque_role" time="0.505" /><testcase classname="test_80_rh_acces_et_dev.TestLaPorteeDUnDeveloppeur" name="test_restreindre_a_un_role_DISSOUT_le_lien_global" time="0.536" /><testcase classname="test_80_rh_acces_et_dev.TestLaPorteeDUnDeveloppeur" name="test_restreindre_n_efface_pas_l_AUTRE_developpeur" time="0.479" /><testcase classname="test_80_rh_acces_et_dev.TestLaPorteeDUnDeveloppeur" name="test_on_retire_le_developpeur_de_partout" time="0.491" /><testcase classname="test_80_rh_acces_et_dev.TestLaPorteeDUnDeveloppeur" name="test_poser_un_developpeur_PAR_ROLE_dissout_aussi_le_lien_global" time="0.491" /><testcase classname="test_80_rh_acces_et_dev.TestLaPorteeDUnDeveloppeur" name="test_un_role_que_la_personne_ne_tient_pas_est_refuse" time="0.471" /><testcase classname="test_80_rh_acces_et_dev.TestLaPorteeDUnDeveloppeur" name="test_on_ne_se_suit_pas_soi_meme" time="0.504" /><testcase classname="test_80_rh_acces_et_dev.TestLaPorteeDUnDeveloppeur" name="test_un_user_ne_regle_aucune_portee" time="0.494" /><testcase classname="test_80_rh_acces_et_dev.TestPlusieursDeveloppeurs" name="test_deux_developpeurs_sur_deux_roles" time="0.647" /><testcase classname="test_80_rh_acces_et_dev.TestPlusieursDeveloppeurs" name="test_un_role_ne_porte_qu_un_developpeur" time="0.498" /><testcase classname="test_80_rh_acces_et_dev.TestPlusieursDeveloppeurs" name="test_le_tableau_rend_le_developpeur_de_chaque_role" time="0.607" /><testcase classname="test_81_droits_reglables.TestLeDefautEstLeComportementDHier" name="test_sans_reglage_chaque_palier_retrouve_ses_droits" time="0.667" /><testcase classname="test_81_droits_reglables.TestLeDefautEstLeComportementDHier" name="test_un_reglage_illisible_retombe_sur_le_defaut" time="0.670" /><testcase classname="test_81_droits_reglables.TestReglerChangeLeComportement" name="test_ouvrir_la_proposition_au_palier_user" time="0.678" /><testcase classname="test_81_droits_reglables.TestReglerChangeLeComportement" name="test_fermer_la_page_rh_au_coordinateur" time="0.648" /><testcase classname="test_81_droits_reglables.TestReglerChangeLeComportement" name="test_l_editeur_suit_le_tableau" time="0.784" /><testcase classname="test_81_droits_reglables.TestLesGardeFous" name="test_l_administrateur_garde_tout_meme_si_on_demande_le_contraire" time="0.712" /><testcase classname="test_81_droits_reglables.TestLesGardeFous" name="test_seul_l_administrateur_ecrit" time="0.652" /><testcase classname="test_81_droits_reglables.TestLesGardeFous" name="test_un_user_ne_lit_meme_pas_le_tableau" time="0.638" /><testcase classname="test_81_droits_reglables.TestLesGardeFous" name="test_on_ne_stocke_que_les_ECARTS" time="0.632" /><testcase classname="test_81_droits_reglables.TestLesGardeFous" name="test_revenir_au_defaut_efface_l_ecart" time="0.654" /><testcase classname="test_81_droits_reglables.TestLesGardeFous" name="test_le_tableau_rendu_porte_les_quatre_paliers" time="0.596" /><testcase classname="test_82_traduction_competences_rh.TestLeRoleSystemeSeTraduit" name="test_le_developpeur_de_competences_vient_du_catalogue" time="0.002" /><testcase classname="test_82_traduction_competences_rh.TestLeRoleSystemeSeTraduit" name="test_un_role_metier_prend_la_traduction_en_cache_sans_appeler_l_IA" time="0.002" /><testcase classname="test_82_traduction_competences_rh.TestLeRoleSystemeSeTraduit" name="test_la_page_RH_anglaise_n_affiche_plus_le_role_en_francais" time="0.182" /><testcase classname="test_82_traduction_competences_rh.TestLaCompetenceDansLesDeuxLangues" name="test_les_deux_versions_sont_gardees_et_chacun_lit_la_sienne" time="0.172" /><testcase classname="test_82_traduction_competences_rh.TestLaCompetenceDansLesDeuxLangues" name="test_une_competence_d_avant_s_affiche_telle_quelle" time="0.160" /><testcase classname="test_82_traduction_competences_rh.TestLaTypographieSuitLaLangue" name="test_pas_de_deux_points_a_la_francaise_ecrits_en_dur[static/js/competences_v2.js]" time="0.002" /><testcase classname="test_82_traduction_competences_rh.TestLaTypographieSuitLaLangue" name="test_pas_de_deux_points_a_la_francaise_ecrits_en_dur[static/js/gestion_rh.js]" time="0.002" /><testcase classname="test_82_traduction_competences_rh.TestLaTypographieSuitLaLangue" name="test_l_abreviation_de_semaine_suit_la_langue" time="0.002" /><testcase classname="test_82_traduction_competences_rh.TestLesAttributsSontTraduits" name="test_aucun_libelle_d_accessibilite_ecrit_en_dur[competences_view.html]" time="0.002" /><testcase classname="test_82_traduction_competences_rh.TestLesAttributsSontTraduits" name="test_aucun_libelle_d_accessibilite_ecrit_en_dur[gestion_rh.html]" time="0.002" /><testcase classname="test_82_traduction_competences_rh.TestLesAttributsSontTraduits" name="test_aucun_libelle_d_accessibilite_ecrit_en_dur[header_buttons.html]" time="0.002" /><testcase classname="test_82_traduction_competences_rh.TestLesAttributsSontTraduits" name="test_le_titre_de_l_onglet_suit_la_langue" time="0.002" /><testcase classname="test_83_journal_dans_la_langue_du_lecteur.TestLeJournalSeLitDansLaLangueDuLecteur" name="test_une_creation_ecrite_en_francais_se_lit_en_anglais" time="0.014" /><testcase classname="test_83_journal_dans_la_langue_du_lecteur.TestLeJournalSeLitDansLaLangueDuLecteur" name="test_un_ancien_evenement_sans_nom_retrouve_le_sien_dans_son_libelle" time="0.009" /><testcase classname="test_83_journal_dans_la_langue_du_lecteur.TestLeJournalSeLitDansLaLangueDuLecteur" name="test_les_champs_d_un_avant_apres_se_traduisent" time="0.010" /><testcase classname="test_83_journal_dans_la_langue_du_lecteur.TestLeJournalSeLitDansLaLangueDuLecteur" name="test_un_type_inconnu_garde_son_libelle" time="0.010" /><testcase classname="test_83_journal_dans_la_langue_du_lecteur.TestLeJournalSeLitDansLaLangueDuLecteur" name="test_une_modification_garde_desormais_le_nom_et_des_cles_de_champ" time="0.013" /><testcase classname="test_83_journal_dans_la_langue_du_lecteur.TestLaPageDeConnexion" name="test_le_titre_de_l_onglet_suit_la_langue" time="0.002" /><testcase classname="test_84_import_hub.TestLectureTelleQuelle" name="test_un_fichier_au_format_attendu_est_lu_tel_quel" time="0.616" /><testcase classname="test_84_import_hub.TestLectureTelleQuelle" name="test_l_en_tete_peut_etre_plus_bas_et_en_anglais" time="0.695" /><testcase classname="test_84_import_hub.TestLectureTelleQuelle" name="test_un_csv_au_point_virgule_encode_a_la_windows" time="0.621" /><testcase classname="test_84_import_hub.TestLectureTelleQuelle" name="test_ce_qui_n_est_pas_reconnu_n_est_pas_devine" time="0.676" /><testcase classname="test_84_import_hub.TestLectureTelleQuelle" name="test_les_cellules_fusionnees_propagent_l_activite" time="0.645" /><testcase classname="test_84_import_hub.TestLectureTelleQuelle" name="test_les_mentions_d_absence_disparaissent_des_la_lecture" time="0.650" /><testcase classname="test_84_import_hub.TestLectureTelleQuelle" name="test_un_format_non_pris_en_charge_est_refuse_proprement" time="0.605" /><testcase classname="test_84_import_hub.TestLesCollaborateursRestentALaPageComptes" name="test_une_liste_de_personnes_n_est_pas_lue_comme_des_roles[entetes0-valeurs0]" time="0.660" /><testcase classname="test_84_import_hub.TestLesCollaborateursRestentALaPageComptes" name="test_une_liste_de_personnes_n_est_pas_lue_comme_des_roles[entetes1-valeurs1]" time="0.650" /><testcase classname="test_84_import_hub.TestLesCollaborateursRestentALaPageComptes" name="test_une_liste_de_personnes_n_est_pas_lue_comme_des_roles[entetes2-valeurs2]" time="0.661" /><testcase classname="test_84_import_hub.TestLesCollaborateursRestentALaPageComptes" name="test_un_role_au_nom_compose_n_est_pas_une_personne" time="0.641" /><testcase classname="test_84_import_hub.TestLesCollaborateursRestentALaPageComptes" name="test_un_tableau_de_taches_complet_l_emporte" time="0.644" /><testcase classname="test_84_import_hub.TestLesCollaborateursRestentALaPageComptes" name="test_l_utilisateur_peut_passer_outre" time="0.619" /><testcase classname="test_84_import_hub.TestLesCollaborateursRestentALaPageComptes" name="test_la_carte_ne_propose_pas_les_comptes" time="0.589" /><testcase classname="test_84_import_hub.TestLesComptesSImportentDepuisLaPageComptes" name="test_le_contexte_de_la_page_comptes_n_offre_que_les_comptes" time="0.591" /><testcase classname="test_84_import_hub.TestLesComptesSImportentDepuisLaPageComptes" name="test_une_liste_de_personnes_y_est_lue_comme_telle" time="0.594" /><testcase classname="test_84_import_hub.TestLesComptesSImportentDepuisLaPageComptes" name="test_un_nom_complet_se_scinde_selon_les_capitales" time="0.625" /><testcase classname="test_84_import_hub.TestLesComptesSImportentDepuisLaPageComptes" name="test_les_comptes_se_verifient_sans_aucune_carto" time="0.683" /><testcase classname="test_84_import_hub.TestLesComptesSImportentDepuisLaPageComptes" name="test_un_role_inconnu_est_signale_ou_annonce" time="0.685" /><testcase classname="test_84_import_hub.TestLesComptesSImportentDepuisLaPageComptes" name="test_des_comptes_avec_leur_role_et_leurs_identifiants" time="1.301" /><testcase classname="test_84_import_hub.TestLesComptesSImportentDepuisLaPageComptes" name="test_le_statut_se_reverifie_a_l_import" time="0.663" /><testcase classname="test_84_import_hub.TestLesComptesSImportentDepuisLaPageComptes" name="test_qui_ne_cree_pas_de_comptes_n_en_importe_pas" time="0.654" /><testcase classname="test_84_import_hub.TestImportMultiple" name="test_chaque_feuille_est_reconnue" time="0.633" /><testcase classname="test_84_import_hub.TestImportMultiple" name="test_une_feuille_ambigue_le_dit" time="0.638" /><testcase classname="test_84_import_hub.TestImportMultiple" name="test_la_nature_se_corrige_et_la_feuille_est_relue" time="0.694" /><testcase classname="test_84_import_hub.TestOrganiserAvecLIA" name="test_les_valeurs_viennent_du_fichier" time="0.703" /><testcase classname="test_84_import_hub.TestOrganiserAvecLIA" name="test_l_ia_ne_peut_pas_glisser_de_lignes" time="0.671" /><testcase classname="test_84_import_hub.TestOrganiserAvecLIA" name="test_une_colonne_hors_du_fichier_est_ecartee" time="0.615" /><testcase classname="test_84_import_hub.TestOrganiserAvecLIA" name="test_sans_ia_un_refus_explicite" time="0.607" /><testcase classname="test_84_import_hub.TestOrganiserAvecLIA" name="test_rapprocher_propose_sans_appliquer" time="0.623" /><testcase classname="test_84_import_hub.TestOrganiserAvecLIA" name="test_la_justification_est_ecrite_dans_la_langue_de_l_ecran[fr-fran\xe7ais]" time="0.630" /><testcase classname="test_84_import_hub.TestOrganiserAvecLIA" name="test_la_justification_est_ecrite_dans_la_langue_de_l_ecran[en-English]" time="0.694" /><testcase classname="test_84_import_hub.TestVerifier" name="test_le_statut_d_un_role_ne_depend_pas_des_cartos_visees" time="0.648" /><testcase classname="test_84_import_hub.TestVerifier" name="test_la_traduction_d_un_role_compte_comme_le_role" time="0.685" /><testcase classname="test_84_import_hub.TestVerifier" name="test_une_carto_ou_l_on_n_ecrit_pas_n_est_jamais_visee" time="0.693" /><testcase classname="test_84_import_hub.TestVerifier" name="test_les_taches_se_rattachent_a_leur_activite" time="0.698" /><testcase classname="test_84_import_hub.TestVerifier" name="test_le_choix_de_l_utilisateur_l_emporte" time="0.663" /><testcase classname="test_84_import_hub.TestImporter" name="test_des_roles_dans_deux_cartos_hors_de_la_carte" time="0.696" /><testcase classname="test_84_import_hub.TestImporter" name="test_un_role_importe_survit_a_l_enregistrement_de_la_carte" time="0.678" /><testcase classname="test_84_import_hub.TestImporter" name="test_des_taches_avec_leurs_outils_roles_et_competences" time="0.826" /><testcase classname="test_84_import_hub.TestImporter" name="test_une_tache_ne_va_que_la_ou_son_activite_existe" time="0.676" /><testcase classname="test_84_import_hub.TestImporter" name="test_un_import_multiple_ordonne_ses_ecritures" time="0.796" /><testcase classname="test_84_import_hub.TestImporter" name="test_une_part_qui_echoue_n_en_laisse_aucune" time="0.628" /><testcase classname="test_84_import_hub.TestLesRolesDejaEnBase" name="test_la_reprise_ne_marque_que_ce_qui_n_est_pas_une_bande" time="0.656" /><testcase classname="test_84_import_hub.TestLAncienneRouteDImport" name="test_ecrire_demande_le_droit_d_ecrire" time="0.642" /><testcase classname="test_84_import_hub.TestDroits" name="test_anonyme" time="0.003" /><testcase classname="test_84_import_hub.TestDroits" name="test_sans_carto_ou_ecrire_rien_ne_s_importe" time="0.983" /><testcase classname="test_84_import_hub.TestDroits" name="test_le_contexte_parle_la_langue_de_l_ecran" time="0.649" /><testcase classname="test_84_import_hub.TestLeModeleSeRelit" name="test_chaque_modele_est_reconnu[fr]" time="0.855" /><testcase classname="test_84_import_hub.TestLeModeleSeRelit" name="test_chaque_modele_est_reconnu[en]" time="0.773" /><testcase classname="test_84_import_hub.TestLaFenetre" name="test_la_page_carte_ouvre_la_nouvelle_fenetre" time="0.641" /><testcase classname="test_84_import_hub.TestLaFenetre" name="test_les_libelles_construits_existent_dans_les_deux_langues" time="0.002" /><testcase classname="test_84_import_hub.TestLaFenetre" name="test_le_prompt_existe" time="0.002" /><testcase classname="test_85_gabarits_bien_formes" name="test_il_y_a_des_gabarits_a_relire" time="0.001" /><testcase classname="test_85_gabarits_bien_formes" name="test_chaque_commentaire_html_est_ferme_et_ouvert[activities_map.html]" time="0.001" /><testcase classname="test_85_gabarits_bien_formes" name="test_chaque_commentaire_html_est_ferme_et_ouvert[activity_aptitudes.html]" time="0.001" /><testcase classname="test_85_gabarits_bien_formes" name="test_chaque_commentaire_html_est_ferme_et_ouvert[activity_card_new.html]" time="0.001" /><testcase classname="test_85_gabarits_bien_formes" name="test_chaque_commentaire_html_est_ferme_et_ouvert[activity_cards_partial.html]" time="0.001" /><testcase classname="test_85_gabarits_bien_formes" name="test_chaque_commentaire_html_est_ferme_et_ouvert[activity_competencies.html]" time="0.001" /><testcase classname="test_85_gabarits_bien_formes" name="test_chaque_commentaire_html_est_ferme_et_ouvert[activity_constraints.html]" time="0.001" /><testcase classname="test_85_gabarits_bien_formes" name="test_chaque_commentaire_html_est_ferme_et_ouvert[activity_savoirs.html]" time="0.001" /><testcase classname="test_85_gabarits_bien_formes" name="test_chaque_commentaire_html_est_ferme_et_ouvert[activity_savoirs_faires.html]" time="0.001" /><testcase classname="test_85_gabarits_bien_formes" name="test_chaque_commentaire_html_est_ferme_et_ouvert[activity_softskills.html]" time="0.001" /><testcase classname="test_85_gabarits_bien_formes" name="test_chaque_commentaire_html_est_ferme_et_ouvert[activity_time_new.html]" time="0.001" /><testcase classname="test_85_gabarits_bien_formes" name="test_chaque_commentaire_html_est_ferme_et_ouvert[aptitudes_modal.html]" time="0.001" /><testcase classname="test_85_gabarits_bien_formes" name="test_chaque_commentaire_html_est_ferme_et_ouvert[carto_acces_modal.html]" time="0.001" /><testcase classname="test_85_gabarits_bien_formes" name="test_chaque_commentaire_html_est_ferme_et_ouvert[carto_decision_popup.html]" time="0.001" /><testcase classname="test_85_gabarits_bien_formes" name="test_chaque_commentaire_html_est_ferme_et_ouvert[carto_examen_modal.html]" time="0.001" /><testcase classname="test_85_gabarits_bien_formes" name="test_chaque_commentaire_html_est_ferme_et_ouvert[cartography_editor.html]" time="0.001" /><testcase classname="test_85_gabarits_bien_formes" name="test_chaque_commentaire_html_est_ferme_et_ouvert[cartography_viewer.html]" time="0.001" /><testcase classname="test_85_gabarits_bien_formes" name="test_chaque_commentaire_html_est_ferme_et_ouvert[chatbot_widget.html]" time="0.001" /><testcase classname="test_85_gabarits_bien_formes" name="test_chaque_commentaire_html_est_ferme_et_ouvert[competence_role_section.html]" time="0.001" /><testcase classname="test_85_gabarits_bien_formes" name="test_chaque_commentaire_html_est_ferme_et_ouvert[competences_view.html]" time="0.001" /><testcase classname="test_85_gabarits_bien_formes" name="test_chaque_commentaire_html_est_ferme_et_ouvert[competency_modal.html]" time="0.001" /><testcase classname="test_85_gabarits_bien_formes" name="test_chaque_commentaire_html_est_ferme_et_ouvert[connexion.html]" time="0.001" /><testcase classname="test_85_gabarits_bien_formes" name="test_chaque_commentaire_html_est_ferme_et_ouvert[constraints_partial.html]" time="0.001" /><testcase classname="test_85_gabarits_bien_formes" name="test_chaque_commentaire_html_est_ferme_et_ouvert[display_list.html]" time="0.001" /><testcase classname="test_85_gabarits_bien_formes" name="test_chaque_commentaire_html_est_ferme_et_ouvert[entity_share_popup.html]" time="0.001" /><testcase classname="test_85_gabarits_bien_formes" name="test_chaque_commentaire_html_est_ferme_et_ouvert[gestion_compte_new.html]" time="0.001" /><testcase classname="test_85_gabarits_bien_formes" name="test_chaque_commentaire_html_est_ferme_et_ouvert[gestion_outils.html]" time="0.001" /><testcase classname="test_85_gabarits_bien_formes" name="test_chaque_commentaire_html_est_ferme_et_ouvert[gestion_rh.html]" time="0.001" /><testcase classname="test_85_gabarits_bien_formes" name="test_chaque_commentaire_html_est_ferme_et_ouvert[global_flat_summary.html]" time="0.001" /><testcase classname="test_85_gabarits_bien_formes" name="test_chaque_commentaire_html_est_ferme_et_ouvert[global_users_summary.html]" time="0.001" /><testcase classname="test_85_gabarits_bien_formes" name="test_chaque_commentaire_html_est_ferme_et_ouvert[header_buttons.html]" time="0.001" /><testcase classname="test_85_gabarits_bien_formes" name="test_chaque_commentaire_html_est_ferme_et_ouvert[import_hub_modal.html]" time="0.001" /><testcase classname="test_85_gabarits_bien_formes" name="test_chaque_commentaire_html_est_ferme_et_ouvert[import_tasks_modal.html]" time="0.001" /><testcase classname="test_85_gabarits_bien_formes" name="test_chaque_commentaire_html_est_ferme_et_ouvert[license_blocked.html]" time="0.001" /><testcase classname="test_85_gabarits_bien_formes" name="test_chaque_commentaire_html_est_ferme_et_ouvert[modals_and_spinner.html]" time="0.001" /><testcase classname="test_85_gabarits_bien_formes" name="test_chaque_commentaire_html_est_ferme_et_ouvert[page_banner.html]" time="0.001" /><testcase classname="test_85_gabarits_bien_formes" name="test_chaque_commentaire_html_est_ferme_et_ouvert[performance_perso_block.html]" time="0.001" /><testcase classname="test_85_gabarits_bien_formes" name="test_chaque_commentaire_html_est_ferme_et_ouvert[projection_metier.html]" time="0.001" /><testcase classname="test_85_gabarits_bien_formes" name="test_chaque_commentaire_html_est_ferme_et_ouvert[proposal_modal.html]" time="0.001" /><testcase classname="test_85_gabarits_bien_formes" name="test_chaque_commentaire_html_est_ferme_et_ouvert[reset_password.html]" time="0.001" /><testcase classname="test_85_gabarits_bien_formes" name="test_chaque_commentaire_html_est_ferme_et_ouvert[roles_modal.html]" time="0.001" /><testcase classname="test_85_gabarits_bien_formes" name="test_chaque_commentaire_html_est_ferme_et_ouvert[roles_view.html]" time="0.001" /><testcase classname="test_85_gabarits_bien_formes" name="test_chaque_commentaire_html_est_ferme_et_ouvert[savoir_faires_modal.html]" time="0.001" /><testcase classname="test_85_gabarits_bien_formes" name="test_chaque_commentaire_html_est_ferme_et_ouvert[savoirs_modal.html]" time="0.001" /><testcase classname="test_85_gabarits_bien_formes" name="test_chaque_commentaire_html_est_ferme_et_ouvert[script_loader.html]" time="0.001" /><testcase classname="test_85_gabarits_bien_formes" name="test_chaque_commentaire_html_est_ferme_et_ouvert[settings.html]" time="0.001" /><testcase classname="test_85_gabarits_bien_formes" name="test_chaque_commentaire_html_est_ferme_et_ouvert[setup_wizard.html]" time="0.001" /><testcase classname="test_85_gabarits_bien_formes" name="test_chaque_commentaire_html_est_ferme_et_ouvert[sf_sv_body.html]" time="0.001" /><testcase classname="test_85_gabarits_bien_formes" name="test_chaque_commentaire_html_est_ferme_et_ouvert[share.html]" time="0.001" /><testcase classname="test_85_gabarits_bien_formes" name="test_chaque_commentaire_html_est_ferme_et_ouvert[softskills_partial.html]" time="0.001" /><testcase classname="test_85_gabarits_bien_formes" name="test_chaque_commentaire_html_est_ferme_et_ouvert[tasks_partial.html]" time="0.001" /><testcase classname="test_85_gabarits_bien_formes" name="test_chaque_commentaire_html_est_ferme_et_ouvert[test_panel/_macros.html]" time="0.001" /><testcase classname="test_85_gabarits_bien_formes" name="test_chaque_commentaire_html_est_ferme_et_ouvert[test_panel/base.html]" time="0.001" /><testcase classname="test_85_gabarits_bien_formes" name="test_chaque_commentaire_html_est_ferme_et_ouvert[test_panel/case.html]" time="0.001" /><testcase classname="test_85_gabarits_bien_formes" name="test_chaque_commentaire_html_est_ferme_et_ouvert[test_panel/journal.html]" time="0.001" /><testcase classname="test_85_gabarits_bien_formes" name="test_chaque_commentaire_html_est_ferme_et_ouvert[test_panel/page.html]" time="0.001" /><testcase classname="test_85_gabarits_bien_formes" name="test_chaque_commentaire_html_est_ferme_et_ouvert[test_panel/panel.html]" time="0.001" /><testcase classname="test_85_gabarits_bien_formes" name="test_chaque_commentaire_html_est_ferme_et_ouvert[test_panel/patches.html]" time="0.001" /><testcase classname="test_85_gabarits_bien_formes" name="test_chaque_commentaire_html_est_ferme_et_ouvert[time_dashboard.html]" time="0.001" /><testcase classname="test_85_gabarits_bien_formes" name="test_chaque_commentaire_html_est_ferme_et_ouvert[translate_softskills_modal.html]" time="0.001" /><testcase classname="test_85_gabarits_bien_formes" name="test_chaque_commentaire_html_est_ferme_et_ouvert[ui/activities.html]" time="0.001" /><testcase classname="test_85_gabarits_bien_formes" name="test_chaque_commentaire_html_est_ferme_et_ouvert[welcome_popup.html]" time="0.001" /><testcase classname="test_86_examen_et_competences_rh.TestAExaminer" name="test_le_coordinateur_voit_les_propositions_de_toutes_les_cartos" time="0.455" /><testcase classname="test_86_examen_et_competences_rh.TestAExaminer" name="test_ni_les_siennes_ni_les_closes_ni_une_carto_privee" time="0.007" /><testcase classname="test_86_examen_et_competences_rh.TestAExaminer" name="test_qui_ne_valide_pas_n_a_rien_a_examiner[champion]" time="0.003" /><testcase classname="test_86_examen_et_competences_rh.TestAExaminer" name="test_qui_ne_valide_pas_n_a_rien_a_examiner[simple]" time="0.002" /><testcase classname="test_86_examen_et_competences_rh.TestAExaminer" name="test_le_bandeau_de_la_page_carte_pour_qui_valide" time="0.014" /><testcase classname="test_86_examen_et_competences_rh.TestAExaminer" name="test_pas_de_bandeau_pour_qui_ne_valide_pas" time="0.012" /><testcase classname="test_86_examen_et_competences_rh.TestAExaminer" name="test_pas_de_bandeau_quand_rien_n_attend" time="0.011" /><testcase classname="test_86_examen_et_competences_rh.TestAExaminer" name="test_le_detail_dit_si_la_carto_a_bouge_depuis_le_depot" time="0.011" /><testcase classname="test_86_examen_et_competences_rh.TestAExaminer" name="test_un_simple_reenregistrement_n_alerte_pas" time="0.006" /><testcase classname="test_86_examen_et_competences_rh.TestAExaminer" name="test_les_propositions_ont_quitte_la_page_rh" time="0.023" /><testcase classname="test_86_examen_et_competences_rh.TestLeTableauDesDroitsDecide" name="test_confier_l_examen_au_champion_lui_ouvre_le_bandeau" time="0.017" /><testcase classname="test_86_examen_et_competences_rh.TestLeTableauDesDroitsDecide" name="test_retirer_l_examen_au_coordinateur_le_lui_retire" time="0.008" /><testcase classname="test_86_examen_et_competences_rh.TestLeTableauDesDroitsDecide" name="test_retirer_l_enregistrement_direct_fait_proposer_le_coordinateur" time="0.007" /><testcase classname="test_86_examen_et_competences_rh.TestTableauGlobal" name="test_memes_chiffres_que_la_page_competences" time="0.265" /><testcase classname="test_86_examen_et_competences_rh.TestTableauGlobal" name="test_ce_que_dit_chaque_case" time="0.008" /><testcase classname="test_86_examen_et_competences_rh.TestTableauGlobal" name="test_les_colonnes_sont_les_roles_de_l_entreprise" time="0.006" /><testcase classname="test_86_examen_et_competences_rh.TestTableauGlobal" name="test_le_filtre_par_carto" time="0.007" /><testcase classname="test_86_examen_et_competences_rh.TestTableauGlobal" name="test_une_carto_hors_de_portee_est_ignoree" time="0.014" /><testcase classname="test_86_examen_et_competences_rh.TestTableauGlobal" name="test_reserve_a_qui_ouvre_la_page_rh" time="0.002" /><testcase classname="test_86_examen_et_competences_rh.TestTableauGlobal" name="test_le_cout_ne_grandit_pas_avec_l_effectif" time="0.641" /><testcase classname="test_86_examen_et_competences_rh.TestTableauGlobal" name="test_le_bloc_est_dans_la_page_rh" time="0.008" /><testcase classname="test_86_examen_et_competences_rh.TestQuiArbitreLesCompetences" name="test_un_champion_ne_note_pas_quelqu_un_qu_il_n_encadre_pas" time="0.004" /><testcase classname="test_86_examen_et_competences_rh.TestQuiArbitreLesCompetences" name="test_ni_ne_se_decerne_le_niveau_qui_fait_foi" time="0.003" /><testcase classname="test_86_examen_et_competences_rh.TestQuiArbitreLesCompetences" name="test_le_coordinateur_lit_et_note_tout_le_monde" time="0.001" /><testcase classname="test_86_examen_et_competences_rh.TestQuiArbitreLesCompetences" name="test_par_la_route_aussi" time="0.039" /><testcase classname="test_87_fiche_compte.TestLesRolesBougentParPaire" name="test_corriger_un_nom_ne_retire_aucun_role" time="0.664" /><testcase classname="test_87_fiche_compte.TestLesRolesBougentParPaire" name="test_retirer_et_ajouter_ne_touche_que_ce_qui_est_nomme" time="0.016" /><testcase classname="test_87_fiche_compte.TestLesRolesBougentParPaire" name="test_un_role_inconnu_est_refuse_et_rien_ne_bouge" time="0.009" /><testcase classname="test_87_fiche_compte.TestLesRolesBougentParPaire" name="test_un_administrateur_peut_tout_attribuer" time="0.017" /><testcase classname="test_87_fiche_compte.TestLesRolesBougentParPaire" name="test_on_ne_se_donne_pas_de_role" time="0.008" /><testcase classname="test_87_fiche_compte.TestLeNiveauDAcces" name="test_un_admin_ne_change_pas_son_propre_niveau" time="0.008" /><testcase classname="test_87_fiche_compte.TestLeNiveauDAcces" name="test_un_admin_change_celui_des_autres" time="0.007" /><testcase classname="test_87_fiche_compte.TestLaFicheResteOuverte" name="test_un_email_deja_pris" time="0.005" /><testcase classname="test_87_fiche_compte.TestLaFicheResteOuverte" name="test_un_mot_de_passe_trop_court" time="0.005" /><testcase classname="test_87_fiche_compte.TestLaFicheResteOuverte" name="test_un_succes" time="0.006" /><testcase classname="test_87_fiche_compte.TestLaCreation" name="test_plusieurs_roles_d_un_coup" time="0.211" /><testcase classname="test_87_fiche_compte.TestLaCreation" name="test_rien_n_est_cree_a_moitie" time="0.169" /><testcase classname="test_87_fiche_compte.TestLaCreation" name="test_on_ne_cree_pas_au_dessus_de_soi" time="0.004" /><testcase classname="test_87_fiche_compte.TestLaPage" name="test_la_fiche_liste_les_roles_tenus" time="0.014" /><testcase classname="test_87_fiche_compte.TestLaPage" name="test_le_catalogue_propose_les_roles_de_l_entreprise" time="0.023" /><testcase classname="test_88_decision_a_l_auteur.TestLeMotArriveALAuteur" name="test_refusee_avec_son_explication" time="0.319" /><testcase classname="test_88_decision_a_l_auteur.TestLeMotArriveALAuteur" name="test_appliquee_aussi" time="0.014" /><testcase classname="test_88_decision_a_l_auteur.TestLeMotArriveALAuteur" name="test_personne_d_autre_ne_les_voit" time="0.003" /><testcase classname="test_88_decision_a_l_auteur.TestLeMotArriveALAuteur" name="test_on_ne_s_annonce_pas_sa_propre_decision" time="0.006" /><testcase classname="test_88_decision_a_l_auteur.TestLeMotArriveALAuteur" name="test_le_detail_porte_le_mot" time="0.005" /><testcase classname="test_88_decision_a_l_auteur.TestCompris" name="test_un_tiers_ne_marque_rien" time="0.006" /><testcase classname="test_88_decision_a_l_auteur.TestCompris" name="test_l_auteur_ne_les_revoit_plus" time="0.007" /><testcase classname="test_88_decision_a_l_auteur.TestCompris" name="test_la_fenetre_est_sur_toutes_les_pages" time="0.018" /><testcase classname="test_89_libelles_carte_et_editeur.TestAttributsEnDur" name="test_aucun_gabarit_hors_inventaire_ne_porte_d_attribut_en_dur" time="0.008" /><testcase classname="test_89_libelles_carte_et_editeur.TestAttributsEnDur" name="test_la_dette_ne_grandit_pas[chatbot_widget.html]" time="0.000" /><testcase classname="test_89_libelles_carte_et_editeur.TestAttributsEnDur" name="test_la_dette_ne_grandit_pas[import_tasks_modal.html]" time="0.001" /><testcase classname="test_89_libelles_carte_et_editeur.TestAttributsEnDur" name="test_la_dette_ne_grandit_pas[projection_metier.html]" time="0.001" /><testcase classname="test_89_libelles_carte_et_editeur.TestAttributsEnDur" name="test_la_dette_ne_grandit_pas[setup_wizard.html]" time="0.001" /><testcase classname="test_89_libelles_carte_et_editeur.TestAttributsEnDur" name="test_l_inventaire_suit_la_realite" time="0.001" /><testcase classname="test_89_libelles_carte_et_editeur.TestClesDeLEditeur" name="test_toute_cle_litterale_existe_dans_les_deux_langues[editor.js-_L]" time="0.008" /><testcase classname="test_89_libelles_carte_et_editeur.TestClesDeLEditeur" name="test_toute_cle_litterale_existe_dans_les_deux_langues[carto_sharing.js-L]" time="0.001" /><testcase classname="test_89_libelles_carte_et_editeur.TestClesDeLEditeur" name="test_plus_aucun_texte_en_dur_dans_les_fenetres_de_l_editeur" time="0.003" /><testcase classname="test_89_libelles_carte_et_editeur.TestEnAnglais" name="test_la_page_carte_embarque_ses_libelles_anglais" time="0.053" /><testcase classname="test_89_libelles_carte_et_editeur.TestEnAnglais" name="test_l_editeur_n_affiche_plus_d_info_bulle_francaise" time="0.086" /></testsuite></testsuites>